
 Start         Length     Name                   Class
 0001:00401000 000116ACH .text                   CODE
 0002:00413000 000003F0H .itext                  ICODE
 0003:00414000 00000164H .data                   DATA
 0004:00415000 00000058H .bss                    BSS
 0005:00000000 00000000H .tls                    TLS
 0006:00400000 00000000H .pdata                  PDATA


Detailed map of segments

 0001:00000000 000001E8 C=CODE     S=.text    G=(none)   M=System   ACBP=A9
 0001:000001E8 00000CF4 C=CODE     S=.text    G=(none)   M=SysInit  ACBP=A9
 0001:00000EDC 00000008 C=CODE     S=.text    G=(none)   M=System.UITypes ACBP=A9
 0001:00000EE4 00000288 C=CODE     S=.text    G=(none)   M=Winapi.Windows ACBP=A9
 0001:0000116C 00000024 C=CODE     S=.text    G=(none)   M=Winapi.PsAPI ACBP=A9
 0001:00001190 00000008 C=CODE     S=.text    G=(none)   M=System.Character ACBP=A9
 0001:00001198 00000008 C=CODE     S=.text    G=(none)   M=System.Internal.ExcUtils ACBP=A9
 0001:000011A0 00000078 C=CODE     S=.text    G=(none)   M=System.SysUtils ACBP=A9
 0001:00001218 00000008 C=CODE     S=.text    G=(none)   M=System.VarUtils ACBP=A9
 0001:00001220 00000008 C=CODE     S=.text    G=(none)   M=System.Variants ACBP=A9
 0001:00001228 00000008 C=CODE     S=.text    G=(none)   M=System.TypInfo ACBP=A9
 0001:00001230 00000010 C=CODE     S=.text    G=(none)   M=System.Math ACBP=A9
 0001:00001240 00000010 C=CODE     S=.text    G=(none)   M=System.Generics.Defaults ACBP=A9
 0001:00001250 00000010 C=CODE     S=.text    G=(none)   M=System.Rtti ACBP=A9
 0001:00001260 00000008 C=CODE     S=.text    G=(none)   M=System.TimeSpan ACBP=A9
 0001:00001268 00000158 C=CODE     S=.text    G=(none)   M=System.Classes ACBP=A9
 0001:000013C0 00000010 C=CODE     S=.text    G=(none)   M=System.DateUtils ACBP=A9
 0001:000013D0 00000008 C=CODE     S=.text    G=(none)   M=System.IOUtils ACBP=A9
 0001:000013D8 00000008 C=CODE     S=.text    G=(none)   M=System.IniFiles ACBP=A9
 0001:000013E0 00000008 C=CODE     S=.text    G=(none)   M=System.Win.Registry ACBP=A9
 0001:000013E8 00000008 C=CODE     S=.text    G=(none)   M=System.UIConsts ACBP=A9
 0001:000013F0 000000E8 C=CODE     S=.text    G=(none)   M=Vcl.Graphics ACBP=A9
 0001:000014D8 00000008 C=CODE     S=.text    G=(none)   M=System.Messaging ACBP=A9
 0001:000014E0 00000008 C=CODE     S=.text    G=(none)   M=System.Actions ACBP=A9
 0001:000014E8 00000008 C=CODE     S=.text    G=(none)   M=Vcl.ActnList ACBP=A9
 0001:000014F0 00000008 C=CODE     S=.text    G=(none)   M=System.HelpIntfs ACBP=A9
 0001:000014F8 00000008 C=CODE     S=.text    G=(none)   M=System.SyncObjs ACBP=A9
 0001:00001500 00000008 C=CODE     S=.text    G=(none)   M=Winapi.UxTheme ACBP=A9
 0001:00001508 00000008 C=CODE     S=.text    G=(none)   M=Vcl.GraphUtil ACBP=A9
 0001:00001510 000001B8 C=CODE     S=.text    G=(none)   M=Vcl.StdCtrls ACBP=A9
 0001:000016C8 00000008 C=CODE     S=.text    G=(none)   M=Vcl.Clipbrd ACBP=A9
 0001:000016D0 00000008 C=CODE     S=.text    G=(none)   M=Vcl.Printers ACBP=A9
 0001:000016D8 000000C8 C=CODE     S=.text    G=(none)   M=Vcl.ComCtrls ACBP=A9
 0001:000017A0 00000008 C=CODE     S=.text    G=(none)   M=Vcl.Dialogs ACBP=A9
 0001:000017A8 00000030 C=CODE     S=.text    G=(none)   M=Vcl.ExtCtrls ACBP=A9
 0001:000017D8 00000010 C=CODE     S=.text    G=(none)   M=Vcl.Themes ACBP=A9
 0001:000017E8 00000018 C=CODE     S=.text    G=(none)   M=System.AnsiStrings ACBP=A9
 0001:00001800 00000010 C=CODE     S=.text    G=(none)   M=System.Win.ComObj ACBP=A9
 0001:00001810 00000008 C=CODE     S=.text    G=(none)   M=Winapi.FlatSB ACBP=A9
 0001:00001818 00000038 C=CODE     S=.text    G=(none)   M=Vcl.Forms ACBP=A9
 0001:00001850 00000008 C=CODE     S=.text    G=(none)   M=Vcl.Menus ACBP=A9
 0001:00001858 00000068 C=CODE     S=.text    G=(none)   M=Winapi.MsCTF ACBP=A9
 0001:000018C0 00000470 C=CODE     S=.text    G=(none)   M=Vcl.Controls ACBP=A9
 0001:00001D30 00001008 C=CODE     S=.text    G=(none)   M=JLLabel  ACBP=A9
 0001:00002D38 000033F0 C=CODE     S=.text    G=(none)   M=Hemibtn  ACBP=A9
 0001:00006128 00001FC8 C=CODE     S=.text    G=(none)   M=CPDrv    ACBP=A9
 0001:000080F0 00000040 C=CODE     S=.text    G=(none)   M=CPDReg   ACBP=A9
 0001:00008130 00003C74 C=CODE     S=.text    G=(none)   M=Console  ACBP=A9
 0001:0000BDA4 000000D0 C=CODE     S=.text    G=(none)   M=Vcl.Grids ACBP=A9
 0001:0000BE74 00000ED8 C=CODE     S=.text    G=(none)   M=Cologrid ACBP=A9
 0001:0000CD4C 000005C0 C=CODE     S=.text    G=(none)   M=OEdit    ACBP=A9
 0001:0000D30C 00003C4C C=CODE     S=.text    G=(none)   M=Console2 ACBP=A9
 0001:00010F58 00000754 C=CODE     S=.text    G=(none)   M=.zlog_requires ACBP=A9
 0002:00000000 00000008 C=ICODE    S=.itext   G=(none)   M=System   ACBP=A9
 0002:00000008 00000008 C=ICODE    S=.itext   G=(none)   M=SysInit  ACBP=A9
 0002:00000010 00000008 C=ICODE    S=.itext   G=(none)   M=System.UITypes ACBP=A9
 0002:00000018 00000018 C=ICODE    S=.itext   G=(none)   M=Winapi.Windows ACBP=A9
 0002:00000030 00000008 C=ICODE    S=.itext   G=(none)   M=Winapi.PsAPI ACBP=A9
 0002:00000038 00000008 C=ICODE    S=.itext   G=(none)   M=System.Character ACBP=A9
 0002:00000040 00000008 C=ICODE    S=.itext   G=(none)   M=System.Internal.ExcUtils ACBP=A9
 0002:00000048 00000028 C=ICODE    S=.itext   G=(none)   M=System.SysUtils ACBP=A9
 0002:00000070 00000008 C=ICODE    S=.itext   G=(none)   M=System.VarUtils ACBP=A9
 0002:00000078 00000008 C=ICODE    S=.itext   G=(none)   M=System.Variants ACBP=A9
 0002:00000080 00000008 C=ICODE    S=.itext   G=(none)   M=System.TypInfo ACBP=A9
 0002:00000088 00000008 C=ICODE    S=.itext   G=(none)   M=System.Math ACBP=A9
 0002:00000090 00000010 C=ICODE    S=.itext   G=(none)   M=System.Generics.Defaults ACBP=A9
 0002:000000A0 00000010 C=ICODE    S=.itext   G=(none)   M=System.Rtti ACBP=A9
 0002:000000B0 00000008 C=ICODE    S=.itext   G=(none)   M=System.TimeSpan ACBP=A9
 0002:000000B8 00000040 C=ICODE    S=.itext   G=(none)   M=System.Classes ACBP=A9
 0002:000000F8 00000010 C=ICODE    S=.itext   G=(none)   M=System.DateUtils ACBP=A9
 0002:00000108 00000008 C=ICODE    S=.itext   G=(none)   M=System.IOUtils ACBP=A9
 0002:00000110 00000008 C=ICODE    S=.itext   G=(none)   M=System.IniFiles ACBP=A9
 0002:00000118 00000008 C=ICODE    S=.itext   G=(none)   M=System.Win.Registry ACBP=A9
 0002:00000120 00000008 C=ICODE    S=.itext   G=(none)   M=System.UIConsts ACBP=A9
 0002:00000128 00000010 C=ICODE    S=.itext   G=(none)   M=Vcl.Graphics ACBP=A9
 0002:00000138 00000008 C=ICODE    S=.itext   G=(none)   M=System.Messaging ACBP=A9
 0002:00000140 00000008 C=ICODE    S=.itext   G=(none)   M=System.Actions ACBP=A9
 0002:00000148 00000008 C=ICODE    S=.itext   G=(none)   M=Vcl.ActnList ACBP=A9
 0002:00000150 00000008 C=ICODE    S=.itext   G=(none)   M=System.HelpIntfs ACBP=A9
 0002:00000158 00000008 C=ICODE    S=.itext   G=(none)   M=System.SyncObjs ACBP=A9
 0002:00000160 00000008 C=ICODE    S=.itext   G=(none)   M=Winapi.UxTheme ACBP=A9
 0002:00000168 00000008 C=ICODE    S=.itext   G=(none)   M=Vcl.GraphUtil ACBP=A9
 0002:00000170 00000098 C=ICODE    S=.itext   G=(none)   M=Vcl.StdCtrls ACBP=A9
 0002:00000208 00000008 C=ICODE    S=.itext   G=(none)   M=Vcl.Clipbrd ACBP=A9
 0002:00000210 00000008 C=ICODE    S=.itext   G=(none)   M=Vcl.Printers ACBP=A9
 0002:00000218 000000C8 C=ICODE    S=.itext   G=(none)   M=Vcl.ComCtrls ACBP=A9
 0002:000002E0 00000008 C=ICODE    S=.itext   G=(none)   M=Vcl.Dialogs ACBP=A9
 0002:000002E8 00000030 C=ICODE    S=.itext   G=(none)   M=Vcl.ExtCtrls ACBP=A9
 0002:00000318 00000010 C=ICODE    S=.itext   G=(none)   M=Vcl.Themes ACBP=A9
 0002:00000328 00000008 C=ICODE    S=.itext   G=(none)   M=System.AnsiStrings ACBP=A9
 0002:00000330 00000010 C=ICODE    S=.itext   G=(none)   M=System.Win.ComObj ACBP=A9
 0002:00000340 00000008 C=ICODE    S=.itext   G=(none)   M=Winapi.FlatSB ACBP=A9
 0002:00000348 00000020 C=ICODE    S=.itext   G=(none)   M=Vcl.Forms ACBP=A9
 0002:00000368 00000008 C=ICODE    S=.itext   G=(none)   M=Vcl.Menus ACBP=A9
 0002:00000370 00000010 C=ICODE    S=.itext   G=(none)   M=Winapi.MsCTF ACBP=A9
 0002:00000380 00000008 C=ICODE    S=.itext   G=(none)   M=Vcl.Controls ACBP=A9
 0002:00000388 00000008 C=ICODE    S=.itext   G=(none)   M=JLLabel  ACBP=A9
 0002:00000390 00000008 C=ICODE    S=.itext   G=(none)   M=Hemibtn  ACBP=A9
 0002:00000398 00000008 C=ICODE    S=.itext   G=(none)   M=CPDrv    ACBP=A9
 0002:000003A0 00000008 C=ICODE    S=.itext   G=(none)   M=CPDReg   ACBP=A9
 0002:000003A8 00000008 C=ICODE    S=.itext   G=(none)   M=Console  ACBP=A9
 0002:000003B0 00000020 C=ICODE    S=.itext   G=(none)   M=Vcl.Grids ACBP=A9
 0002:000003D0 00000008 C=ICODE    S=.itext   G=(none)   M=Cologrid ACBP=A9
 0002:000003D8 00000008 C=ICODE    S=.itext   G=(none)   M=OEdit    ACBP=A9
 0002:000003E0 00000008 C=ICODE    S=.itext   G=(none)   M=Console2 ACBP=A9
 0002:000003E8 00000008 C=ICODE    S=.itext   G=(none)   M=.zlog_requires ACBP=A9
 0003:00000000 00000088 C=DATA     S=.data    G=DGROUP   M=SysInit  ACBP=A9
 0003:00000088 0000000C C=DATA     S=.data    G=DGROUP   M=Winapi.Windows ACBP=A9
 0003:00000094 00000004 C=DATA     S=.data    G=DGROUP   M=Winapi.MsCTF ACBP=A9
 0003:00000098 0000000C C=DATA     S=.data    G=DGROUP   M=JLLabel  ACBP=A9
 0003:000000A4 0000004C C=DATA     S=.data    G=DGROUP   M=CPDrv    ACBP=A9
 0003:000000F0 00000034 C=DATA     S=.data    G=DGROUP   M=Console  ACBP=A9
 0003:00000124 00000034 C=DATA     S=.data    G=DGROUP   M=Console2 ACBP=A9
 0004:00000000 00000024 C=BSS      S=.bss     G=DGROUP   M=SysInit  ACBP=A9
 0004:00000024 00000008 C=BSS      S=.bss     G=DGROUP   M=Winapi.Windows ACBP=A9
 0004:0000002C 00000008 C=BSS      S=.bss     G=DGROUP   M=Winapi.PsAPI ACBP=A9
 0004:00000034 00000004 C=BSS      S=.bss     G=DGROUP   M=Winapi.MsCTF ACBP=A9
 0004:00000038 00000004 C=BSS      S=.bss     G=DGROUP   M=JLLabel  ACBP=A9
 0004:0000003C 00000004 C=BSS      S=.bss     G=DGROUP   M=Hemibtn  ACBP=A9
 0004:00000040 00000004 C=BSS      S=.bss     G=DGROUP   M=CPDrv    ACBP=A9
 0004:00000044 00000004 C=BSS      S=.bss     G=DGROUP   M=CPDReg   ACBP=A9
 0004:00000048 00000004 C=BSS      S=.bss     G=DGROUP   M=Console  ACBP=A9
 0004:0000004C 00000004 C=BSS      S=.bss     G=DGROUP   M=Cologrid ACBP=A9
 0004:00000050 00000004 C=BSS      S=.bss     G=DGROUP   M=OEdit    ACBP=A9
 0004:00000054 00000004 C=BSS      S=.bss     G=DGROUP   M=Console2 ACBP=A9


  Address             Publics by Name

 0002:000003E8       .zlog_requires..zlog_requires
 0001:0001168C       .zlog_requires.@GetPackageInfoTable
 0001:00011694       .zlog_requires.@PackageLoad
 0001:000116A0       .zlog_requires.@PackageUnload
 0004:0000004C       Cologrid..2
 0001:0000BF60       Cologrid..TMgrid
 0002:000003D0       Cologrid.Cologrid
 0001:0000CD44       Cologrid.Finalization
 0001:0000C734       Cologrid.Register
 0001:0000C8A0       Cologrid.TMgrid.AutoDestroy
 0001:0000C7E8       Cologrid.TMgrid.AutoInitialize
 0001:0000C8C8       Cologrid.TMgrid.Create
 0001:0000C904       Cologrid.TMgrid.Destroy
 0001:0000CA18       Cologrid.TMgrid.DrawCell
 0001:0000C940       Cologrid.TMgrid.DrawCellText
 0001:0000C794       Cologrid.TMgrid.GetPalette
 0001:0000C930       Cologrid.TMgrid.Loaded
 0001:0000C938       Cologrid.TMgrid.Paint
 0001:0000C764       Cologrid.TMgrid.SetBorderBitmap
 0001:0000C7C4       Cologrid.TMgrid.setBorderColor
 0001:0000C7B8       Cologrid.TMgrid.setCellAlignment
 0001:0000C7A0       Cologrid.TMgrid.SetEvenBitmap
 0001:0000C7DC       Cologrid.TMgrid.setEvencolor
 0001:0000C77C       Cologrid.TMgrid.SetOddBitmap
 0001:0000C7D0       Cologrid.TMgrid.setOddColor
 0004:00000048       Console..7
 0001:00008130       Console..EInvalidFont
 0001:00008E94       Console..TAttr
 0001:00008FB0       Console..TAttrManager
 0001:00009280       Console..TColorConsole
 0001:00008500       Console..TConsole
 0001:00008220       Console..TFixedFont
 0001:0000B64C       Console.Check
 0002:000003A8       Console.Console
 0001:0000A9B4       Console.CrtClose
 0001:0000A984       Console.CrtInput
 0001:0000A9B8       Console.CrtOpen
 0001:0000A954       Console.CrtOutput
 0001:0000954C       Console.Exchange
 0001:00009558       Console.FillInt
 0001:0000BD9C       Console.Finalization
 0001:0000AE24       Console.GetNewPos
 0001:0000A274       Console.LineFeed
 0001:00009544       Console.Max
 0001:0000953C       Console.Min
 0003:000000F0       Console.ReadActive
 0001:0000BD38       Console.Register
 0001:0000B7FC       Console.ReplaceAttr
 0001:0000A250       Console.Return
 0003:000000F1       Console.ScrollKeys
 0001:0000B0B4       Console.TAttr.Create
 0001:0000B274       Console.TAttrManager.Allocate
 0001:0000B240       Console.TAttrManager.AllocIndex
 0001:0000B350       Console.TAttrManager.Clear
 0001:0000B15C       Console.TAttrManager.Create
 0001:0000B1A0       Console.TAttrManager.Destroy
 0001:0000B1F0       Console.TAttrManager.FirstFreeIndex
 0001:0000B3D8       Console.TAttrManager.GetAttr
 0001:0000B1D4       Console.TAttrManager.GetCount
 0001:0000B1DC       Console.TAttrManager.InFreeList
 0001:0000B1F4       Console.TAttrManager.NextFreeIndex
 0001:0000B3AC       Console.TAttrManager.Reference
 0001:0000B400       Console.TAttrManager.SetAttr
 0001:0000B20C       Console.TAttrManager.SetFree
 0001:0000B458       Console.TColorConsole.Create
 0001:0000B4A8       Console.TColorConsole.Destroy
 0001:0000B868       Console.TColorConsole.FillAttr
 0001:0000B4F0       Console.TColorConsole.IndexPtr
 0001:0000B99C       Console.TColorConsole.Paint
 0001:0000B518       Console.TColorConsole.ResizeBuffer
 0001:0000B664       Console.TColorConsole.SetMetrics
 0001:0000B960       Console.TColorConsole.WriteBlock
 0001:0000B7C0       Console.TColorConsole.WriteFill
 0001:0000A9EC       Console.TConsole.AssignCrt
 0001:0000A1E4       Console.TConsole.ClrEol
 0001:0000A184       Console.TConsole.ClrScr
 0001:00009DD0       Console.TConsole.CMScrollBy
 0001:0000A038       Console.TConsole.CMTrackCursor
 0001:00009654       Console.TConsole.Create
 0001:000097F8       Console.TConsole.CreateParams
 0001:00009C80       Console.TConsole.CursorTo
 0001:00009808       Console.TConsole.DefaultProcessControlCodes
 0001:00009784       Console.TConsole.Destroy
 0001:0000B07C       Console.TConsole.DoCtrlBreak
 0001:0000AE84       Console.TConsole.DoScroll
 0001:000098AC       Console.TConsole.FontChanged
 0001:00009C78       Console.TConsole.HideCursor
 0001:0000A124       Console.TConsole.InternalClrScr
 0001:0000AF70       Console.TConsole.KeyDown
 0001:0000AF20       Console.TConsole.KeyPress
 0001:0000A6A0       Console.TConsole.KeyPressed
 0001:00009CEC       Console.TConsole.LazyScrollBy
 0001:00009FD8       Console.TConsole.LazyTrackCursor
 0001:000097E4       Console.TConsole.Loaded
 0001:0000B080       Console.TConsole.MouseDown
 0001:0000AC3C       Console.TConsole.Paint
 0001:0000A89C       Console.TConsole.ReadBuf
 0001:0000A6CC       Console.TConsole.ReadKey
 0001:00009A98       Console.TConsole.RecalcSizeAndRange
 0001:0000A198       Console.TConsole.RecalibrateFont
 0001:00009824       Console.TConsole.ResizeBuffer
 0001:00009B58       Console.TConsole.ScreenPtr
 0001:00009DEC       Console.TConsole.ScrollTo
 0001:00009868       Console.TConsole.SetCols
 0001:000098A0       Console.TConsole.SetFont
 0001:00009A4C       Console.TConsole.SetMetrics
 0001:00009B3C       Console.TConsole.SetName
 0001:0000AA30       Console.TConsole.SetOptions
 0001:00009884       Console.TConsole.SetRows
 0001:0000A09C       Console.TConsole.SetScrollbars
 0001:00009C10       Console.TConsole.ShowCursor
 0001:00009B80       Console.TConsole.ShowText
 0001:0000A040       Console.TConsole.TrackCursor
 0001:00009810       Console.TConsole.WMCreate
 0001:0000B074       Console.TConsole.WMEraseBkgnd
 0001:0000B06C       Console.TConsole.WMGetDlgCode
 0001:0000AEF8       Console.TConsole.WMHScroll
 0001:0000B040       Console.TConsole.WMKillFocus
 0001:0000B008       Console.TConsole.WMSetFocus
 0001:0000ADC4       Console.TConsole.WMSize
 0001:0000AF0C       Console.TConsole.WMVScroll
 0001:0000A224       Console.TConsole.WriteBlock
 0001:0000A300       Console.TConsole.WriteBuf
 0001:0000A560       Console.TConsole.WriteChar
 0001:0000A538       Console.TConsole.WriteCodedBuf
 0001:0000A5DC       Console.TConsole.WriteFill
 0001:0000A574       Console.TConsole.WriteString
 0001:000095D4       Console.TFixedFont.Assign
 0001:00009568       Console.TFixedFont.Create
 0001:00009648       Console.TFixedFont.SetBkColor
 0004:00000054       Console2..7
 0001:0000D30C       Console2..EInvalidFont
 0001:0000E07C       Console2..TAttr
 0001:0000E198       Console2..TAttrManager
 0001:0000E468       Console2..TColorConsole2
 0001:0000D6E8       Console2..TConsole2
 0001:0000D400       Console2..TFixedFont_
 0001:00010800       Console2.Check
 0002:000003E0       Console2.Console2
 0001:0000FB64       Console2.CrtClose
 0001:0000FB34       Console2.CrtInput
 0001:0000FB68       Console2.CrtOpen
 0001:0000FB04       Console2.CrtOutput
 0001:0000E738       Console2.Exchange
 0001:0000E744       Console2.FillInt
 0001:00010F50       Console2.Finalization
 0001:0000FFD8       Console2.GetNewPos
 0001:0000F424       Console2.LineFeed
 0001:0000E730       Console2.Max
 0001:0000E728       Console2.Min
 0003:00000124       Console2.ReadActive
 0001:00010EEC       Console2.Register
 0001:000109B0       Console2.ReplaceAttr
 0001:0000F400       Console2.Return
 0003:00000125       Console2.ScrollKeys
 0001:00010268       Console2.TAttr.Create
 0001:00010428       Console2.TAttrManager.Allocate
 0001:000103F4       Console2.TAttrManager.AllocIndex
 0001:00010504       Console2.TAttrManager.Clear
 0001:00010310       Console2.TAttrManager.Create
 0001:00010354       Console2.TAttrManager.Destroy
 0001:000103A4       Console2.TAttrManager.FirstFreeIndex
 0001:0001058C       Console2.TAttrManager.GetAttr
 0001:00010388       Console2.TAttrManager.GetCount
 0001:00010390       Console2.TAttrManager.InFreeList
 0001:000103A8       Console2.TAttrManager.NextFreeIndex
 0001:00010560       Console2.TAttrManager.Reference
 0001:000105B4       Console2.TAttrManager.SetAttr
 0001:000103C0       Console2.TAttrManager.SetFree
 0001:0001060C       Console2.TColorConsole2.Create
 0001:0001065C       Console2.TColorConsole2.Destroy
 0001:00010A1C       Console2.TColorConsole2.FillAttr
 0001:000106A4       Console2.TColorConsole2.IndexPtr
 0001:00010B50       Console2.TColorConsole2.Paint
 0001:000106CC       Console2.TColorConsole2.ResizeBuffer
 0001:00010818       Console2.TColorConsole2.SetMetrics
 0001:00010B14       Console2.TColorConsole2.WriteBlock
 0001:00010974       Console2.TColorConsole2.WriteFill
 0001:0000FB9C       Console2.TConsole2.AssignCrt
 0001:0000F394       Console2.TConsole2.ClrEol
 0001:0000F334       Console2.TConsole2.ClrScr
 0001:0000EFBC       Console2.TConsole2.CMScrollBy
 0001:0000F224       Console2.TConsole2.CMTrackCursor
 0001:0000E840       Console2.TConsole2.Create
 0001:0000E9E4       Console2.TConsole2.CreateParams
 0001:0000EE6C       Console2.TConsole2.CursorTo
 0001:0000E9F4       Console2.TConsole2.DefaultProcessControlCodes
 0001:0000E970       Console2.TConsole2.Destroy
 0001:00010230       Console2.TConsole2.DoCtrlBreak
 0001:00010038       Console2.TConsole2.DoScroll
 0001:0000EA98       Console2.TConsole2.FontChanged
 0001:0000EE64       Console2.TConsole2.HideCursor
 0001:0000F2D4       Console2.TConsole2.InternalClrScr
 0001:00010124       Console2.TConsole2.KeyDown
 0001:000100D4       Console2.TConsole2.KeyPress
 0001:0000F850       Console2.TConsole2.KeyPressed
 0001:0000EED8       Console2.TConsole2.LazyScrollBy
 0001:0000F1C4       Console2.TConsole2.LazyTrackCursor
 0001:0000E9D0       Console2.TConsole2.Loaded
 0001:00010234       Console2.TConsole2.MouseDown
 0001:0000FDF0       Console2.TConsole2.Paint
 0001:0000FA4C       Console2.TConsole2.ReadBuf
 0001:0000F87C       Console2.TConsole2.ReadKey
 0001:0000EC84       Console2.TConsole2.RecalcSizeAndRange
 0001:0000F348       Console2.TConsole2.RecalibrateFont
 0001:0000EA10       Console2.TConsole2.ResizeBuffer
 0001:0000ED44       Console2.TConsole2.ScreenPtr
 0001:0000EFD8       Console2.TConsole2.ScrollTo
 0001:0000EA54       Console2.TConsole2.SetCols
 0001:0000EA8C       Console2.TConsole2.SetFont
 0001:0000EC38       Console2.TConsole2.SetMetrics
 0001:0000ED28       Console2.TConsole2.SetName
 0001:0000FBE0       Console2.TConsole2.SetOptions
 0001:0000EA70       Console2.TConsole2.SetRows
 0001:0000F288       Console2.TConsole2.SetScrollbars
 0001:0000EDFC       Console2.TConsole2.ShowCursor
 0001:0000ED6C       Console2.TConsole2.ShowText
 0001:0000F22C       Console2.TConsole2.TrackCursor
 0001:0000E9FC       Console2.TConsole2.WMCreate
 0001:00010228       Console2.TConsole2.WMEraseBkgnd
 0001:00010220       Console2.TConsole2.WMGetDlgCode
 0001:000100AC       Console2.TConsole2.WMHScroll
 0001:000101F4       Console2.TConsole2.WMKillFocus
 0001:000101BC       Console2.TConsole2.WMSetFocus
 0001:0000FF78       Console2.TConsole2.WMSize
 0001:000100C0       Console2.TConsole2.WMVScroll
 0001:0000F3D4       Console2.TConsole2.WriteBlock
 0001:0000F4B0       Console2.TConsole2.WriteBuf
 0001:0000F710       Console2.TConsole2.WriteChar
 0001:0000F6E8       Console2.TConsole2.WriteCodedBuf
 0001:0000F78C       Console2.TConsole2.WriteFill
 0001:0000F724       Console2.TConsole2.WriteString
 0001:0000E7C0       Console2.TFixedFont_.Assign
 0001:0000E754       Console2.TFixedFont_.Create
 0001:0000E834       Console2.TFixedFont_.SetBkColor
 0004:00000044       CPDReg..1
 0002:000003A0       CPDReg.CPDReg
 0001:00008128       CPDReg.Finalization
 0001:000080F0       CPDReg.Register
 0004:00000040       CPDrv..2
 0001:00006580       CPDrv..TCommPortDriver
 0001:00007328       CPDrv.BaudRateOf
 0002:00000398       CPDrv.CPDrv
 0001:0000733C       CPDrv.DelayForRX
 0001:000080E8       CPDrv.Finalization
 0003:000000E8       CPDrv.funcs
 0003:000000E0       CPDrv.funcs
 0001:00007238       CPDrv.GetWinPlatform
 0001:000072F4       CPDrv.GetWinVersion
 0001:0000787C       CPDrv.TCommPortDriver.ApplyCOMSettings
 0001:00007A04       CPDrv.TCommPortDriver.Connect
 0001:00007AE0       CPDrv.TCommPortDriver.Connected
 0001:00007B70       CPDrv.TCommPortDriver.ContinuePolling
 0001:00007BD4       CPDrv.TCommPortDriver.CountRX
 0001:00007384       CPDrv.TCommPortDriver.Create
 0001:00007494       CPDrv.TCommPortDriver.Destroy
 0001:00007AB0       CPDrv.TCommPortDriver.Disconnect
 0001:00007B78       CPDrv.TCommPortDriver.FlushBuffers
 0001:00007AE8       CPDrv.TCommPortDriver.GetLineStatus
 0001:00007B5C       CPDrv.TCommPortDriver.IsPolling
 0001:00007C0C       CPDrv.TCommPortDriver.OutFreeSpace
 0001:00007B68       CPDrv.TCommPortDriver.PausePolling
 0001:00007E80       CPDrv.TCommPortDriver.ReadByte
 0001:00007EA0       CPDrv.TCommPortDriver.ReadChar
 0001:00007DE4       CPDrv.TCommPortDriver.ReadData
 0001:00007D14       CPDrv.TCommPortDriver.SendByte
 0001:00007D34       CPDrv.TCommPortDriver.SendChar
 0001:00007D04       CPDrv.TCommPortDriver.SendData
 0001:00007C44       CPDrv.TCommPortDriver.SendDataEx
 0001:00007D54       CPDrv.TCommPortDriver.SendString
 0001:00007DC0       CPDrv.TCommPortDriver.SendZString
 0001:00007640       CPDrv.TCommPortDriver.SetBaudRate
 0001:0000766C       CPDrv.TCommPortDriver.SetBaudRateValue
 0001:0000768C       CPDrv.TCommPortDriver.SetDataBits
 0001:000074E0       CPDrv.TCommPortDriver.SetHandle
 0001:000076E0       CPDrv.TCommPortDriver.SetHwFlowControl
 0001:00007718       CPDrv.TCommPortDriver.SetInBufSize
 0001:00007778       CPDrv.TCommPortDriver.SetOutBufSize
 0001:000077AC       CPDrv.TCommPortDriver.SetPacketSize
 0001:000077D0       CPDrv.TCommPortDriver.SetPacketTimeout
 0001:000076C4       CPDrv.TCommPortDriver.SetParity
 0001:00007810       CPDrv.TCommPortDriver.SetPollingDelay
 0001:0000753C       CPDrv.TCommPortDriver.SetPort
 0001:000075E0       CPDrv.TCommPortDriver.SetPortName
 0001:000076A8       CPDrv.TCommPortDriver.SetStopBits
 0001:000076FC       CPDrv.TCommPortDriver.SetSwFlowControl
 0001:00007F10       CPDrv.TCommPortDriver.TimerWndProc
 0001:00007EC0       CPDrv.TCommPortDriver.ToggleDTR
 0001:00007EE8       CPDrv.TCommPortDriver.ToggleRTS
 0003:000000A4       CPDrv.Win32BaudRates
 0004:0000003C       Hemibtn..2
 0001:00002D80       Hemibtn..THemisphereButton
 0001:000039B0       Hemibtn.ArcTan2
 0001:00004B10       Hemibtn.CalcRGBAtten
 0001:0000394C       Hemibtn.Ceil
 0001:00005A48       Hemibtn.CombineImages
 0001:0000555C       Hemibtn.DrawBorders
 0001:00005868       Hemibtn.DrawCaption
 0001:000053BC       Hemibtn.DrawMasks
 0001:00006120       Hemibtn.Finalization
 0001:0000397C       Hemibtn.Floor
 0002:00000390       Hemibtn.Hemibtn
 0001:00005338       Hemibtn.NewBitmap
 0001:00003910       Hemibtn.Register
 0001:00004C54       Hemibtn.SetFacePixel
 0001:000044F8       Hemibtn.SetPixel
 0001:000045AC       Hemibtn.SetPixel4Way
 0001:00004824       Hemibtn.SetPixelNWay
 0001:00005DE0       Hemibtn.THemisphereButton.CalcImages
 0001:000039D4       Hemibtn.THemisphereButton.Create
 0001:00003BF8       Hemibtn.THemisphereButton.DefineProperties
 0001:00003B14       Hemibtn.THemisphereButton.Destroy
 0001:0000424C       Hemibtn.THemisphereButton.InsideEllipse
 0001:000042DC       Hemibtn.THemisphereButton.MouseDown
 0001:00004378       Hemibtn.THemisphereButton.MouseMove
 0001:000043D8       Hemibtn.THemisphereButton.MouseUp
 0001:00005F34       Hemibtn.THemisphereButton.Paint
 0001:00003BD0       Hemibtn.THemisphereButton.ReadGlyphValid
 0001:00003B94       Hemibtn.THemisphereButton.ReadImageGlyph
 0001:00003B70       Hemibtn.THemisphereButton.ReadImageIn
 0001:00003B88       Hemibtn.THemisphereButton.ReadImageMask
 0001:00003B7C       Hemibtn.THemisphereButton.ReadImageOut
 0001:0000487C       Hemibtn.THemisphereButton.RenderBorder
 0001:00004FE4       Hemibtn.THemisphereButton.RenderButtonFaces
 0001:00003D38       Hemibtn.THemisphereButton.SetAllowAllUp
 0001:00003DBC       Hemibtn.THemisphereButton.SetAttenControl
 0001:00003E2C       Hemibtn.THemisphereButton.SetBevelInner
 0001:00003E50       Hemibtn.THemisphereButton.SetBevelOuter
 0001:00003E00       Hemibtn.THemisphereButton.SetBevelWidth
 0001:00003E74       Hemibtn.THemisphereButton.SetBorderColor
 0001:00003E98       Hemibtn.THemisphereButton.SetBorderStyle
 0001:00003EBC       Hemibtn.THemisphereButton.SetBounds
 0001:00003F20       Hemibtn.THemisphereButton.SetCaption
 0001:00003F94       Hemibtn.THemisphereButton.SetDown
 0001:00003FAC       Hemibtn.THemisphereButton.SetFaceColor
 0001:00004000       Hemibtn.THemisphereButton.SetFaceShaded
 0001:00004024       Hemibtn.THemisphereButton.SetFaceTransparent
 0001:00004048       Hemibtn.THemisphereButton.SetFont
 0001:0000406C       Hemibtn.THemisphereButton.SetGlyph
 0001:00004184       Hemibtn.THemisphereButton.SetGlyphIndex
 0001:000041BC       Hemibtn.THemisphereButton.SetGlyphMapped
 0001:000041E0       Hemibtn.THemisphereButton.SetGlyphShaded
 0001:00004204       Hemibtn.THemisphereButton.SetGlyphTransparent
 0001:00004228       Hemibtn.THemisphereButton.SetNumGlyphs
 0001:00003BE8       Hemibtn.THemisphereButton.WriteGlyphValid
 0001:00003BC4       Hemibtn.THemisphereButton.WriteImageGlyph
 0001:00003BA0       Hemibtn.THemisphereButton.WriteImageIn
 0001:00003BB8       Hemibtn.THemisphereButton.WriteImageMask
 0001:00003BAC       Hemibtn.THemisphereButton.WriteImageOut
 0004:00000038       JLLabel..2
 0001:00001D74       JLLabel..TRotateLabel
 0003:00000098       JLLabel.Alignments
 0001:00002D30       JLLabel.Finalization
 0002:00000388       JLLabel.JLLabel
 0001:00002480       JLLabel.Register
 0001:00002614       JLLabel.TRotateLabel.CalcTextPos
 0001:000024B8       JLLabel.TRotateLabel.Create
 0001:00002AE4       JLLabel.TRotateLabel.DoDrawText
 0001:00002A18       JLLabel.TRotateLabel.DrawAngleText
 0001:0000258C       JLLabel.TRotateLabel.Paint
 0001:00002524       JLLabel.TRotateLabel.SetEscapement
 0001:00002574       JLLabel.TRotateLabel.SetTextStyle
 0003:0000009E       JLLabel.WordWraps
 0004:00000050       OEdit..2
 0001:0000CD90       OEdit..TOvrEdit
 0001:0000D304       OEdit.Finalization
 0002:000003D8       OEdit.OEdit
 0001:0000D0B8       OEdit.Register
 0001:0000D0F0       OEdit.TOvrEdit.Create
 0001:0000D12C       OEdit.TOvrEdit.Destroy
 0001:0000D214       OEdit.TOvrEdit.GetInsertKeyState
 0001:0000D150       OEdit.TOvrEdit.KeyDown
 0001:0000D1CC       OEdit.TOvrEdit.KeyPress
 0001:0000D228       OEdit.TOvrEdit.WMChar
 0001:00000DE4       SysInit...
 0001:00000DC4       SysInit...
 0001:00000EBC       SysInit...
 0001:00000EAC       SysInit...
 0001:00000DF4       SysInit...
 0001:00000E88       SysInit...
 0001:00000E04       SysInit...
 0001:00000E60       SysInit...
 0001:00000E18       SysInit...
 0001:00000E48       SysInit...
 0001:00000DD4       SysInit...
 0003:00000034       SysInit...
 0001:00000DB4       SysInit...
 0004:00000018       SysInit..1
 0001:00000880       SysInit.@InitPkg
 0001:000008EC       SysInit.@PackageLoad
 0001:000008F8       SysInit.@PackageUnload
 0001:00000360       SysInit.@_dbkDummyProc
 0001:00000364       SysInit.@_dbkFCallArgs
 0001:00000754       SysInit.@_dbk_fcall_wrapper
 0001:00000904       SysInit.@_delayLoadHelper2
 0001:00000BE4       SysInit.@_FUnloadDelayLoadedDLL2
 0001:00000CF4       SysInit.@_HrLoadAllImportsForDll
 0004:00000014       SysInit.@_pfnDliFailureHook2
 0004:00000010       SysInit.@_pfnDliNotifyHook2
 0001:00000250       SysInit.AllocTlsBuffer
 0004:0000000C       SysInit.dbkFCallWrapperAddr
 0001:0000030C       SysInit.ExitProcessTLS
 0001:000002D4       SysInit.ExitThreadTLS
 0001:00000ECC       SysInit.Finalization
 0001:000001F8       SysInit.FreeLibrary
 0001:00000230       SysInit.GetLastError
 0001:00000248       SysInit.GetProcAddress
 0001:0000025C       SysInit.GetTlsSize
 0004:00000004       SysInit.HInstance
 0001:00000330       SysInit.InitializeModule
 0001:000002A8       SysInit.InitProcessTLS
 0001:00000264       SysInit.InitThreadTLS
 0001:000001E8       SysInit.InterlockedExchange
 0001:00000238       SysInit.LoadLibraryA
 0001:00000200       SysInit.LocalAlloc
 0001:00000208       SysInit.LocalFree
 0003:00000008       SysInit.Module
 0004:00000000       SysInit.ModuleIsLib
 0004:00000001       SysInit.ModuleIsPackage
 0003:00000004       SysInit.PtrToNil
 0001:00000240       SysInit.RaiseException
 0001:00000DAC       SysInit.ShutdownDelayHelp2
 0002:00000008       SysInit.SysInit
 0001:00000210       SysInit.TlsAlloc
 0004:0000001C       SysInit.tlsBuffer
 0001:00000218       SysInit.TlsFree
 0001:00000220       SysInit.TlsGetValue
 0003:00000000       SysInit.TlsIndex
 0005:00000000       SysInit.TlsLast
 0003:00000024       SysInit.TlsProc
 0001:00000228       SysInit.TlsSetValue
 0001:0000033C       SysInit.UninitializeModule
 0004:00000020       SysInit.UseTlsAPI
 0004:FFFEB000       SysInit.__ImageBase
 0001:000000F8       System.@AfterConstruction
 0001:000000A8       System.@AsClass
 0001:00000100       System.@BeforeDestruction
 0001:000000B0       System.@CallDynaInst
 0001:000000E8       System.@ClassCreate
 0001:000000F0       System.@ClassDestroy
 0001:00000060       System.@Close
 0001:00000128       System.@DoneExcept
 0001:00000068       System.@FillChar
 0001:00000008       System.@FreeMem
 0001:00000108       System.@HandleAnyException
 0001:00000110       System.@HandleFinally
 0001:000000A0       System.@IsClass
 0001:00000168       System.@LStrAddRef
 0001:00000150       System.@LStrClr
 0001:000001A0       System.@LStrFromUStr
 0001:00000180       System.@LStrLen
 0001:00000198       System.@LStrToPChar
 0001:00000130       System.@PackageLoad
 0001:00000138       System.@PackageUnload
 0001:00000188       System.@PCharLen
 0001:00000120       System.@RaiseAgain
 0001:00000118       System.@RaiseExcept
 0001:00000050       System.@ResetText
 0001:00000058       System.@RewritText
 0001:00000040       System.@ROUND
 0001:00000140       System.@RunError
 0001:00000048       System.@TRUNC
 0001:00000190       System.@UniqueStringA
 0001:00000160       System.@UStrAddRef
 0001:00000158       System.@UStrArrayClr
 0001:00000170       System.@UStrAsg
 0001:000001B8       System.@UStrCat
 0001:000001C0       System.@UStrCatN
 0001:00000148       System.@UStrClr
 0001:000001C8       System.@UStrEqual
 0001:000001B0       System.@UStrFromWArray
 0001:00000178       System.@UStrLen
 0001:000001A8       System.@UStrToPWChar
 0001:00000010       System.@_IOTest
 0001:00000000       System.AllocMem
 0001:00000028       System.Cos
 0001:000001E0       System.Finalization
 0001:00000020       System.Frac
 0001:00000018       System.Move
 0001:000001D0       System.RegisterModule
 0001:00000030       System.Sin
 0001:00000038       System.Sqrt
 0002:00000000       System.System
 0001:000000D0       System.TObject.AfterConstruction
 0001:000000D8       System.TObject.BeforeDestruction
 0001:00000080       System.TObject.Create
 0001:000000C8       System.TObject.DefaultHandler
 0001:000000E0       System.TObject.Dispatch
 0001:00000090       System.TObject.Equals
 0001:00000088       System.TObject.Free
 0001:00000078       System.TObject.FreeInstance
 0001:00000098       System.TObject.GetHashCode
 0001:00000070       System.TObject.NewInstance
 0001:000000B8       System.TObject.SafeCallException
 0001:000000C0       System.TObject.ToString
 0001:000001D8       System.UnregisterModule
 0001:000014E0       System.Actions.Finalization
 0002:00000140       System.Actions.System.Actions
 0001:000017E8       System.AnsiStrings.AnsiStrAlloc
 0001:000017F8       System.AnsiStrings.Finalization
 0001:000017F0       System.AnsiStrings.StrDispose
 0002:00000328       System.AnsiStrings.System.AnsiStrings
 0001:00001190       System.Character.Finalization
 0002:00000038       System.Character.System.Character
 0001:00001388       System.Classes.AllocateHWnd
 0001:00001390       System.Classes.DeallocateHWnd
 0001:000013B8       System.Classes.Finalization
 0001:00001270       System.Classes.Rect
 0001:00001278       System.Classes.RegisterClasses
 0001:00001280       System.Classes.RegisterComponents
 0002:000000F0       System.Classes.System.Classes
 0002:000000E8       System.Classes.TBaseAsyncResult.Create@
 0001:000013B0       System.Classes.TBaseAsyncResult.Destroy@
 0002:000000C0       System.Classes.TBinaryWriter.Create@
 0001:00001398       System.Classes.TBinaryWriter.Destroy@
 0001:000012F8       System.Classes.TComponent.AsyncSchedule
 0001:00001300       System.Classes.TComponent.BeforeDestruction
 0001:00001360       System.Classes.TComponent.CanObserve
 0001:000012E8       System.Classes.TComponent.Create
 0002:000000D8       System.Classes.TComponent.Create@
 0001:00001310       System.Classes.TComponent.DefineProperties
 0001:000012F0       System.Classes.TComponent.Destroy
 0001:00001268       System.Classes.TComponent.Destroy@
 0001:00001340       System.Classes.TComponent.GetComponent
 0001:00001348       System.Classes.TComponent.GetComponentCount
 0001:00001350       System.Classes.TComponent.GetObservers
 0001:00001318       System.Classes.TComponent.Loaded
 0001:00001308       System.Classes.TComponent.Notification
 0001:00001368       System.Classes.TComponent.ObserverAdded
 0001:00001380       System.Classes.TComponent.QueryInterface
 0001:00001320       System.Classes.TComponent.ReadState
 0001:00001370       System.Classes.TComponent.SafeCallException
 0001:00001338       System.Classes.TComponent.SetName
 0001:00001358       System.Classes.TComponent.UpdateAction
 0001:00001378       System.Classes.TComponent.UpdateRegistry
 0001:00001330       System.Classes.TComponent.ValidateRename
 0001:00001328       System.Classes.TComponent.WriteState
 0002:000000C8       System.Classes.TFieldsCache.Create@
 0001:00001288       System.Classes.TFieldsCache.Destroy@
 0001:00001290       System.Classes.TList.Add
 0001:00001298       System.Classes.TList.Expand
 0001:000012A0       System.Classes.TList.Get
 0001:000012A8       System.Classes.TList.Put
 0002:000000E0       System.Classes.TLoginCredentialService.Create@
 0001:000013A0       System.Classes.TLoginCredentialService.Destroy@
 0002:000000B8       System.Classes.TObserverMapping.Create@
 0001:000013A8       System.Classes.TObserverMapping.Destroy@
 0001:000012B8       System.Classes.TPersistent.Assign
 0001:000012C0       System.Classes.TPersistent.AssignTo
 0001:000012C8       System.Classes.TPersistent.DefineProperties
 0001:000012B0       System.Classes.TPersistent.Destroy
 0001:000012D0       System.Classes.TReader.ReadBoolean
 0002:000000D0       System.Classes.TThread.Create@
 0001:000012E0       System.Classes.TThread.Destroy@
 0001:000012D8       System.Classes.TWriter.WriteBoolean
 0001:000013C8       System.DateUtils.Finalization
 0002:00000100       System.DateUtils.System.DateUtils
 0002:000000F8       System.DateUtils.TTimeZone.Create@
 0001:000013C0       System.DateUtils.TTimeZone.Destroy@
 0002:00000098       System.Generics.Defaults.TIStringComparer.Create@
 0001:00001248       System.Generics.Defaults.TIStringComparer.Destroy@
 0002:00000090       System.Generics.Defaults.TStringComparer.Create@
 0001:00001240       System.Generics.Defaults.TStringComparer.Destroy@
 0001:000014F0       System.HelpIntfs.Finalization
 0002:00000150       System.HelpIntfs.System.HelpIntfs
 0001:000013D8       System.IniFiles.Finalization
 0002:00000110       System.IniFiles.System.IniFiles
 0001:00001198       System.Internal.ExcUtils.Finalization
 0002:00000040       System.Internal.ExcUtils.System.Internal.ExcUtils
 0002:00000108       System.IOUtils.TPath.Create@
 0001:000013D0       System.IOUtils.TPath.Destroy@
 0001:00001230       System.Math.ArcTan2
 0001:00001238       System.Math.Finalization
 0002:00000088       System.Math.System.Math
 0002:00000138       System.Messaging.TMessageManager.Create@
 0001:000014D8       System.Messaging.TMessageManager.UnInitialize@
 0001:00001258       System.Rtti.Finalization
 0002:000000A8       System.Rtti.System.Rtti
 0002:000000A0       System.Rtti.TValue.Create@
 0001:00001250       System.Rtti.TValue.Destroy@
 0001:000014F8       System.SyncObjs.Finalization
 0002:00000158       System.SyncObjs.System.SyncObjs
 0001:000011C8       System.SysUtils.Exception.Create
 0002:00000058       System.SysUtils.Exception.Create@
 0001:000011D0       System.SysUtils.Exception.Destroy
 0001:000011F0       System.SysUtils.Exception.Destroy@
 0001:000011D8       System.SysUtils.Exception.GetBaseException
 0001:000011E0       System.SysUtils.Exception.RaisingException
 0001:000011E8       System.SysUtils.Exception.ToString
 0001:00001210       System.SysUtils.Finalization
 0001:000011C0       System.SysUtils.Format
 0001:00001200       System.SysUtils.SafeLoadLibrary
 0001:000011B8       System.SysUtils.StrAlloc
 0001:000011A8       System.SysUtils.StrLen
 0001:000011B0       System.SysUtils.StrPCopy
 0002:00000068       System.SysUtils.System.SysUtils
 0002:00000050       System.SysUtils.TEncoding.Create@
 0001:00001208       System.SysUtils.TEncoding.Destroy@
 0002:00000048       System.SysUtils.TLanguages.Create@
 0001:000011F8       System.SysUtils.TLanguages.Destroy@
 0002:00000060       System.SysUtils.TOSVersion.Create@
 0001:000011A0       System.SysUtils.TOSVersion.Destroy@
 0002:000000B0       System.TimeSpan.TTimeSpan.Create@
 0001:00001260       System.TimeSpan.TTimeSpan.Destroy@
 0001:00001228       System.TypInfo.Finalization
 0002:00000080       System.TypInfo.System.TypInfo
 0001:000013E8       System.UIConsts.Finalization
 0002:00000120       System.UIConsts.System.UIConsts
 0001:00000EDC       System.UITypes.Finalization
 0002:00000010       System.UITypes.System.UITypes
 0001:00001220       System.Variants.Finalization
 0002:00000078       System.Variants.System.Variants
 0001:00001218       System.VarUtils.Finalization
 0002:00000070       System.VarUtils.System.VarUtils
 0001:00001808       System.Win.ComObj.Finalization
 0002:00000338       System.Win.ComObj.System.Win.ComObj
 0002:00000330       System.Win.ComObj.TComServerObject.Create@
 0001:00001800       System.Win.ComObj.TComServerObject.Destroy@
 0002:00000118       System.Win.Registry.TRegistry.Create@
 0001:000013E0       System.Win.Registry.TRegistry.Destroy@
 0001:000014E8       Vcl.ActnList.Finalization
 0002:00000148       Vcl.ActnList.Vcl.ActnList
 0001:000016C8       Vcl.Clipbrd.Finalization
 0002:00000208       Vcl.Clipbrd.Vcl.Clipbrd
 0001:00001798       Vcl.ComCtrls.Finalization
 0002:000002C0       Vcl.ComCtrls.TComboBoxEx.Create@
 0001:00001780       Vcl.ComCtrls.TComboBoxEx.Destroy@
 0002:000002A0       Vcl.ComCtrls.TCoolBar.Create@
 0001:00001760       Vcl.ComCtrls.TCoolBar.Destroy@
 0002:000002B8       Vcl.ComCtrls.TCustomComboBoxEx.Create@
 0001:00001778       Vcl.ComCtrls.TCustomComboBoxEx.Destroy@
 0002:00000230       Vcl.ComCtrls.TCustomHeaderControl.Create@
 0001:000016F0       Vcl.ComCtrls.TCustomHeaderControl.Destroy@
 0002:00000278       Vcl.ComCtrls.TCustomHotKey.Create@
 0001:00001738       Vcl.ComCtrls.TCustomHotKey.Destroy@
 0002:00000288       Vcl.ComCtrls.TCustomListView.Create@
 0001:00001748       Vcl.ComCtrls.TCustomListView.Destroy@
 0002:00000258       Vcl.ComCtrls.TCustomRichEdit.Create@
 0001:00001718       Vcl.ComCtrls.TCustomRichEdit.Destroy@
 0002:00000228       Vcl.ComCtrls.TCustomStatusBar.Create@
 0001:000016E8       Vcl.ComCtrls.TCustomStatusBar.Destroy@
 0002:00000218       Vcl.ComCtrls.TCustomTabControl.Create@
 0001:000016D8       Vcl.ComCtrls.TCustomTabControl.Destroy@
 0002:00000238       Vcl.ComCtrls.TCustomTreeView.Create@
 0001:000016F8       Vcl.ComCtrls.TCustomTreeView.Destroy@
 0002:00000268       Vcl.ComCtrls.TCustomUpDown.Create@
 0001:00001728       Vcl.ComCtrls.TCustomUpDown.Destroy@
 0002:000002A8       Vcl.ComCtrls.TDateTimePicker.Create@
 0001:00001768       Vcl.ComCtrls.TDateTimePicker.Destroy@
 0002:000002D0       Vcl.ComCtrls.THeaderControl.Create@
 0001:00001790       Vcl.ComCtrls.THeaderControl.Destroy@
 0002:00000280       Vcl.ComCtrls.THotKey.Create@
 0001:00001740       Vcl.ComCtrls.THotKey.Destroy@
 0002:00000290       Vcl.ComCtrls.TListView.Create@
 0001:00001750       Vcl.ComCtrls.TListView.Destroy@
 0002:000002B0       Vcl.ComCtrls.TPageScroller.Create@
 0001:00001770       Vcl.ComCtrls.TPageScroller.Destroy@
 0002:00000250       Vcl.ComCtrls.TProgressBar.Create@
 0001:00001710       Vcl.ComCtrls.TProgressBar.Destroy@
 0002:00000260       Vcl.ComCtrls.TRichEdit.Create@
 0001:00001720       Vcl.ComCtrls.TRichEdit.Destroy@
 0002:000002C8       Vcl.ComCtrls.TStatusBar.Create@
 0001:00001788       Vcl.ComCtrls.TStatusBar.Destroy@
 0002:00000220       Vcl.ComCtrls.TTabControl.Create@
 0001:000016E0       Vcl.ComCtrls.TTabControl.Destroy@
 0002:00000298       Vcl.ComCtrls.TToolBar.Create@
 0001:00001758       Vcl.ComCtrls.TToolBar.Destroy@
 0002:00000248       Vcl.ComCtrls.TTrackBar.Create@
 0001:00001708       Vcl.ComCtrls.TTrackBar.Destroy@
 0002:00000240       Vcl.ComCtrls.TTreeView.Create@
 0001:00001700       Vcl.ComCtrls.TTreeView.Destroy@
 0002:00000270       Vcl.ComCtrls.TUpDown.Create@
 0001:00001730       Vcl.ComCtrls.TUpDown.Destroy@
 0002:000002D8       Vcl.ComCtrls.Vcl.ComCtrls
 0001:00001D28       Vcl.Controls.Finalization
 0001:00001AC8       Vcl.Controls.TControl.AssignTo
 0001:00001A90       Vcl.Controls.TControl.AsyncSchedule
 0001:00001A48       Vcl.Controls.TControl.CanAutoSize
 0001:00001A50       Vcl.Controls.TControl.CanResize
 0001:00001A58       Vcl.Controls.TControl.ConstrainedResize
 0001:00001A88       Vcl.Controls.TControl.CreateTouchManager
 0001:00001A70       Vcl.Controls.TControl.DefaultHandler
 0001:00001940       Vcl.Controls.TControl.DefaultScalingFlags
 0001:00001A78       Vcl.Controls.TControl.DefineProperties
 0001:00001A38       Vcl.Controls.TControl.DoGesture
 0001:00001A40       Vcl.Controls.TControl.DoGetGestureOptions
 0001:000018D0       Vcl.Controls.TControl.GetAction
 0001:00001B00       Vcl.Controls.TControl.GetAllocatedWindowHandle
 0001:00001930       Vcl.Controls.TControl.GetClientHeight
 0001:00001938       Vcl.Controls.TControl.GetClientOrigin
 0001:00001920       Vcl.Controls.TControl.GetClientRect
 0001:00001928       Vcl.Controls.TControl.GetClientWidth
 0001:00001958       Vcl.Controls.TControl.GetCurrentPPI
 0001:00001948       Vcl.Controls.TControl.GetDesignDpi
 0001:00001A10       Vcl.Controls.TControl.GetDeviceContext
 0001:00001950       Vcl.Controls.TControl.GetDPIForDesigner
 0001:000018C0       Vcl.Controls.TControl.GetDragImages
 0001:000018E8       Vcl.Controls.TControl.GetDragMode
 0001:000018C8       Vcl.Controls.TControl.GetEnabled
 0001:00001AD0       Vcl.Controls.TControl.GetFloating
 0001:00001AD8       Vcl.Controls.TControl.GetFloatingDockSiteClass
 0001:00001960       Vcl.Controls.TControl.GetParentCurrentDpi
 0001:00001B10       Vcl.Controls.TControl.GetStyleName
 0001:00001B08       Vcl.Controls.TControl.GetSystemMetrics
 0001:000019A8       Vcl.Controls.TControl.GetText
 0001:00001998       Vcl.Controls.TControl.GetTextLen
 0001:00001AE0       Vcl.Controls.TControl.InitiateAction
 0001:00001A18       Vcl.Controls.TControl.Invalidate
 0001:00001A98       Vcl.Controls.TControl.IsCaptionStored
 0001:000019F8       Vcl.Controls.TControl.IsColorStored
 0001:00001B18       Vcl.Controls.TControl.IsCustomStyleActive
 0001:00001AA0       Vcl.Controls.TControl.IsEnabledStored
 0001:000019C8       Vcl.Controls.TControl.IsFontStored
 0001:00001AA8       Vcl.Controls.TControl.IsHintStored
 0001:00001B20       Vcl.Controls.TControl.IsLightStyleColor
 0001:00001AB8       Vcl.Controls.TControl.IsOnClickStored
 0001:000019D0       Vcl.Controls.TControl.IsShowHintStored
 0001:00001AB0       Vcl.Controls.TControl.IsVisibleStored
 0001:00001AC0       Vcl.Controls.TControl.Loaded
 0001:00001A80       Vcl.Controls.TControl.MouseDown
 0001:000018F8       Vcl.Controls.TControl.Notification
 0001:00001A60       Vcl.Controls.TControl.Perform
 0001:000018F0       Vcl.Controls.TControl.ReadState
 0001:00001A28       Vcl.Controls.TControl.Refresh
 0001:00001A30       Vcl.Controls.TControl.Repaint
 0001:000018E0       Vcl.Controls.TControl.RequestAlign
 0001:00001968       Vcl.Controls.TControl.ScaleForPPI
 0001:00001900       Vcl.Controls.TControl.SetAlign
 0001:00001970       Vcl.Controls.TControl.SetAutoSize
 0001:000019B8       Vcl.Controls.TControl.SetBiDiMode
 0001:00001908       Vcl.Controls.TControl.SetBounds
 0001:000019F0       Vcl.Controls.TControl.SetColor
 0001:000018D8       Vcl.Controls.TControl.SetDragMode
 0001:00001990       Vcl.Controls.TControl.SetEnabled
 0001:000019C0       Vcl.Controls.TControl.SetFont
 0001:00001918       Vcl.Controls.TControl.SetHeight
 0001:00001978       Vcl.Controls.TControl.SetName
 0001:00001980       Vcl.Controls.TControl.SetParent
 0001:00001A08       Vcl.Controls.TControl.SetParentBiDiMode
 0001:00001A00       Vcl.Controls.TControl.SetParentColor
 0001:000019D8       Vcl.Controls.TControl.SetParentFont
 0001:000019E8       Vcl.Controls.TControl.SetParentShowHint
 0001:000019A0       Vcl.Controls.TControl.SetPopupMenu
 0001:000019E0       Vcl.Controls.TControl.SetShowHint
 0001:00001AF0       Vcl.Controls.TControl.SetStyleElements
 0001:00001AF8       Vcl.Controls.TControl.SetStyleName
 0001:000019B0       Vcl.Controls.TControl.SetText
 0001:00001988       Vcl.Controls.TControl.SetVisible
 0001:00001910       Vcl.Controls.TControl.SetWidth
 0001:00001A20       Vcl.Controls.TControl.Update
 0001:00001AE8       Vcl.Controls.TControl.UpdateStyleElements
 0001:00001A68       Vcl.Controls.TControl.WndProc
 0001:00001D10       Vcl.Controls.TCustomControl.Create
 0001:00001D18       Vcl.Controls.TCustomControl.Destroy
 0001:00001D20       Vcl.Controls.TCustomControl.PaintWindow
 0001:00001D00       Vcl.Controls.TGraphicControl.Create
 0001:00001D08       Vcl.Controls.TGraphicControl.Destroy
 0001:00001B38       Vcl.Controls.TWinControl.AdjustClientRect
 0001:00001B40       Vcl.Controls.TWinControl.AlignControls
 0001:00001CC0       Vcl.Controls.TWinControl.AssignTo
 0001:00001CB8       Vcl.Controls.TWinControl.AsyncSchedule
 0001:00001CC8       Vcl.Controls.TWinControl.CanAutoSize
 0001:00001CA0       Vcl.Controls.TWinControl.CanResize
 0001:00001CA8       Vcl.Controls.TWinControl.ConstrainedResize
 0001:00001B88       Vcl.Controls.TWinControl.CreateHandle
 0001:00001B50       Vcl.Controls.TWinControl.CreateParams
 0001:00001B60       Vcl.Controls.TWinControl.CreateWindowHandle
 0001:00001B58       Vcl.Controls.TWinControl.CreateWnd
 0001:00001B90       Vcl.Controls.TWinControl.CustomAlignInsertBefore
 0001:00001B98       Vcl.Controls.TWinControl.CustomAlignPosition
 0001:00001BB8       Vcl.Controls.TWinControl.DefaultHandler
 0001:00001B68       Vcl.Controls.TWinControl.DefineProperties
 0001:00001B28       Vcl.Controls.TWinControl.Destroy
 0001:00001BA0       Vcl.Controls.TWinControl.DestroyHandle
 0001:00001B80       Vcl.Controls.TWinControl.DestroyWindowHandle
 0001:00001B78       Vcl.Controls.TWinControl.DestroyWnd
 0001:00001CD8       Vcl.Controls.TWinControl.DockReplaceDockClient
 0001:00001B70       Vcl.Controls.TWinControl.DoWritePixelsPerInch
 0001:00001CF8       Vcl.Controls.TWinControl.GetAllocatedWindowHandle
 0001:00001C70       Vcl.Controls.TWinControl.GetClientOrigin
 0001:00001C78       Vcl.Controls.TWinControl.GetClientRect
 0001:00001C68       Vcl.Controls.TWinControl.GetControlExtents
 0001:00001C30       Vcl.Controls.TWinControl.GetDeviceContext
 0001:00001C60       Vcl.Controls.TWinControl.GetDPIForDesigner
 0001:00001C58       Vcl.Controls.TWinControl.GetHandle
 0001:00001C80       Vcl.Controls.TWinControl.GetPixelsPerInch
 0001:00001C98       Vcl.Controls.TWinControl.HandleAllocated
 0001:00001C38       Vcl.Controls.TWinControl.Invalidate
 0001:00001BF8       Vcl.Controls.TWinControl.KeyDown
 0001:00001C00       Vcl.Controls.TWinControl.KeyPress
 0001:00001B48       Vcl.Controls.TWinControl.Notification
 0001:00001BC0       Vcl.Controls.TWinControl.PaintWindow
 0001:00001B30       Vcl.Controls.TWinControl.ReadState
 0001:00001C48       Vcl.Controls.TWinControl.Repaint
 0001:00001BE0       Vcl.Controls.TWinControl.RequestAlign
 0001:00001BF0       Vcl.Controls.TWinControl.ResetIme
 0001:00001C20       Vcl.Controls.TWinControl.ScaleControlsForDpi
 0001:00001C18       Vcl.Controls.TWinControl.ScaleForPPI
 0001:00001C10       Vcl.Controls.TWinControl.SetBounds
 0001:00001C50       Vcl.Controls.TWinControl.SetFocus
 0001:00001BE8       Vcl.Controls.TWinControl.SetIme
 0001:00001CF0       Vcl.Controls.TWinControl.SetParent
 0001:00001CD0       Vcl.Controls.TWinControl.SetParentBackground
 0001:00001BA8       Vcl.Controls.TWinControl.SetParentDoubleBuffered
 0001:00001C88       Vcl.Controls.TWinControl.SetPixelsPerInch
 0001:00001C90       Vcl.Controls.TWinControl.SetTabStop
 0001:00001C28       Vcl.Controls.TWinControl.ShowControl
 0001:00001C40       Vcl.Controls.TWinControl.Update
 0001:00001CE8       Vcl.Controls.TWinControl.UpdateControlOriginalParentSize
 0001:00001CB0       Vcl.Controls.TWinControl.UpdateStyleElements
 0001:00001CE0       Vcl.Controls.TWinControl.UpdateTIPStatus
 0001:00001C08       Vcl.Controls.TWinControl.WMChar
 0001:00001BD8       Vcl.Controls.TWinControl.WMKillFocus
 0001:00001BD0       Vcl.Controls.TWinControl.WMSetFocus
 0001:00001BC8       Vcl.Controls.TWinControl.WMSize
 0001:00001BB0       Vcl.Controls.TWinControl.WndProc
 0002:00000380       Vcl.Controls.Vcl.Controls
 0001:000017A0       Vcl.Dialogs.Finalization
 0002:000002E0       Vcl.Dialogs.Vcl.Dialogs
 0001:000017D0       Vcl.ExtCtrls.Finalization
 0002:000002F8       Vcl.ExtCtrls.TCategoryPanelGroup.Create@
 0001:000017B8       Vcl.ExtCtrls.TCategoryPanelGroup.Destroy@
 0002:000002F0       Vcl.ExtCtrls.TCustomCategoryPanelGroup.Create@
 0001:000017B0       Vcl.ExtCtrls.TCustomCategoryPanelGroup.Destroy@
 0002:00000300       Vcl.ExtCtrls.TCustomLinkLabel.Create@
 0001:000017C0       Vcl.ExtCtrls.TCustomLinkLabel.Destroy@
 0002:000002E8       Vcl.ExtCtrls.TCustomPanel.Create@
 0001:000017A8       Vcl.ExtCtrls.TCustomPanel.Destroy@
 0002:00000308       Vcl.ExtCtrls.TLinkLabel.Create@
 0001:000017C8       Vcl.ExtCtrls.TLinkLabel.Destroy@
 0002:00000310       Vcl.ExtCtrls.Vcl.ExtCtrls
 0001:00001848       Vcl.Forms.Finalization
 0001:00001818       Vcl.Forms.GetParentForm
 0001:00001840       Vcl.Forms.TApplication.HandleMessage
 0001:00001838       Vcl.Forms.TApplication.ProcessMessages
 0002:00000350       Vcl.Forms.TCustomForm.Create@
 0001:00001828       Vcl.Forms.TCustomForm.Destroy@
 0002:00000358       Vcl.Forms.TForm.Create@
 0001:00001830       Vcl.Forms.TForm.Destroy@
 0002:00000348       Vcl.Forms.TScrollBox.Create@
 0001:00001820       Vcl.Forms.TScrollBox.Destroy@
 0002:00000360       Vcl.Forms.Vcl.Forms
 0001:000013F8       Vcl.Graphics.ColorToRGB
 0001:000014D0       Vcl.Graphics.Finalization
 0001:000014C0       Vcl.Graphics.TBitmap.Create
 0001:000014C8       Vcl.Graphics.TBitmap.GetCanvas
 0001:00001470       Vcl.Graphics.TBrush.SetBitmap
 0001:00001478       Vcl.Graphics.TBrush.SetColor
 0001:00001480       Vcl.Graphics.TBrush.SetStyle
 0001:00001498       Vcl.Graphics.TCanvas.CopyRect
 0001:000014B0       Vcl.Graphics.TCanvas.GetHandle
 0001:000014A8       Vcl.Graphics.TCanvas.SetBrush
 0001:000014A0       Vcl.Graphics.TCanvas.SetFont
 0001:000014B8       Vcl.Graphics.TCanvas.SetHandle
 0001:00001488       Vcl.Graphics.TCustomCanvas.TextHeight
 0001:00001490       Vcl.Graphics.TCustomCanvas.TextWidth
 0001:00001418       Vcl.Graphics.TFont.Assign
 0001:00001410       Vcl.Graphics.TFont.Changed
 0001:00001400       Vcl.Graphics.TFont.Create
 0001:00001408       Vcl.Graphics.TFont.Destroy
 0001:00001428       Vcl.Graphics.TFont.GetHandle
 0001:00001438       Vcl.Graphics.TFont.GetName
 0001:00001448       Vcl.Graphics.TFont.GetSize
 0001:00001458       Vcl.Graphics.TFont.GetStyle
 0001:00001420       Vcl.Graphics.TFont.SetColor
 0001:00001430       Vcl.Graphics.TFont.SetHandle
 0001:00001440       Vcl.Graphics.TFont.SetName
 0001:00001450       Vcl.Graphics.TFont.SetSize
 0001:00001460       Vcl.Graphics.TFont.SetStyle
 0001:00001468       Vcl.Graphics.TPen.SetColor
 0002:00000128       Vcl.Graphics.TWICImage.Create@
 0001:000013F0       Vcl.Graphics.TWICImage.Destroy@
 0002:00000130       Vcl.Graphics.Vcl.Graphics
 0001:00001508       Vcl.GraphUtil.Finalization
 0002:00000168       Vcl.GraphUtil.Vcl.GraphUtil
 0002:000003B8       Vcl.Grids.TCustomDrawGrid.Create@
 0001:0000BE3C       Vcl.Grids.TCustomDrawGrid.Destroy@
 0001:0000BE44       Vcl.Grids.TCustomDrawGrid.SelectCell
 0001:0000BE34       Vcl.Grids.TCustomGrid.CalcColWidth
 0001:0000BE14       Vcl.Grids.TCustomGrid.CalcExpandedCellRect
 0001:0000BDD4       Vcl.Grids.TCustomGrid.CalcSizingState
 0001:0000BDAC       Vcl.Grids.TCustomGrid.CanEditShow
 0001:0000BDC4       Vcl.Grids.TCustomGrid.CanObserve
 0002:000003B0       Vcl.Grids.TCustomGrid.Create@
 0001:0000BDF4       Vcl.Grids.TCustomGrid.CreateEditor
 0001:0000BDFC       Vcl.Grids.TCustomGrid.CreateParams
 0001:0000BE04       Vcl.Grids.TCustomGrid.CreateWnd
 0001:0000BDB4       Vcl.Grids.TCustomGrid.DefineProperties
 0001:0000BE24       Vcl.Grids.TCustomGrid.DeleteColumn
 0001:0000BE2C       Vcl.Grids.TCustomGrid.DeleteRow
 0001:0000BDA4       Vcl.Grids.TCustomGrid.Destroy@
 0001:0000BE0C       Vcl.Grids.TCustomGrid.DoGesture
 0001:0000BDE4       Vcl.Grids.TCustomGrid.DrawCellBackground
 0001:0000BDDC       Vcl.Grids.TCustomGrid.DrawCellHighlight
 0001:0000BDCC       Vcl.Grids.TCustomGrid.ObserverAdded
 0001:0000BDBC       Vcl.Grids.TCustomGrid.Paint
 0001:0000BDEC       Vcl.Grids.TCustomGrid.SelectionMoved
 0001:0000BE1C       Vcl.Grids.TCustomGrid.SetStyleElements
 0002:000003C8       Vcl.Grids.TDrawGrid.Create@
 0001:0000BE6C       Vcl.Grids.TDrawGrid.Destroy@
 0001:0000BE4C       Vcl.Grids.TStringGrid.Create
 0002:000003C0       Vcl.Grids.TStringGrid.Create@
 0001:0000BE5C       Vcl.Grids.TStringGrid.Destroy
 0001:0000BE54       Vcl.Grids.TStringGrid.Destroy@
 0001:0000BE64       Vcl.Grids.TStringGrid.GetCells
 0001:00001850       Vcl.Menus.Finalization
 0002:00000368       Vcl.Menus.Vcl.Menus
 0001:000016D0       Vcl.Printers.Finalization
 0002:00000210       Vcl.Printers.Vcl.Printers
 0001:000016C0       Vcl.StdCtrls.Finalization
 0002:000001E0       Vcl.StdCtrls.TButton.Create@
 0001:000016A0       Vcl.StdCtrls.TButton.Destroy@
 0002:000001E8       Vcl.StdCtrls.TCheckBox.Create@
 0001:000016A8       Vcl.StdCtrls.TCheckBox.Destroy@
 0002:000001D8       Vcl.StdCtrls.TComboBox.Create@
 0001:00001698       Vcl.StdCtrls.TComboBox.Destroy@
 0002:00000190       Vcl.StdCtrls.TCustomButton.Create@
 0001:00001650       Vcl.StdCtrls.TCustomButton.Destroy@
 0002:00000198       Vcl.StdCtrls.TCustomCheckBox.Create@
 0001:00001658       Vcl.StdCtrls.TCustomCheckBox.Destroy@
 0002:00000188       Vcl.StdCtrls.TCustomComboBox.Create@
 0001:00001648       Vcl.StdCtrls.TCustomComboBox.Destroy@
 0001:000015F0       Vcl.StdCtrls.TCustomEdit.CanObserve
 0001:000015C8       Vcl.StdCtrls.TCustomEdit.Clear
 0001:00001578       Vcl.StdCtrls.TCustomEdit.Create
 0002:00000178       Vcl.StdCtrls.TCustomEdit.Create@
 0001:00001610       Vcl.StdCtrls.TCustomEdit.CreateParams
 0001:00001618       Vcl.StdCtrls.TCustomEdit.CreateWindowHandle
 0001:00001620       Vcl.StdCtrls.TCustomEdit.CreateWnd
 0001:00001638       Vcl.StdCtrls.TCustomEdit.DefaultHandler
 0001:00001580       Vcl.StdCtrls.TCustomEdit.Destroy@
 0001:00001628       Vcl.StdCtrls.TCustomEdit.DestroyWnd
 0001:00001588       Vcl.StdCtrls.TCustomEdit.DoSetMaxLength
 0001:00001590       Vcl.StdCtrls.TCustomEdit.DoSetTextHint
 0001:000015B0       Vcl.StdCtrls.TCustomEdit.GetSelLength
 0001:000015A0       Vcl.StdCtrls.TCustomEdit.GetSelStart
 0001:000015D8       Vcl.StdCtrls.TCustomEdit.GetSelText
 0001:000015D0       Vcl.StdCtrls.TCustomEdit.GetSelTextBuf
 0001:000015E0       Vcl.StdCtrls.TCustomEdit.KeyDown
 0001:000015E8       Vcl.StdCtrls.TCustomEdit.KeyPress
 0001:000015F8       Vcl.StdCtrls.TCustomEdit.ObserverAdded
 0001:00001600       Vcl.StdCtrls.TCustomEdit.ObserverToggle
 0001:00001598       Vcl.StdCtrls.TCustomEdit.SetAutoSize
 0001:000015B8       Vcl.StdCtrls.TCustomEdit.SetSelLength
 0001:000015A8       Vcl.StdCtrls.TCustomEdit.SetSelStart
 0001:00001608       Vcl.StdCtrls.TCustomEdit.SetSelText
 0001:00001630       Vcl.StdCtrls.TCustomEdit.UpdateEditMargins
 0001:000015C0       Vcl.StdCtrls.TCustomEdit.UpdateTIPStatus
 0002:00000170       Vcl.StdCtrls.TCustomGroupBox.Create@
 0001:00001510       Vcl.StdCtrls.TCustomGroupBox.Destroy@
 0001:00001518       Vcl.StdCtrls.TCustomLabel.Create
 0001:00001520       Vcl.StdCtrls.TCustomLabel.GetLabelText
 0001:00001540       Vcl.StdCtrls.TCustomLabel.GetTransparent
 0001:00001528       Vcl.StdCtrls.TCustomLabel.Loaded
 0001:00001568       Vcl.StdCtrls.TCustomLabel.Notification
 0001:00001530       Vcl.StdCtrls.TCustomLabel.SetAlignment
 0001:00001538       Vcl.StdCtrls.TCustomLabel.SetAutoSize
 0001:00001548       Vcl.StdCtrls.TCustomLabel.SetFocusControl
 0001:00001550       Vcl.StdCtrls.TCustomLabel.SetShowAccelChar
 0001:00001558       Vcl.StdCtrls.TCustomLabel.SetTransparent
 0001:00001560       Vcl.StdCtrls.TCustomLabel.SetWordWrap
 0001:00001570       Vcl.StdCtrls.TCustomLabel.UpdateStyleElements
 0002:000001A8       Vcl.StdCtrls.TCustomListBox.Create@
 0001:00001668       Vcl.StdCtrls.TCustomListBox.Destroy@
 0002:00000180       Vcl.StdCtrls.TCustomMemo.Create@
 0001:00001640       Vcl.StdCtrls.TCustomMemo.Destroy@
 0002:000001B8       Vcl.StdCtrls.TCustomStaticText.Create@
 0001:00001678       Vcl.StdCtrls.TCustomStaticText.Destroy@
 0002:000001C8       Vcl.StdCtrls.TEdit.Create@
 0001:00001688       Vcl.StdCtrls.TEdit.Destroy@
 0002:000001C0       Vcl.StdCtrls.TGroupBox.Create@
 0001:00001680       Vcl.StdCtrls.TGroupBox.Destroy@
 0002:000001F0       Vcl.StdCtrls.TListBox.Create@
 0001:000016B0       Vcl.StdCtrls.TListBox.Destroy@
 0002:000001D0       Vcl.StdCtrls.TMemo.Create@
 0001:00001690       Vcl.StdCtrls.TMemo.Destroy@
 0002:000001A0       Vcl.StdCtrls.TRadioButton.Create@
 0001:00001660       Vcl.StdCtrls.TRadioButton.Destroy@
 0002:000001B0       Vcl.StdCtrls.TScrollBar.Create@
 0001:00001670       Vcl.StdCtrls.TScrollBar.Destroy@
 0002:000001F8       Vcl.StdCtrls.TStaticText.Create@
 0001:000016B8       Vcl.StdCtrls.TStaticText.Destroy@
 0002:00000200       Vcl.StdCtrls.Vcl.StdCtrls
 0002:00000320       Vcl.Themes.TCustomStyleEngine.Create@
 0001:000017E0       Vcl.Themes.TCustomStyleEngine.Destroy@
 0002:00000318       Vcl.Themes.TStyleManager.Create@
 0001:000017D8       Vcl.Themes.TStyleManager.Destroy@
 0001:00001810       Winapi.FlatSB.Finalization
 0002:00000340       Winapi.FlatSB.Winapi.FlatSB
 0004:00000034       Winapi.MsCTF..1
 0001:00001898       Winapi.MsCTF.DoneMSCTF
 0001:000018B0       Winapi.MsCTF.Finalization
 0001:00001858       Winapi.MsCTF.InitMSCTF
 0003:00000094       Winapi.MsCTF.MsCTFHandle
 0002:00000370       Winapi.MsCTF.Winapi.MsCTF
 0004:0000002C       Winapi.PsAPI..1
 0001:0000116C       Winapi.PsAPI.Finalization
 0004:00000030       Winapi.PsAPI.hPSAPI
 0002:00000030       Winapi.PsAPI.Winapi.PsAPI
 0001:00001500       Winapi.UxTheme.Finalization
 0002:00000160       Winapi.UxTheme.Winapi.UxTheme
 0004:00000024       Winapi.Windows..2
 0001:00000F18       Winapi.Windows.ClearCommError
 0001:00000F20       Winapi.Windows.CloseHandle
 0001:00001064       Winapi.Windows.CreateCaret
 0001:00000F28       Winapi.Windows.CreateFile
 0001:00000F90       Winapi.Windows.CreateFontIndirect
 0001:0000106C       Winapi.Windows.DefWindowProc
 0001:00000F98       Winapi.Windows.DeleteObject
 0001:00001074       Winapi.Windows.DestroyCaret
 0001:0000107C       Winapi.Windows.DrawText
 0001:00000F30       Winapi.Windows.EscapeCommFunction
 0001:00000FA0       Winapi.Windows.ExtTextOut
 0001:00000FB0       Winapi.Windows.ExtTextOut
 0001:00000FA8       Winapi.Windows.ExtTextOutA
 0001:0000114C       Winapi.Windows.Finalization
 0001:00000F38       Winapi.Windows.FreeLibrary
 0001:00000FE4       Winapi.Windows.GetClipBox
 0001:00000F40       Winapi.Windows.GetCommModemStatus
 0001:00001084       Winapi.Windows.GetDC
 0001:0000108C       Winapi.Windows.GetKeyState
 0001:00000FEC       Winapi.Windows.GetObject
 0001:00000FF4       Winapi.Windows.GetStockObject
 0001:00001004       Winapi.Windows.GetTextExtentPoint32
 0001:00000FFC       Winapi.Windows.GetTextExtentPoint32
 0001:0000102C       Winapi.Windows.GetTextMetrics
 0001:00000F48       Winapi.Windows.GetTickCount
 0001:00000F50       Winapi.Windows.GetVersionEx
 0004:00000028       Winapi.Windows.HtmlHelpModule
 0001:00001110       Winapi.Windows.InitVersionInfo
 0001:00001094       Winapi.Windows.InvalidateRect
 0001:0000109C       Winapi.Windows.KillTimer
 0001:00001104       Winapi.Windows.MakeLong
 0001:000010A4       Winapi.Windows.MessageBeep
 0001:00000F58       Winapi.Windows.MulDiv
 0001:000010AC       Winapi.Windows.OffsetRect
 0001:000010B4       Winapi.Windows.PeekMessage
 0001:000010BC       Winapi.Windows.PostMessage
 0001:00000F60       Winapi.Windows.PurgeComm
 0001:00000F68       Winapi.Windows.ReadFile
 0001:000010C4       Winapi.Windows.ReleaseDC
 0001:000010CC       Winapi.Windows.ScrollWindowEx
 0001:00001034       Winapi.Windows.SelectObject
 0001:000010D4       Winapi.Windows.SendMessage
 0001:0000103C       Winapi.Windows.SetBkColor
 0001:00001044       Winapi.Windows.SetBkMode
 0001:000010DC       Winapi.Windows.SetCaretPos
 0001:00000F70       Winapi.Windows.SetCommState
 0001:00000F78       Winapi.Windows.SetCommTimeouts
 0001:000010E4       Winapi.Windows.SetScrollPos
 0001:000010EC       Winapi.Windows.SetScrollRange
 0001:0000104C       Winapi.Windows.SetTextAlign
 0001:00001054       Winapi.Windows.SetTextColor
 0001:000010F4       Winapi.Windows.SetTimer
 0001:00000F80       Winapi.Windows.SetupComm
 0001:0000105C       Winapi.Windows.SetViewportOrgEx
 0001:000010FC       Winapi.Windows.ShowCaret
 0003:00000088       Winapi.Windows.Win32MajorVersion
 0003:0000008C       Winapi.Windows.Win32MinorVersion
 0003:00000090       Winapi.Windows.Win32Platform
 0002:00000018       Winapi.Windows.Winapi.Windows
 0001:00000F88       Winapi.Windows.WriteFile


  Address             Publics by Value

 0001:00000000       System.AllocMem
 0001:00000008       System.@FreeMem
 0001:00000010       System.@_IOTest
 0001:00000018       System.Move
 0001:00000020       System.Frac
 0001:00000028       System.Cos
 0001:00000030       System.Sin
 0001:00000038       System.Sqrt
 0001:00000040       System.@ROUND
 0001:00000048       System.@TRUNC
 0001:00000050       System.@ResetText
 0001:00000058       System.@RewritText
 0001:00000060       System.@Close
 0001:00000068       System.@FillChar
 0001:00000070       System.TObject.NewInstance
 0001:00000078       System.TObject.FreeInstance
 0001:00000080       System.TObject.Create
 0001:00000088       System.TObject.Free
 0001:00000090       System.TObject.Equals
 0001:00000098       System.TObject.GetHashCode
 0001:000000A0       System.@IsClass
 0001:000000A8       System.@AsClass
 0001:000000B0       System.@CallDynaInst
 0001:000000B8       System.TObject.SafeCallException
 0001:000000C0       System.TObject.ToString
 0001:000000C8       System.TObject.DefaultHandler
 0001:000000D0       System.TObject.AfterConstruction
 0001:000000D8       System.TObject.BeforeDestruction
 0001:000000E0       System.TObject.Dispatch
 0001:000000E8       System.@ClassCreate
 0001:000000F0       System.@ClassDestroy
 0001:000000F8       System.@AfterConstruction
 0001:00000100       System.@BeforeDestruction
 0001:00000108       System.@HandleAnyException
 0001:00000110       System.@HandleFinally
 0001:00000118       System.@RaiseExcept
 0001:00000120       System.@RaiseAgain
 0001:00000128       System.@DoneExcept
 0001:00000130       System.@PackageLoad
 0001:00000138       System.@PackageUnload
 0001:00000140       System.@RunError
 0001:00000148       System.@UStrClr
 0001:00000150       System.@LStrClr
 0001:00000158       System.@UStrArrayClr
 0001:00000160       System.@UStrAddRef
 0001:00000168       System.@LStrAddRef
 0001:00000170       System.@UStrAsg
 0001:00000178       System.@UStrLen
 0001:00000180       System.@LStrLen
 0001:00000188       System.@PCharLen
 0001:00000190       System.@UniqueStringA
 0001:00000198       System.@LStrToPChar
 0001:000001A0       System.@LStrFromUStr
 0001:000001A8       System.@UStrToPWChar
 0001:000001B0       System.@UStrFromWArray
 0001:000001B8       System.@UStrCat
 0001:000001C0       System.@UStrCatN
 0001:000001C8       System.@UStrEqual
 0001:000001D0       System.RegisterModule
 0001:000001D8       System.UnregisterModule
 0001:000001E0       System.Finalization
 0001:000001E8       SysInit.InterlockedExchange
 0001:000001F8       SysInit.FreeLibrary
 0001:00000200       SysInit.LocalAlloc
 0001:00000208       SysInit.LocalFree
 0001:00000210       SysInit.TlsAlloc
 0001:00000218       SysInit.TlsFree
 0001:00000220       SysInit.TlsGetValue
 0001:00000228       SysInit.TlsSetValue
 0001:00000230       SysInit.GetLastError
 0001:00000238       SysInit.LoadLibraryA
 0001:00000240       SysInit.RaiseException
 0001:00000248       SysInit.GetProcAddress
 0001:00000250       SysInit.AllocTlsBuffer
 0001:0000025C       SysInit.GetTlsSize
 0001:00000264       SysInit.InitThreadTLS
 0001:000002A8       SysInit.InitProcessTLS
 0001:000002D4       SysInit.ExitThreadTLS
 0001:0000030C       SysInit.ExitProcessTLS
 0001:00000330       SysInit.InitializeModule
 0001:0000033C       SysInit.UninitializeModule
 0001:00000360       SysInit.@_dbkDummyProc
 0001:00000364       SysInit.@_dbkFCallArgs
 0001:00000754       SysInit.@_dbk_fcall_wrapper
 0001:00000880       SysInit.@InitPkg
 0001:000008EC       SysInit.@PackageLoad
 0001:000008F8       SysInit.@PackageUnload
 0001:00000904       SysInit.@_delayLoadHelper2
 0001:00000BE4       SysInit.@_FUnloadDelayLoadedDLL2
 0001:00000CF4       SysInit.@_HrLoadAllImportsForDll
 0001:00000DAC       SysInit.ShutdownDelayHelp2
 0001:00000DB4       SysInit...
 0001:00000DC4       SysInit...
 0001:00000DD4       SysInit...
 0001:00000DE4       SysInit...
 0001:00000DF4       SysInit...
 0001:00000E04       SysInit...
 0001:00000E18       SysInit...
 0001:00000E48       SysInit...
 0001:00000E60       SysInit...
 0001:00000E88       SysInit...
 0001:00000EAC       SysInit...
 0001:00000EBC       SysInit...
 0001:00000ECC       SysInit.Finalization
 0001:00000EDC       System.UITypes.Finalization
 0001:00000F18       Winapi.Windows.ClearCommError
 0001:00000F20       Winapi.Windows.CloseHandle
 0001:00000F28       Winapi.Windows.CreateFile
 0001:00000F30       Winapi.Windows.EscapeCommFunction
 0001:00000F38       Winapi.Windows.FreeLibrary
 0001:00000F40       Winapi.Windows.GetCommModemStatus
 0001:00000F48       Winapi.Windows.GetTickCount
 0001:00000F50       Winapi.Windows.GetVersionEx
 0001:00000F58       Winapi.Windows.MulDiv
 0001:00000F60       Winapi.Windows.PurgeComm
 0001:00000F68       Winapi.Windows.ReadFile
 0001:00000F70       Winapi.Windows.SetCommState
 0001:00000F78       Winapi.Windows.SetCommTimeouts
 0001:00000F80       Winapi.Windows.SetupComm
 0001:00000F88       Winapi.Windows.WriteFile
 0001:00000F90       Winapi.Windows.CreateFontIndirect
 0001:00000F98       Winapi.Windows.DeleteObject
 0001:00000FA0       Winapi.Windows.ExtTextOut
 0001:00000FA8       Winapi.Windows.ExtTextOutA
 0001:00000FB0       Winapi.Windows.ExtTextOut
 0001:00000FE4       Winapi.Windows.GetClipBox
 0001:00000FEC       Winapi.Windows.GetObject
 0001:00000FF4       Winapi.Windows.GetStockObject
 0001:00000FFC       Winapi.Windows.GetTextExtentPoint32
 0001:00001004       Winapi.Windows.GetTextExtentPoint32
 0001:0000102C       Winapi.Windows.GetTextMetrics
 0001:00001034       Winapi.Windows.SelectObject
 0001:0000103C       Winapi.Windows.SetBkColor
 0001:00001044       Winapi.Windows.SetBkMode
 0001:0000104C       Winapi.Windows.SetTextAlign
 0001:00001054       Winapi.Windows.SetTextColor
 0001:0000105C       Winapi.Windows.SetViewportOrgEx
 0001:00001064       Winapi.Windows.CreateCaret
 0001:0000106C       Winapi.Windows.DefWindowProc
 0001:00001074       Winapi.Windows.DestroyCaret
 0001:0000107C       Winapi.Windows.DrawText
 0001:00001084       Winapi.Windows.GetDC
 0001:0000108C       Winapi.Windows.GetKeyState
 0001:00001094       Winapi.Windows.InvalidateRect
 0001:0000109C       Winapi.Windows.KillTimer
 0001:000010A4       Winapi.Windows.MessageBeep
 0001:000010AC       Winapi.Windows.OffsetRect
 0001:000010B4       Winapi.Windows.PeekMessage
 0001:000010BC       Winapi.Windows.PostMessage
 0001:000010C4       Winapi.Windows.ReleaseDC
 0001:000010CC       Winapi.Windows.ScrollWindowEx
 0001:000010D4       Winapi.Windows.SendMessage
 0001:000010DC       Winapi.Windows.SetCaretPos
 0001:000010E4       Winapi.Windows.SetScrollPos
 0001:000010EC       Winapi.Windows.SetScrollRange
 0001:000010F4       Winapi.Windows.SetTimer
 0001:000010FC       Winapi.Windows.ShowCaret
 0001:00001104       Winapi.Windows.MakeLong
 0001:00001110       Winapi.Windows.InitVersionInfo
 0001:0000114C       Winapi.Windows.Finalization
 0001:0000116C       Winapi.PsAPI.Finalization
 0001:00001190       System.Character.Finalization
 0001:00001198       System.Internal.ExcUtils.Finalization
 0001:000011A0       System.SysUtils.TOSVersion.Destroy@
 0001:000011A8       System.SysUtils.StrLen
 0001:000011B0       System.SysUtils.StrPCopy
 0001:000011B8       System.SysUtils.StrAlloc
 0001:000011C0       System.SysUtils.Format
 0001:000011C8       System.SysUtils.Exception.Create
 0001:000011D0       System.SysUtils.Exception.Destroy
 0001:000011D8       System.SysUtils.Exception.GetBaseException
 0001:000011E0       System.SysUtils.Exception.RaisingException
 0001:000011E8       System.SysUtils.Exception.ToString
 0001:000011F0       System.SysUtils.Exception.Destroy@
 0001:000011F8       System.SysUtils.TLanguages.Destroy@
 0001:00001200       System.SysUtils.SafeLoadLibrary
 0001:00001208       System.SysUtils.TEncoding.Destroy@
 0001:00001210       System.SysUtils.Finalization
 0001:00001218       System.VarUtils.Finalization
 0001:00001220       System.Variants.Finalization
 0001:00001228       System.TypInfo.Finalization
 0001:00001230       System.Math.ArcTan2
 0001:00001238       System.Math.Finalization
 0001:00001240       System.Generics.Defaults.TStringComparer.Destroy@
 0001:00001248       System.Generics.Defaults.TIStringComparer.Destroy@
 0001:00001250       System.Rtti.TValue.Destroy@
 0001:00001258       System.Rtti.Finalization
 0001:00001260       System.TimeSpan.TTimeSpan.Destroy@
 0001:00001268       System.Classes.TComponent.Destroy@
 0001:00001270       System.Classes.Rect
 0001:00001278       System.Classes.RegisterClasses
 0001:00001280       System.Classes.RegisterComponents
 0001:00001288       System.Classes.TFieldsCache.Destroy@
 0001:00001290       System.Classes.TList.Add
 0001:00001298       System.Classes.TList.Expand
 0001:000012A0       System.Classes.TList.Get
 0001:000012A8       System.Classes.TList.Put
 0001:000012B0       System.Classes.TPersistent.Destroy
 0001:000012B8       System.Classes.TPersistent.Assign
 0001:000012C0       System.Classes.TPersistent.AssignTo
 0001:000012C8       System.Classes.TPersistent.DefineProperties
 0001:000012D0       System.Classes.TReader.ReadBoolean
 0001:000012D8       System.Classes.TWriter.WriteBoolean
 0001:000012E0       System.Classes.TThread.Destroy@
 0001:000012E8       System.Classes.TComponent.Create
 0001:000012F0       System.Classes.TComponent.Destroy
 0001:000012F8       System.Classes.TComponent.AsyncSchedule
 0001:00001300       System.Classes.TComponent.BeforeDestruction
 0001:00001308       System.Classes.TComponent.Notification
 0001:00001310       System.Classes.TComponent.DefineProperties
 0001:00001318       System.Classes.TComponent.Loaded
 0001:00001320       System.Classes.TComponent.ReadState
 0001:00001328       System.Classes.TComponent.WriteState
 0001:00001330       System.Classes.TComponent.ValidateRename
 0001:00001338       System.Classes.TComponent.SetName
 0001:00001340       System.Classes.TComponent.GetComponent
 0001:00001348       System.Classes.TComponent.GetComponentCount
 0001:00001350       System.Classes.TComponent.GetObservers
 0001:00001358       System.Classes.TComponent.UpdateAction
 0001:00001360       System.Classes.TComponent.CanObserve
 0001:00001368       System.Classes.TComponent.ObserverAdded
 0001:00001370       System.Classes.TComponent.SafeCallException
 0001:00001378       System.Classes.TComponent.UpdateRegistry
 0001:00001380       System.Classes.TComponent.QueryInterface
 0001:00001388       System.Classes.AllocateHWnd
 0001:00001390       System.Classes.DeallocateHWnd
 0001:00001398       System.Classes.TBinaryWriter.Destroy@
 0001:000013A0       System.Classes.TLoginCredentialService.Destroy@
 0001:000013A8       System.Classes.TObserverMapping.Destroy@
 0001:000013B0       System.Classes.TBaseAsyncResult.Destroy@
 0001:000013B8       System.Classes.Finalization
 0001:000013C0       System.DateUtils.TTimeZone.Destroy@
 0001:000013C8       System.DateUtils.Finalization
 0001:000013D0       System.IOUtils.TPath.Destroy@
 0001:000013D8       System.IniFiles.Finalization
 0001:000013E0       System.Win.Registry.TRegistry.Destroy@
 0001:000013E8       System.UIConsts.Finalization
 0001:000013F0       Vcl.Graphics.TWICImage.Destroy@
 0001:000013F8       Vcl.Graphics.ColorToRGB
 0001:00001400       Vcl.Graphics.TFont.Create
 0001:00001408       Vcl.Graphics.TFont.Destroy
 0001:00001410       Vcl.Graphics.TFont.Changed
 0001:00001418       Vcl.Graphics.TFont.Assign
 0001:00001420       Vcl.Graphics.TFont.SetColor
 0001:00001428       Vcl.Graphics.TFont.GetHandle
 0001:00001430       Vcl.Graphics.TFont.SetHandle
 0001:00001438       Vcl.Graphics.TFont.GetName
 0001:00001440       Vcl.Graphics.TFont.SetName
 0001:00001448       Vcl.Graphics.TFont.GetSize
 0001:00001450       Vcl.Graphics.TFont.SetSize
 0001:00001458       Vcl.Graphics.TFont.GetStyle
 0001:00001460       Vcl.Graphics.TFont.SetStyle
 0001:00001468       Vcl.Graphics.TPen.SetColor
 0001:00001470       Vcl.Graphics.TBrush.SetBitmap
 0001:00001478       Vcl.Graphics.TBrush.SetColor
 0001:00001480       Vcl.Graphics.TBrush.SetStyle
 0001:00001488       Vcl.Graphics.TCustomCanvas.TextHeight
 0001:00001490       Vcl.Graphics.TCustomCanvas.TextWidth
 0001:00001498       Vcl.Graphics.TCanvas.CopyRect
 0001:000014A0       Vcl.Graphics.TCanvas.SetFont
 0001:000014A8       Vcl.Graphics.TCanvas.SetBrush
 0001:000014B0       Vcl.Graphics.TCanvas.GetHandle
 0001:000014B8       Vcl.Graphics.TCanvas.SetHandle
 0001:000014C0       Vcl.Graphics.TBitmap.Create
 0001:000014C8       Vcl.Graphics.TBitmap.GetCanvas
 0001:000014D0       Vcl.Graphics.Finalization
 0001:000014D8       System.Messaging.TMessageManager.UnInitialize@
 0001:000014E0       System.Actions.Finalization
 0001:000014E8       Vcl.ActnList.Finalization
 0001:000014F0       System.HelpIntfs.Finalization
 0001:000014F8       System.SyncObjs.Finalization
 0001:00001500       Winapi.UxTheme.Finalization
 0001:00001508       Vcl.GraphUtil.Finalization
 0001:00001510       Vcl.StdCtrls.TCustomGroupBox.Destroy@
 0001:00001518       Vcl.StdCtrls.TCustomLabel.Create
 0001:00001520       Vcl.StdCtrls.TCustomLabel.GetLabelText
 0001:00001528       Vcl.StdCtrls.TCustomLabel.Loaded
 0001:00001530       Vcl.StdCtrls.TCustomLabel.SetAlignment
 0001:00001538       Vcl.StdCtrls.TCustomLabel.SetAutoSize
 0001:00001540       Vcl.StdCtrls.TCustomLabel.GetTransparent
 0001:00001548       Vcl.StdCtrls.TCustomLabel.SetFocusControl
 0001:00001550       Vcl.StdCtrls.TCustomLabel.SetShowAccelChar
 0001:00001558       Vcl.StdCtrls.TCustomLabel.SetTransparent
 0001:00001560       Vcl.StdCtrls.TCustomLabel.SetWordWrap
 0001:00001568       Vcl.StdCtrls.TCustomLabel.Notification
 0001:00001570       Vcl.StdCtrls.TCustomLabel.UpdateStyleElements
 0001:00001578       Vcl.StdCtrls.TCustomEdit.Create
 0001:00001580       Vcl.StdCtrls.TCustomEdit.Destroy@
 0001:00001588       Vcl.StdCtrls.TCustomEdit.DoSetMaxLength
 0001:00001590       Vcl.StdCtrls.TCustomEdit.DoSetTextHint
 0001:00001598       Vcl.StdCtrls.TCustomEdit.SetAutoSize
 0001:000015A0       Vcl.StdCtrls.TCustomEdit.GetSelStart
 0001:000015A8       Vcl.StdCtrls.TCustomEdit.SetSelStart
 0001:000015B0       Vcl.StdCtrls.TCustomEdit.GetSelLength
 0001:000015B8       Vcl.StdCtrls.TCustomEdit.SetSelLength
 0001:000015C0       Vcl.StdCtrls.TCustomEdit.UpdateTIPStatus
 0001:000015C8       Vcl.StdCtrls.TCustomEdit.Clear
 0001:000015D0       Vcl.StdCtrls.TCustomEdit.GetSelTextBuf
 0001:000015D8       Vcl.StdCtrls.TCustomEdit.GetSelText
 0001:000015E0       Vcl.StdCtrls.TCustomEdit.KeyDown
 0001:000015E8       Vcl.StdCtrls.TCustomEdit.KeyPress
 0001:000015F0       Vcl.StdCtrls.TCustomEdit.CanObserve
 0001:000015F8       Vcl.StdCtrls.TCustomEdit.ObserverAdded
 0001:00001600       Vcl.StdCtrls.TCustomEdit.ObserverToggle
 0001:00001608       Vcl.StdCtrls.TCustomEdit.SetSelText
 0001:00001610       Vcl.StdCtrls.TCustomEdit.CreateParams
 0001:00001618       Vcl.StdCtrls.TCustomEdit.CreateWindowHandle
 0001:00001620       Vcl.StdCtrls.TCustomEdit.CreateWnd
 0001:00001628       Vcl.StdCtrls.TCustomEdit.DestroyWnd
 0001:00001630       Vcl.StdCtrls.TCustomEdit.UpdateEditMargins
 0001:00001638       Vcl.StdCtrls.TCustomEdit.DefaultHandler
 0001:00001640       Vcl.StdCtrls.TCustomMemo.Destroy@
[...]
 0001:00009868       Console.TConsole.SetCols
 0001:00009884       Console.TConsole.SetRows
 0001:000098A0       Console.TConsole.SetFont
 0001:000098AC       Console.TConsole.FontChanged
 0001:00009A4C       Console.TConsole.SetMetrics
 0001:00009A98       Console.TConsole.RecalcSizeAndRange
 0001:00009B3C       Console.TConsole.SetName
 0001:00009B58       Console.TConsole.ScreenPtr
 0001:00009B80       Console.TConsole.ShowText
 0001:00009C10       Console.TConsole.ShowCursor
 0001:00009C78       Console.TConsole.HideCursor
 0001:00009C80       Console.TConsole.CursorTo
 0001:00009CEC       Console.TConsole.LazyScrollBy
 0001:00009DD0       Console.TConsole.CMScrollBy
 0001:00009DEC       Console.TConsole.ScrollTo
 0001:00009FD8       Console.TConsole.LazyTrackCursor
 0001:0000A038       Console.TConsole.CMTrackCursor
 0001:0000A040       Console.TConsole.TrackCursor
 0001:0000A09C       Console.TConsole.SetScrollbars
 0001:0000A124       Console.TConsole.InternalClrScr
 0001:0000A184       Console.TConsole.ClrScr
 0001:0000A198       Console.TConsole.RecalibrateFont
 0001:0000A1E4       Console.TConsole.ClrEol
 0001:0000A224       Console.TConsole.WriteBlock
 0001:0000A250       Console.Return
 0001:0000A274       Console.LineFeed
 0001:0000A300       Console.TConsole.WriteBuf
 0001:0000A538       Console.TConsole.WriteCodedBuf
 0001:0000A560       Console.TConsole.WriteChar
 0001:0000A574       Console.TConsole.WriteString
 0001:0000A5DC       Console.TConsole.WriteFill
 0001:0000A6A0       Console.TConsole.KeyPressed
 0001:0000A6CC       Console.TConsole.ReadKey
 0001:0000A89C       Console.TConsole.ReadBuf
 0001:0000A954       Console.CrtOutput
 0001:0000A984       Console.CrtInput
 0001:0000A9B4       Console.CrtClose
 0001:0000A9B8       Console.CrtOpen
 0001:0000A9EC       Console.TConsole.AssignCrt
 0001:0000AA30       Console.TConsole.SetOptions
 0001:0000AC3C       Console.TConsole.Paint
 0001:0000ADC4       Console.TConsole.WMSize
 0001:0000AE24       Console.GetNewPos
 0001:0000AE84       Console.TConsole.DoScroll
 0001:0000AEF8       Console.TConsole.WMHScroll
 0001:0000AF0C       Console.TConsole.WMVScroll
 0001:0000AF20       Console.TConsole.KeyPress
 0001:0000AF70       Console.TConsole.KeyDown
 0001:0000B008       Console.TConsole.WMSetFocus
 0001:0000B040       Console.TConsole.WMKillFocus
 0001:0000B06C       Console.TConsole.WMGetDlgCode
 0001:0000B074       Console.TConsole.WMEraseBkgnd
 0001:0000B07C       Console.TConsole.DoCtrlBreak
 0001:0000B080       Console.TConsole.MouseDown
 0001:0000B0B4       Console.TAttr.Create
 0001:0000B15C       Console.TAttrManager.Create
 0001:0000B1A0       Console.TAttrManager.Destroy
 0001:0000B1D4       Console.TAttrManager.GetCount
 0001:0000B1DC       Console.TAttrManager.InFreeList
 0001:0000B1F0       Console.TAttrManager.FirstFreeIndex
 0001:0000B1F4       Console.TAttrManager.NextFreeIndex
 0001:0000B20C       Console.TAttrManager.SetFree
 0001:0000B240       Console.TAttrManager.AllocIndex
 0001:0000B274       Console.TAttrManager.Allocate
 0001:0000B350       Console.TAttrManager.Clear
 0001:0000B3AC       Console.TAttrManager.Reference
 0001:0000B3D8       Console.TAttrManager.GetAttr
 0001:0000B400       Console.TAttrManager.SetAttr
 0001:0000B458       Console.TColorConsole.Create
 0001:0000B4A8       Console.TColorConsole.Destroy
 0001:0000B4F0       Console.TColorConsole.IndexPtr
 0001:0000B518       Console.TColorConsole.ResizeBuffer
 0001:0000B64C       Console.Check
 0001:0000B664       Console.TColorConsole.SetMetrics
 0001:0000B7C0       Console.TColorConsole.WriteFill
 0001:0000B7FC       Console.ReplaceAttr
 0001:0000B868       Console.TColorConsole.FillAttr
 0001:0000B960       Console.TColorConsole.WriteBlock
 0001:0000B99C       Console.TColorConsole.Paint
 0001:0000BD38       Console.Register
 0001:0000BD9C       Console.Finalization
 0001:0000BDA4       Vcl.Grids.TCustomGrid.Destroy@
 0001:0000BDAC       Vcl.Grids.TCustomGrid.CanEditShow
 0001:0000BDB4       Vcl.Grids.TCustomGrid.DefineProperties
 0001:0000BDBC       Vcl.Grids.TCustomGrid.Paint
 0001:0000BDC4       Vcl.Grids.TCustomGrid.CanObserve
 0001:0000BDCC       Vcl.Grids.TCustomGrid.ObserverAdded
 0001:0000BDD4       Vcl.Grids.TCustomGrid.CalcSizingState
 0001:0000BDDC       Vcl.Grids.TCustomGrid.DrawCellHighlight
 0001:0000BDE4       Vcl.Grids.TCustomGrid.DrawCellBackground
 0001:0000BDEC       Vcl.Grids.TCustomGrid.SelectionMoved
 0001:0000BDF4       Vcl.Grids.TCustomGrid.CreateEditor
 0001:0000BDFC       Vcl.Grids.TCustomGrid.CreateParams
 0001:0000BE04       Vcl.Grids.TCustomGrid.CreateWnd
 0001:0000BE0C       Vcl.Grids.TCustomGrid.DoGesture
 0001:0000BE14       Vcl.Grids.TCustomGrid.CalcExpandedCellRect
 0001:0000BE1C       Vcl.Grids.TCustomGrid.SetStyleElements
 0001:0000BE24       Vcl.Grids.TCustomGrid.DeleteColumn
 0001:0000BE2C       Vcl.Grids.TCustomGrid.DeleteRow
 0001:0000BE34       Vcl.Grids.TCustomGrid.CalcColWidth
 0001:0000BE3C       Vcl.Grids.TCustomDrawGrid.Destroy@
 0001:0000BE44       Vcl.Grids.TCustomDrawGrid.SelectCell
 0001:0000BE4C       Vcl.Grids.TStringGrid.Create
 0001:0000BE54       Vcl.Grids.TStringGrid.Destroy@
 0001:0000BE5C       Vcl.Grids.TStringGrid.Destroy
 0001:0000BE64       Vcl.Grids.TStringGrid.GetCells
 0001:0000BE6C       Vcl.Grids.TDrawGrid.Destroy@
 0001:0000BF60       Cologrid..TMgrid
 0001:0000C734       Cologrid.Register
 0001:0000C764       Cologrid.TMgrid.SetBorderBitmap
 0001:0000C77C       Cologrid.TMgrid.SetOddBitmap
 0001:0000C794       Cologrid.TMgrid.GetPalette
 0001:0000C7A0       Cologrid.TMgrid.SetEvenBitmap
 0001:0000C7B8       Cologrid.TMgrid.setCellAlignment
 0001:0000C7C4       Cologrid.TMgrid.setBorderColor
 0001:0000C7D0       Cologrid.TMgrid.setOddColor
 0001:0000C7DC       Cologrid.TMgrid.setEvencolor
 0001:0000C7E8       Cologrid.TMgrid.AutoInitialize
 0001:0000C8A0       Cologrid.TMgrid.AutoDestroy
 0001:0000C8C8       Cologrid.TMgrid.Create
 0001:0000C904       Cologrid.TMgrid.Destroy
 0001:0000C930       Cologrid.TMgrid.Loaded
 0001:0000C938       Cologrid.TMgrid.Paint
 0001:0000C940       Cologrid.TMgrid.DrawCellText
 0001:0000CA18       Cologrid.TMgrid.DrawCell
 0001:0000CD44       Cologrid.Finalization
 0001:0000CD90       OEdit..TOvrEdit
 0001:0000D0B8       OEdit.Register
 0001:0000D0F0       OEdit.TOvrEdit.Create
 0001:0000D12C       OEdit.TOvrEdit.Destroy
 0001:0000D150       OEdit.TOvrEdit.KeyDown
 0001:0000D1CC       OEdit.TOvrEdit.KeyPress
 0001:0000D214       OEdit.TOvrEdit.GetInsertKeyState
 0001:0000D228       OEdit.TOvrEdit.WMChar
 0001:0000D304       OEdit.Finalization
 0001:0000D30C       Console2..EInvalidFont
 0001:0000D400       Console2..TFixedFont_
 0001:0000D6E8       Console2..TConsole2
 0001:0000E07C       Console2..TAttr
 0001:0000E198       Console2..TAttrManager
 0001:0000E468       Console2..TColorConsole2
 0001:0000E728       Console2.Min
 0001:0000E730       Console2.Max
 0001:0000E738       Console2.Exchange
 0001:0000E744       Console2.FillInt
 0001:0000E754       Console2.TFixedFont_.Create
 0001:0000E7C0       Console2.TFixedFont_.Assign
 0001:0000E834       Console2.TFixedFont_.SetBkColor
 0001:0000E840       Console2.TConsole2.Create
 0001:0000E970       Console2.TConsole2.Destroy
 0001:0000E9D0       Console2.TConsole2.Loaded
 0001:0000E9E4       Console2.TConsole2.CreateParams
 0001:0000E9F4       Console2.TConsole2.DefaultProcessControlCodes
 0001:0000E9FC       Console2.TConsole2.WMCreate
 0001:0000EA10       Console2.TConsole2.ResizeBuffer
 0001:0000EA54       Console2.TConsole2.SetCols
 0001:0000EA70       Console2.TConsole2.SetRows
 0001:0000EA8C       Console2.TConsole2.SetFont
 0001:0000EA98       Console2.TConsole2.FontChanged
 0001:0000EC38       Console2.TConsole2.SetMetrics
 0001:0000EC84       Console2.TConsole2.RecalcSizeAndRange
 0001:0000ED28       Console2.TConsole2.SetName
 0001:0000ED44       Console2.TConsole2.ScreenPtr
 0001:0000ED6C       Console2.TConsole2.ShowText
 0001:0000EDFC       Console2.TConsole2.ShowCursor
 0001:0000EE64       Console2.TConsole2.HideCursor
 0001:0000EE6C       Console2.TConsole2.CursorTo
 0001:0000EED8       Console2.TConsole2.LazyScrollBy
 0001:0000EFBC       Console2.TConsole2.CMScrollBy
 0001:0000EFD8       Console2.TConsole2.ScrollTo
 0001:0000F1C4       Console2.TConsole2.LazyTrackCursor
 0001:0000F224       Console2.TConsole2.CMTrackCursor
 0001:0000F22C       Console2.TConsole2.TrackCursor
 0001:0000F288       Console2.TConsole2.SetScrollbars
 0001:0000F2D4       Console2.TConsole2.InternalClrScr
 0001:0000F334       Console2.TConsole2.ClrScr
 0001:0000F348       Console2.TConsole2.RecalibrateFont
 0001:0000F394       Console2.TConsole2.ClrEol
 0001:0000F3D4       Console2.TConsole2.WriteBlock
 0001:0000F400       Console2.Return
 0001:0000F424       Console2.LineFeed
 0001:0000F4B0       Console2.TConsole2.WriteBuf
 0001:0000F6E8       Console2.TConsole2.WriteCodedBuf
 0001:0000F710       Console2.TConsole2.WriteChar
 0001:0000F724       Console2.TConsole2.WriteString
 0001:0000F78C       Console2.TConsole2.WriteFill
 0001:0000F850       Console2.TConsole2.KeyPressed
 0001:0000F87C       Console2.TConsole2.ReadKey
 0001:0000FA4C       Console2.TConsole2.ReadBuf
 0001:0000FB04       Console2.CrtOutput
 0001:0000FB34       Console2.CrtInput
 0001:0000FB64       Console2.CrtClose
 0001:0000FB68       Console2.CrtOpen
 0001:0000FB9C       Console2.TConsole2.AssignCrt
 0001:0000FBE0       Console2.TConsole2.SetOptions
 0001:0000FDF0       Console2.TConsole2.Paint
 0001:0000FF78       Console2.TConsole2.WMSize
 0001:0000FFD8       Console2.GetNewPos
 0001:00010038       Console2.TConsole2.DoScroll
 0001:000100AC       Console2.TConsole2.WMHScroll
 0001:000100C0       Console2.TConsole2.WMVScroll
 0001:000100D4       Console2.TConsole2.KeyPress
 0001:00010124       Console2.TConsole2.KeyDown
 0001:000101BC       Console2.TConsole2.WMSetFocus
 0001:000101F4       Console2.TConsole2.WMKillFocus
 0001:00010220       Console2.TConsole2.WMGetDlgCode
 0001:00010228       Console2.TConsole2.WMEraseBkgnd
 0001:00010230       Console2.TConsole2.DoCtrlBreak
 0001:00010234       Console2.TConsole2.MouseDown
 0001:00010268       Console2.TAttr.Create
 0001:00010310       Console2.TAttrManager.Create
 0001:00010354       Console2.TAttrManager.Destroy
 0001:00010388       Console2.TAttrManager.GetCount
 0001:00010390       Console2.TAttrManager.InFreeList
 0001:000103A4       Console2.TAttrManager.FirstFreeIndex
 0001:000103A8       Console2.TAttrManager.NextFreeIndex
 0001:000103C0       Console2.TAttrManager.SetFree
 0001:000103F4       Console2.TAttrManager.AllocIndex
 0001:00010428       Console2.TAttrManager.Allocate
 0001:00010504       Console2.TAttrManager.Clear
 0001:00010560       Console2.TAttrManager.Reference
 0001:0001058C       Console2.TAttrManager.GetAttr
 0001:000105B4       Console2.TAttrManager.SetAttr
 0001:0001060C       Console2.TColorConsole2.Create
 0001:0001065C       Console2.TColorConsole2.Destroy
 0001:000106A4       Console2.TColorConsole2.IndexPtr
 0001:000106CC       Console2.TColorConsole2.ResizeBuffer
 0001:00010800       Console2.Check
 0001:00010818       Console2.TColorConsole2.SetMetrics
 0001:00010974       Console2.TColorConsole2.WriteFill
 0001:000109B0       Console2.ReplaceAttr
 0001:00010A1C       Console2.TColorConsole2.FillAttr
 0001:00010B14       Console2.TColorConsole2.WriteBlock
 0001:00010B50       Console2.TColorConsole2.Paint
 0001:00010EEC       Console2.Register
 0001:00010F50       Console2.Finalization
 0001:0001168C       .zlog_requires.@GetPackageInfoTable
 0001:00011694       .zlog_requires.@PackageLoad
 0001:000116A0       .zlog_requires.@PackageUnload
 0002:00000000       System.System
 0002:00000008       SysInit.SysInit
 0002:00000010       System.UITypes.System.UITypes
 0002:00000018       Winapi.Windows.Winapi.Windows
 0002:00000030       Winapi.PsAPI.Winapi.PsAPI
 0002:00000038       System.Character.System.Character
 0002:00000040       System.Internal.ExcUtils.System.Internal.ExcUtils
 0002:00000048       System.SysUtils.TLanguages.Create@
 0002:00000050       System.SysUtils.TEncoding.Create@
 0002:00000058       System.SysUtils.Exception.Create@
 0002:00000060       System.SysUtils.TOSVersion.Create@
 0002:00000068       System.SysUtils.System.SysUtils
 0002:00000070       System.VarUtils.System.VarUtils
 0002:00000078       System.Variants.System.Variants
 0002:00000080       System.TypInfo.System.TypInfo
 0002:00000088       System.Math.System.Math
 0002:00000090       System.Generics.Defaults.TStringComparer.Create@
 0002:00000098       System.Generics.Defaults.TIStringComparer.Create@
 0002:000000A0       System.Rtti.TValue.Create@
 0002:000000A8       System.Rtti.System.Rtti
 0002:000000B0       System.TimeSpan.TTimeSpan.Create@
 0002:000000B8       System.Classes.TObserverMapping.Create@
 0002:000000C0       System.Classes.TBinaryWriter.Create@
 0002:000000C8       System.Classes.TFieldsCache.Create@
 0002:000000D0       System.Classes.TThread.Create@
 0002:000000D8       System.Classes.TComponent.Create@
 0002:000000E0       System.Classes.TLoginCredentialService.Create@
 0002:000000E8       System.Classes.TBaseAsyncResult.Create@
 0002:000000F0       System.Classes.System.Classes
 0002:000000F8       System.DateUtils.TTimeZone.Create@
 0002:00000100       System.DateUtils.System.DateUtils
 0002:00000108       System.IOUtils.TPath.Create@
 0002:00000110       System.IniFiles.System.IniFiles
 0002:00000118       System.Win.Registry.TRegistry.Create@
 0002:00000120       System.UIConsts.System.UIConsts
 0002:00000128       Vcl.Graphics.TWICImage.Create@
 0002:00000130       Vcl.Graphics.Vcl.Graphics
 0002:00000138       System.Messaging.TMessageManager.Create@
 0002:00000140       System.Actions.System.Actions
 0002:00000148       Vcl.ActnList.Vcl.ActnList
 0002:00000150       System.HelpIntfs.System.HelpIntfs
 0002:00000158       System.SyncObjs.System.SyncObjs
 0002:00000160       Winapi.UxTheme.Winapi.UxTheme
 0002:00000168       Vcl.GraphUtil.Vcl.GraphUtil
 0002:00000170       Vcl.StdCtrls.TCustomGroupBox.Create@
 0002:00000178       Vcl.StdCtrls.TCustomEdit.Create@
 0002:00000180       Vcl.StdCtrls.TCustomMemo.Create@
 0002:00000188       Vcl.StdCtrls.TCustomComboBox.Create@
 0002:00000190       Vcl.StdCtrls.TCustomButton.Create@
 0002:00000198       Vcl.StdCtrls.TCustomCheckBox.Create@
 0002:000001A0       Vcl.StdCtrls.TRadioButton.Create@
 0002:000001A8       Vcl.StdCtrls.TCustomListBox.Create@
 0002:000001B0       Vcl.StdCtrls.TScrollBar.Create@
 0002:000001B8       Vcl.StdCtrls.TCustomStaticText.Create@
 0002:000001C0       Vcl.StdCtrls.TGroupBox.Create@
 0002:000001C8       Vcl.StdCtrls.TEdit.Create@
 0002:000001D0       Vcl.StdCtrls.TMemo.Create@
 0002:000001D8       Vcl.StdCtrls.TComboBox.Create@
 0002:000001E0       Vcl.StdCtrls.TButton.Create@
 0002:000001E8       Vcl.StdCtrls.TCheckBox.Create@
 0002:000001F0       Vcl.StdCtrls.TListBox.Create@
 0002:000001F8       Vcl.StdCtrls.TStaticText.Create@
 0002:00000200       Vcl.StdCtrls.Vcl.StdCtrls
 0002:00000208       Vcl.Clipbrd.Vcl.Clipbrd
 0002:00000210       Vcl.Printers.Vcl.Printers
 0002:00000218       Vcl.ComCtrls.TCustomTabControl.Create@
 0002:00000220       Vcl.ComCtrls.TTabControl.Create@
 0002:00000228       Vcl.ComCtrls.TCustomStatusBar.Create@
 0002:00000230       Vcl.ComCtrls.TCustomHeaderControl.Create@
 0002:00000238       Vcl.ComCtrls.TCustomTreeView.Create@
 0002:00000240       Vcl.ComCtrls.TTreeView.Create@
 0002:00000248       Vcl.ComCtrls.TTrackBar.Create@
 0002:00000250       Vcl.ComCtrls.TProgressBar.Create@
 0002:00000258       Vcl.ComCtrls.TCustomRichEdit.Create@
 0002:00000260       Vcl.ComCtrls.TRichEdit.Create@
 0002:00000268       Vcl.ComCtrls.TCustomUpDown.Create@
 0002:00000270       Vcl.ComCtrls.TUpDown.Create@
 0002:00000278       Vcl.ComCtrls.TCustomHotKey.Create@
 0002:00000280       Vcl.ComCtrls.THotKey.Create@
 0002:00000288       Vcl.ComCtrls.TCustomListView.Create@
 0002:00000290       Vcl.ComCtrls.TListView.Create@
 0002:00000298       Vcl.ComCtrls.TToolBar.Create@
 0002:000002A0       Vcl.ComCtrls.TCoolBar.Create@
 0002:000002A8       Vcl.ComCtrls.TDateTimePicker.Create@
 0002:000002B0       Vcl.ComCtrls.TPageScroller.Create@
 0002:000002B8       Vcl.ComCtrls.TCustomComboBoxEx.Create@
 0002:000002C0       Vcl.ComCtrls.TComboBoxEx.Create@
 0002:000002C8       Vcl.ComCtrls.TStatusBar.Create@
 0002:000002D0       Vcl.ComCtrls.THeaderControl.Create@
 0002:000002D8       Vcl.ComCtrls.Vcl.ComCtrls
 0002:000002E0       Vcl.Dialogs.Vcl.Dialogs
 0002:000002E8       Vcl.ExtCtrls.TCustomPanel.Create@
 0002:000002F0       Vcl.ExtCtrls.TCustomCategoryPanelGroup.Create@
 0002:000002F8       Vcl.ExtCtrls.TCategoryPanelGroup.Create@
 0002:00000300       Vcl.ExtCtrls.TCustomLinkLabel.Create@
 0002:00000308       Vcl.ExtCtrls.TLinkLabel.Create@
 0002:00000310       Vcl.ExtCtrls.Vcl.ExtCtrls
 0002:00000318       Vcl.Themes.TStyleManager.Create@
 0002:00000320       Vcl.Themes.TCustomStyleEngine.Create@
 0002:00000328       System.AnsiStrings.System.AnsiStrings
 0002:00000330       System.Win.ComObj.TComServerObject.Create@
 0002:00000338       System.Win.ComObj.System.Win.ComObj
 0002:00000340       Winapi.FlatSB.Winapi.FlatSB
 0002:00000348       Vcl.Forms.TScrollBox.Create@
 0002:00000350       Vcl.Forms.TCustomForm.Create@
 0002:00000358       Vcl.Forms.TForm.Create@
 0002:00000360       Vcl.Forms.Vcl.Forms
 0002:00000368       Vcl.Menus.Vcl.Menus
 0002:00000370       Winapi.MsCTF.Winapi.MsCTF
 0002:00000380       Vcl.Controls.Vcl.Controls
 0002:00000388       JLLabel.JLLabel
 0002:00000390       Hemibtn.Hemibtn
 0002:00000398       CPDrv.CPDrv
 0002:000003A0       CPDReg.CPDReg
 0002:000003A8       Console.Console
 0002:000003B0       Vcl.Grids.TCustomGrid.Create@
 0002:000003B8       Vcl.Grids.TCustomDrawGrid.Create@
 0002:000003C0       Vcl.Grids.TStringGrid.Create@
 0002:000003C8       Vcl.Grids.TDrawGrid.Create@
 0002:000003D0       Cologrid.Cologrid
 0002:000003D8       OEdit.OEdit
 0002:000003E0       Console2.Console2
 0002:000003E8       .zlog_requires..zlog_requires
 0003:00000000       SysInit.TlsIndex
 0003:00000004       SysInit.PtrToNil
 0003:00000008       SysInit.Module
 0003:00000024       SysInit.TlsProc
 0003:00000034       SysInit...
 0003:00000088       Winapi.Windows.Win32MajorVersion
 0003:0000008C       Winapi.Windows.Win32MinorVersion
 0003:00000090       Winapi.Windows.Win32Platform
 0003:00000094       Winapi.MsCTF.MsCTFHandle
 0003:00000098       JLLabel.Alignments
 0003:0000009E       JLLabel.WordWraps
 0003:000000A4       CPDrv.Win32BaudRates
 0003:000000E0       CPDrv.funcs
 0003:000000E8       CPDrv.funcs
 0003:000000F0       Console.ReadActive
 0003:000000F1       Console.ScrollKeys
 0003:00000124       Console2.ReadActive
 0003:00000125       Console2.ScrollKeys
 0004:FFFEB000       SysInit.__ImageBase
 0004:00000000       SysInit.ModuleIsLib
 0004:00000001       SysInit.ModuleIsPackage
 0004:00000004       SysInit.HInstance
 0004:0000000C       SysInit.dbkFCallWrapperAddr
 0004:00000010       SysInit.@_pfnDliNotifyHook2
 0004:00000014       SysInit.@_pfnDliFailureHook2
 0004:00000018       SysInit..1
 0004:0000001C       SysInit.tlsBuffer
 0004:00000020       SysInit.UseTlsAPI
 0004:00000024       Winapi.Windows..2
 0004:00000028       Winapi.Windows.HtmlHelpModule
 0004:0000002C       Winapi.PsAPI..1
 0004:00000030       Winapi.PsAPI.hPSAPI
 0004:00000034       Winapi.MsCTF..1
 0004:00000038       JLLabel..2
 0004:0000003C       Hemibtn..2
 0004:00000040       CPDrv..2
 0004:00000044       CPDReg..1
 0004:00000048       Console..7
 0004:0000004C       Cologrid..2
 0004:00000050       OEdit..2
 0004:00000054       Console2..7
 0005:00000000       SysInit.TlsLast


Bound resource files

ComDrv32.dcr
zlog_requires.res
HemiBtn.dcr
JLLabel.dcr
zlog_requires.drf


Program entry point at 0002:000003E8
