
 Start                 Length     Name                   Class
 0001:0000000000401000 0001AE7CH .text                   CODE
 0002:000000000041C000 00001820H .data                   DATA
 0003:000000000041E000 000000F8H .bss                    BSS
 0004:0000000000400000 00000000H .tls                    TLS
 0005:0000000000433000 00001584H .pdata                  PDATA


Detailed map of segments

 0001:00000000 00000408 C=CODE     S=.text    G=(none)   M=System   ALIGN=4
 0001:00000408 000018C8 C=CODE     S=.text    G=(none)   M=SysInit  ALIGN=4
 0001:00001CD0 00000018 C=CODE     S=.text    G=(none)   M=System.Types ALIGN=4
 0001:00001CE8 00000020 C=CODE     S=.text    G=(none)   M=System.UITypes ALIGN=4
 0001:00001D08 000004D4 C=CODE     S=.text    G=(none)   M=Winapi.Windows ALIGN=4
 0001:000021DC 00000024 C=CODE     S=.text    G=(none)   M=Winapi.Messages ALIGN=4
 0001:00002200 00000018 C=CODE     S=.text    G=(none)   M=System.SysConst ALIGN=4
 0001:00002218 00000020 C=CODE     S=.text    G=(none)   M=Winapi.ImageHlp ALIGN=4
 0001:00002238 00000020 C=CODE     S=.text    G=(none)   M=Winapi.SHFolder ALIGN=4
 0001:00002258 00000058 C=CODE     S=.text    G=(none)   M=Winapi.PsAPI ALIGN=4
 0001:000022B0 00000018 C=CODE     S=.text    G=(none)   M=System.RTLConsts ALIGN=4
 0001:000022C8 00000020 C=CODE     S=.text    G=(none)   M=System.Character ALIGN=4
 0001:000022E8 00000020 C=CODE     S=.text    G=(none)   M=System.Internal.ExcUtils ALIGN=4
 0001:00002308 00000140 C=CODE     S=.text    G=(none)   M=System.SysUtils ALIGN=4
 0001:00002448 00000020 C=CODE     S=.text    G=(none)   M=System.VarUtils ALIGN=4
 0001:00002468 00000020 C=CODE     S=.text    G=(none)   M=System.Variants ALIGN=4
 0001:00002488 00000028 C=CODE     S=.text    G=(none)   M=Winapi.ActiveX ALIGN=4
 0001:000024B0 00000018 C=CODE     S=.text    G=(none)   M=System.TypInfo ALIGN=4
 0001:000024C8 00000020 C=CODE     S=.text    G=(none)   M=System.Hash ALIGN=4
 0001:000024E8 00000030 C=CODE     S=.text    G=(none)   M=System.Math ALIGN=4
 0001:00002518 00000060 C=CODE     S=.text    G=(none)   M=System.Generics.Defaults ALIGN=4
 0001:00002578 00000020 C=CODE     S=.text    G=(none)   M=System.Generics.Collections ALIGN=4
 0001:00002598 00000040 C=CODE     S=.text    G=(none)   M=System.Rtti ALIGN=4
 0001:000025D8 00000040 C=CODE     S=.text    G=(none)   M=System.TimeSpan ALIGN=4
 0001:00002618 00000020 C=CODE     S=.text    G=(none)   M=System.Diagnostics ALIGN=4
 0001:00002638 00000330 C=CODE     S=.text    G=(none)   M=System.Classes ALIGN=4
 0001:00002968 00000020 C=CODE     S=.text    G=(none)   M=Winapi.Wincodec ALIGN=4
 0001:00002988 00000028 C=CODE     S=.text    G=(none)   M=Winapi.CommCtrl ALIGN=4
 0001:000029B0 00000020 C=CODE     S=.text    G=(none)   M=Winapi.Qos ALIGN=4
 0001:000029D0 00000020 C=CODE     S=.text    G=(none)   M=Winapi.Winsock2 ALIGN=4
 0001:000029F0 00000020 C=CODE     S=.text    G=(none)   M=Winapi.IpExport ALIGN=4
 0001:00002A10 00000020 C=CODE     S=.text    G=(none)   M=Winapi.ShellAPI ALIGN=4
 0001:00002A30 00000020 C=CODE     S=.text    G=(none)   M=Winapi.RegStr ALIGN=4
 0001:00002A50 00000020 C=CODE     S=.text    G=(none)   M=Winapi.WinInet ALIGN=4
 0001:00002A70 00000020 C=CODE     S=.text    G=(none)   M=Winapi.UrlMon ALIGN=4
 0001:00002A90 00000020 C=CODE     S=.text    G=(none)   M=Winapi.ObjectArray ALIGN=4
 0001:00002AB0 00000020 C=CODE     S=.text    G=(none)   M=Winapi.StructuredQueryCondition ALIGN=4
 0001:00002AD0 00000020 C=CODE     S=.text    G=(none)   M=Winapi.PropSys ALIGN=4
 0001:00002AF0 00000018 C=CODE     S=.text    G=(none)   M=Winapi.MSXMLIntf ALIGN=4
 0001:00002B08 00000028 C=CODE     S=.text    G=(none)   M=Winapi.ShlObj ALIGN=4
 0001:00002B30 00000020 C=CODE     S=.text    G=(none)   M=Winapi.KnownFolders ALIGN=4
 0001:00002B50 00000018 C=CODE     S=.text    G=(none)   M=System.Masks ALIGN=4
 0001:00002B68 00000020 C=CODE     S=.text    G=(none)   M=System.StrUtils ALIGN=4
 0001:00002B88 00000040 C=CODE     S=.text    G=(none)   M=System.DateUtils ALIGN=4
 0001:00002BC8 00000040 C=CODE     S=.text    G=(none)   M=System.IOUtils ALIGN=4
 0001:00002C08 00000020 C=CODE     S=.text    G=(none)   M=System.IniFiles ALIGN=4
 0001:00002C28 00000040 C=CODE     S=.text    G=(none)   M=System.Win.Registry ALIGN=4
 0001:00002C68 00000020 C=CODE     S=.text    G=(none)   M=System.UIConsts ALIGN=4
 0001:00002C88 00000020 C=CODE     S=.text    G=(none)   M=Vcl.Consts ALIGN=4
 0001:00002CA8 000001F0 C=CODE     S=.text    G=(none)   M=Vcl.Graphics ALIGN=4
 0001:00002E98 00000020 C=CODE     S=.text    G=(none)   M=Winapi.MultiMon ALIGN=4
 0001:00002EB8 00000020 C=CODE     S=.text    G=(none)   M=System.Contnrs ALIGN=4
 0001:00002ED8 00000020 C=CODE     S=.text    G=(none)   M=System.ImageList ALIGN=4
 0001:00002EF8 00000040 C=CODE     S=.text    G=(none)   M=System.Messaging ALIGN=4
 0001:00002F38 00000020 C=CODE     S=.text    G=(none)   M=System.Actions ALIGN=4
 0001:00002F58 00000028 C=CODE     S=.text    G=(none)   M=Winapi.Imm ALIGN=4
 0001:00002F80 00000018 C=CODE     S=.text    G=(none)   M=Vcl.ActnList ALIGN=4
 0001:00002F98 00000020 C=CODE     S=.text    G=(none)   M=System.HelpIntfs ALIGN=4
 0001:00002FB8 00000020 C=CODE     S=.text    G=(none)   M=System.SyncObjs ALIGN=4
 0001:00002FD8 00000020 C=CODE     S=.text    G=(none)   M=Winapi.UxTheme ALIGN=4
 0001:00002FF8 00000028 C=CODE     S=.text    G=(none)   M=Winapi.Dwmapi ALIGN=4
 0001:00003020 00000020 C=CODE     S=.text    G=(none)   M=System.Win.Crtl ALIGN=4
 0001:00003040 00000018 C=CODE     S=.text    G=(none)   M=System.ZLib ALIGN=4
 0001:00003058 00000020 C=CODE     S=.text    G=(none)   M=Vcl.GraphUtil ALIGN=4
 0001:00003078 000004A0 C=CODE     S=.text    G=(none)   M=Vcl.StdCtrls ALIGN=4
 0001:00003518 00000020 C=CODE     S=.text    G=(none)   M=System.MaskUtils ALIGN=4
 0001:00003538 00000020 C=CODE     S=.text    G=(none)   M=Vcl.Clipbrd ALIGN=4
 0001:00003558 00000020 C=CODE     S=.text    G=(none)   M=Vcl.Mask ALIGN=4
 0001:00003578 00000028 C=CODE     S=.text    G=(none)   M=Winapi.CommDlg ALIGN=4
 0001:000035A0 00000020 C=CODE     S=.text    G=(none)   M=Winapi.WinSpool ALIGN=4
 0001:000035C0 00000018 C=CODE     S=.text    G=(none)   M=Vcl.Printers ALIGN=4
 0001:000035D8 00000028 C=CODE     S=.text    G=(none)   M=Winapi.RichEdit ALIGN=4
 0001:00003600 00000018 C=CODE     S=.text    G=(none)   M=Vcl.ToolWin ALIGN=4
 0001:00003618 00000020 C=CODE     S=.text    G=(none)   M=Vcl.ListActns ALIGN=4
 0001:00003638 00000020 C=CODE     S=.text    G=(none)   M=Vcl.ComStrs ALIGN=4
 0001:00003658 00000020 C=CODE     S=.text    G=(none)   M=Vcl.StdActns ALIGN=4
 0001:00003678 00000320 C=CODE     S=.text    G=(none)   M=Vcl.ComCtrls ALIGN=4
 0001:00003998 00000020 C=CODE     S=.text    G=(none)   M=System.WideStrUtils ALIGN=4
 0001:000039B8 00000028 C=CODE     S=.text    G=(none)   M=Winapi.Dlgs ALIGN=4
 0001:000039E0 00000018 C=CODE     S=.text    G=(none)   M=Vcl.Dialogs ALIGN=4
 0001:000039F8 000000C0 C=CODE     S=.text    G=(none)   M=Vcl.ExtCtrls ALIGN=4
 0001:00003AB8 00000060 C=CODE     S=.text    G=(none)   M=Vcl.Themes ALIGN=4
 0001:00003B18 00000040 C=CODE     S=.text    G=(none)   M=System.AnsiStrings ALIGN=4
 0001:00003B58 00000020 C=CODE     S=.text    G=(none)   M=System.Win.ComConst ALIGN=4
 0001:00003B78 00000040 C=CODE     S=.text    G=(none)   M=System.Win.ComObj ALIGN=4
 0001:00003BB8 00000020 C=CODE     S=.text    G=(none)   M=System.Win.Taskbar ALIGN=4
 0001:00003BD8 00000020 C=CODE     S=.text    G=(none)   M=System.Win.TaskbarCore ALIGN=4
 0001:00003BF8 00000028 C=CODE     S=.text    G=(none)   M=Winapi.ShellScaling ALIGN=4
 0001:00003C20 00000018 C=CODE     S=.text    G=(none)   M=Winapi.FlatSB ALIGN=4
 0001:00003C38 000000B0 C=CODE     S=.text    G=(none)   M=Vcl.Forms ALIGN=4
 0001:00003CE8 00000020 C=CODE     S=.text    G=(none)   M=Vcl.ImgList ALIGN=4
 0001:00003D08 00000020 C=CODE     S=.text    G=(none)   M=Vcl.Menus ALIGN=4
 0001:00003D28 00000028 C=CODE     S=.text    G=(none)   M=Winapi.TpcShrd ALIGN=4
 0001:00003D50 000000B0 C=CODE     S=.text    G=(none)   M=Winapi.MsCTF ALIGN=4
 0001:00003E00 00000020 C=CODE     S=.text    G=(none)   M=Winapi.MsInkAut ALIGN=4
 0001:00003E20 00000020 C=CODE     S=.text    G=(none)   M=Winapi.PenInputPanel ALIGN=4
 0001:00003E40 000008E8 C=CODE     S=.text    G=(none)   M=Vcl.Controls ALIGN=4
 0001:00004728 00001768 C=CODE     S=.text    G=(none)   M=JLLabel  ALIGN=4
 0001:00005E90 00004750 C=CODE     S=.text    G=(none)   M=Hemibtn  ALIGN=4
 0001:0000A5E0 00002AA0 C=CODE     S=.text    G=(none)   M=CPDrv    ALIGN=4
 0001:0000D080 00000070 C=CODE     S=.text    G=(none)   M=CPDReg   ALIGN=4
 0001:0000D0F0 000056A0 C=CODE     S=.text    G=(none)   M=Console  ALIGN=4
 0001:00012790 000001F8 C=CODE     S=.text    G=(none)   M=Vcl.Grids ALIGN=4
 0001:00012988 00001698 C=CODE     S=.text    G=(none)   M=Cologrid ALIGN=4
 0001:00014020 000009A0 C=CODE     S=.text    G=(none)   M=OEdit    ALIGN=4
 0001:000149C0 00005660 C=CODE     S=.text    G=(none)   M=Console2 ALIGN=4
 0001:0001A020 00000E5C C=CODE     S=.text    G=(none)   M=.zlog_requires ALIGN=4
 0002:00000000 00000178 C=DATA     S=.data    G=DGROUP   M=SysInit  ALIGN=4
 0002:00000178 00000044 C=DATA     S=.data    G=DGROUP   M=Winapi.Windows ALIGN=4
 0002:000001BC 00000008 C=DATA     S=.data    G=DGROUP   M=Winapi.Messages ALIGN=4
 0002:000001C4 0000000C C=DATA     S=.data    G=DGROUP   M=Winapi.PsAPI ALIGN=4
 0002:000001D0 00000008 C=DATA     S=.data    G=DGROUP   M=Winapi.ActiveX ALIGN=4
 0002:000001D8 00000008 C=DATA     S=.data    G=DGROUP   M=Winapi.CommCtrl ALIGN=4
 0002:000001E0 00000008 C=DATA     S=.data    G=DGROUP   M=Winapi.Qos ALIGN=4
 0002:000001E8 00000008 C=DATA     S=.data    G=DGROUP   M=Winapi.Winsock2 ALIGN=4
 0002:000001F0 00000008 C=DATA     S=.data    G=DGROUP   M=Winapi.IpExport ALIGN=4
 0002:000001F8 00000008 C=DATA     S=.data    G=DGROUP   M=Winapi.ShellAPI ALIGN=4
 0002:00000200 00000008 C=DATA     S=.data    G=DGROUP   M=Winapi.RegStr ALIGN=4
 0002:00000208 00000008 C=DATA     S=.data    G=DGROUP   M=Winapi.WinInet ALIGN=4
 0002:00000210 00000008 C=DATA     S=.data    G=DGROUP   M=Winapi.UrlMon ALIGN=4
 0002:00000218 00000008 C=DATA     S=.data    G=DGROUP   M=Winapi.ObjectArray ALIGN=4
 0002:00000220 00000008 C=DATA     S=.data    G=DGROUP   M=Winapi.StructuredQueryCondition ALIGN=4
 0002:00000228 00000008 C=DATA     S=.data    G=DGROUP   M=Winapi.PropSys ALIGN=4
 0002:00000230 00000008 C=DATA     S=.data    G=DGROUP   M=Winapi.ShlObj ALIGN=4
 0002:00000238 00000008 C=DATA     S=.data    G=DGROUP   M=Winapi.KnownFolders ALIGN=4
 0002:00000240 00000008 C=DATA     S=.data    G=DGROUP   M=Winapi.Imm ALIGN=4
 0002:00000248 00000008 C=DATA     S=.data    G=DGROUP   M=Winapi.Dwmapi ALIGN=4
 0002:00000250 00000008 C=DATA     S=.data    G=DGROUP   M=System.Win.Crtl ALIGN=4
 0002:00000258 00000008 C=DATA     S=.data    G=DGROUP   M=Winapi.CommDlg ALIGN=4
 0002:00000260 00000008 C=DATA     S=.data    G=DGROUP   M=Winapi.WinSpool ALIGN=4
 0002:00000268 00000008 C=DATA     S=.data    G=DGROUP   M=Winapi.RichEdit ALIGN=4
 0002:00000270 00000008 C=DATA     S=.data    G=DGROUP   M=Winapi.Dlgs ALIGN=4
 0002:00000278 00000008 C=DATA     S=.data    G=DGROUP   M=Winapi.ShellScaling ALIGN=4
 0002:00000280 00000008 C=DATA     S=.data    G=DGROUP   M=Winapi.TpcShrd ALIGN=4
 0002:00000288 00000028 C=DATA     S=.data    G=DGROUP   M=Winapi.MsCTF ALIGN=4
 0002:000002B0 00000008 C=DATA     S=.data    G=DGROUP   M=Winapi.MsInkAut ALIGN=4
 0002:000002B8 00000008 C=DATA     S=.data    G=DGROUP   M=Winapi.PenInputPanel ALIGN=4
 0002:000002C0 00000124 C=DATA     S=.data    G=DGROUP   M=JLLabel  ALIGN=4
 0002:000003E4 00000364 C=DATA     S=.data    G=DGROUP   M=Hemibtn  ALIGN=4
 0002:00000748 000002DC C=DATA     S=.data    G=DGROUP   M=CPDrv    ALIGN=4
 0002:00000A24 00000010 C=DATA     S=.data    G=DGROUP   M=CPDReg   ALIGN=4
 0002:00000A34 000005E4 C=DATA     S=.data    G=DGROUP   M=Console  ALIGN=4
 0002:00001018 00000138 C=DATA     S=.data    G=DGROUP   M=Cologrid ALIGN=4
 0002:00001150 000000A8 C=DATA     S=.data    G=DGROUP   M=OEdit    ALIGN=4
 0002:000011F8 000005E4 C=DATA     S=.data    G=DGROUP   M=Console2 ALIGN=4
 0003:00000000 00000050 C=BSS      S=.bss     G=DGROUP   M=SysInit  ALIGN=4
 0003:00000050 00000010 C=BSS      S=.bss     G=DGROUP   M=Winapi.Windows ALIGN=4
 0003:00000060 00000004 C=BSS      S=.bss     G=DGROUP   M=Winapi.Messages ALIGN=4
 0003:00000064 0000000C C=BSS      S=.bss     G=DGROUP   M=Winapi.PsAPI ALIGN=4
 0003:00000070 00000004 C=BSS      S=.bss     G=DGROUP   M=Winapi.ActiveX ALIGN=4
 0003:00000074 00000004 C=BSS      S=.bss     G=DGROUP   M=Winapi.CommCtrl ALIGN=4
 0003:00000078 00000004 C=BSS      S=.bss     G=DGROUP   M=Winapi.Qos ALIGN=4
 0003:0000007C 00000004 C=BSS      S=.bss     G=DGROUP   M=Winapi.Winsock2 ALIGN=4
 0003:00000080 00000004 C=BSS      S=.bss     G=DGROUP   M=Winapi.IpExport ALIGN=4
 0003:00000084 00000004 C=BSS      S=.bss     G=DGROUP   M=Winapi.ShellAPI ALIGN=4
 0003:00000088 00000004 C=BSS      S=.bss     G=DGROUP   M=Winapi.RegStr ALIGN=4
 0003:0000008C 00000004 C=BSS      S=.bss     G=DGROUP   M=Winapi.WinInet ALIGN=4
 0003:00000090 00000004 C=BSS      S=.bss     G=DGROUP   M=Winapi.UrlMon ALIGN=4
 0003:00000094 00000004 C=BSS      S=.bss     G=DGROUP   M=Winapi.ObjectArray ALIGN=4
 0003:00000098 00000004 C=BSS      S=.bss     G=DGROUP   M=Winapi.StructuredQueryCondition ALIGN=4
 0003:0000009C 00000004 C=BSS      S=.bss     G=DGROUP   M=Winapi.PropSys ALIGN=4
 0003:000000A0 00000004 C=BSS      S=.bss     G=DGROUP   M=Winapi.ShlObj ALIGN=4
 0003:000000A4 00000004 C=BSS      S=.bss     G=DGROUP   M=Winapi.KnownFolders ALIGN=4
 0003:000000A8 00000004 C=BSS      S=.bss     G=DGROUP   M=Winapi.Imm ALIGN=4
 0003:000000AC 00000004 C=BSS      S=.bss     G=DGROUP   M=Winapi.Dwmapi ALIGN=4
 0003:000000B0 00000004 C=BSS      S=.bss     G=DGROUP   M=System.Win.Crtl ALIGN=4
 0003:000000B4 00000004 C=BSS      S=.bss     G=DGROUP   M=Winapi.CommDlg ALIGN=4
 0003:000000B8 00000004 C=BSS      S=.bss     G=DGROUP   M=Winapi.WinSpool ALIGN=4
 0003:000000BC 00000004 C=BSS      S=.bss     G=DGROUP   M=Winapi.RichEdit ALIGN=4
 0003:000000C0 00000004 C=BSS      S=.bss     G=DGROUP   M=Winapi.Dlgs ALIGN=4
 0003:000000C4 00000004 C=BSS      S=.bss     G=DGROUP   M=Winapi.ShellScaling ALIGN=4
 0003:000000C8 00000004 C=BSS      S=.bss     G=DGROUP   M=Winapi.TpcShrd ALIGN=4
 0003:000000CC 00000004 C=BSS      S=.bss     G=DGROUP   M=Winapi.MsCTF ALIGN=4
 0003:000000D0 00000004 C=BSS      S=.bss     G=DGROUP   M=Winapi.MsInkAut ALIGN=4
 0003:000000D4 00000004 C=BSS      S=.bss     G=DGROUP   M=Winapi.PenInputPanel ALIGN=4
 0003:000000D8 00000004 C=BSS      S=.bss     G=DGROUP   M=JLLabel  ALIGN=4
 0003:000000DC 00000004 C=BSS      S=.bss     G=DGROUP   M=Hemibtn  ALIGN=4
 0003:000000E0 00000004 C=BSS      S=.bss     G=DGROUP   M=CPDrv    ALIGN=4
 0003:000000E4 00000004 C=BSS      S=.bss     G=DGROUP   M=CPDReg   ALIGN=4
 0003:000000E8 00000004 C=BSS      S=.bss     G=DGROUP   M=Console  ALIGN=4
 0003:000000EC 00000004 C=BSS      S=.bss     G=DGROUP   M=Cologrid ALIGN=4
 0003:000000F0 00000004 C=BSS      S=.bss     G=DGROUP   M=OEdit    ALIGN=4
 0003:000000F4 00000004 C=BSS      S=.bss     G=DGROUP   M=Console2 ALIGN=4
 0005:00000000 000000FC C=PDATA    S=.pdata   G=(none)   M=SysInit  ALIGN=4
 0005:000000FC 00000048 C=PDATA    S=.pdata   G=(none)   M=Winapi.Windows ALIGN=4
 0005:00000144 00000018 C=PDATA    S=.pdata   G=(none)   M=Winapi.Messages ALIGN=4
 0005:0000015C 00000018 C=PDATA    S=.pdata   G=(none)   M=Winapi.PsAPI ALIGN=4
 0005:00000174 00000018 C=PDATA    S=.pdata   G=(none)   M=Winapi.ActiveX ALIGN=4
 0005:0000018C 00000018 C=PDATA    S=.pdata   G=(none)   M=Winapi.CommCtrl ALIGN=4
 0005:000001A4 00000018 C=PDATA    S=.pdata   G=(none)   M=Winapi.Qos ALIGN=4
 0005:000001BC 00000018 C=PDATA    S=.pdata   G=(none)   M=Winapi.Winsock2 ALIGN=4
 0005:000001D4 00000018 C=PDATA    S=.pdata   G=(none)   M=Winapi.IpExport ALIGN=4
 0005:000001EC 00000018 C=PDATA    S=.pdata   G=(none)   M=Winapi.ShellAPI ALIGN=4
 0005:00000204 00000018 C=PDATA    S=.pdata   G=(none)   M=Winapi.RegStr ALIGN=4
 0005:0000021C 00000018 C=PDATA    S=.pdata   G=(none)   M=Winapi.WinInet ALIGN=4
 0005:00000234 00000018 C=PDATA    S=.pdata   G=(none)   M=Winapi.UrlMon ALIGN=4
 0005:0000024C 00000018 C=PDATA    S=.pdata   G=(none)   M=Winapi.ObjectArray ALIGN=4
 0005:00000264 00000018 C=PDATA    S=.pdata   G=(none)   M=Winapi.StructuredQueryCondition ALIGN=4
 0005:0000027C 00000018 C=PDATA    S=.pdata   G=(none)   M=Winapi.PropSys ALIGN=4
 0005:00000294 00000018 C=PDATA    S=.pdata   G=(none)   M=Winapi.ShlObj ALIGN=4
 0005:000002AC 00000018 C=PDATA    S=.pdata   G=(none)   M=Winapi.KnownFolders ALIGN=4
 0005:000002C4 00000018 C=PDATA    S=.pdata   G=(none)   M=Winapi.Imm ALIGN=4
 0005:000002DC 00000018 C=PDATA    S=.pdata   G=(none)   M=Winapi.Dwmapi ALIGN=4
 0005:000002F4 00000018 C=PDATA    S=.pdata   G=(none)   M=System.Win.Crtl ALIGN=4
 0005:0000030C 00000018 C=PDATA    S=.pdata   G=(none)   M=Winapi.CommDlg ALIGN=4
 0005:00000324 00000018 C=PDATA    S=.pdata   G=(none)   M=Winapi.WinSpool ALIGN=4
 0005:0000033C 00000018 C=PDATA    S=.pdata   G=(none)   M=Winapi.RichEdit ALIGN=4
 0005:00000354 00000018 C=PDATA    S=.pdata   G=(none)   M=Winapi.Dlgs ALIGN=4
 0005:0000036C 00000018 C=PDATA    S=.pdata   G=(none)   M=Winapi.ShellScaling ALIGN=4
 0005:00000384 00000018 C=PDATA    S=.pdata   G=(none)   M=Winapi.TpcShrd ALIGN=4
 0005:0000039C 00000030 C=PDATA    S=.pdata   G=(none)   M=Winapi.MsCTF ALIGN=4
 0005:000003CC 00000018 C=PDATA    S=.pdata   G=(none)   M=Winapi.MsInkAut ALIGN=4
 0005:000003E4 00000018 C=PDATA    S=.pdata   G=(none)   M=Winapi.PenInputPanel ALIGN=4
 0005:000003FC 000000A8 C=PDATA    S=.pdata   G=(none)   M=JLLabel  ALIGN=4
 0005:000004A4 000002DC C=PDATA    S=.pdata   G=(none)   M=Hemibtn  ALIGN=4
 0005:00000780 00000264 C=PDATA    S=.pdata   G=(none)   M=CPDrv    ALIGN=4
 0005:000009E4 00000024 C=PDATA    S=.pdata   G=(none)   M=CPDReg   ALIGN=4
 0005:00000A08 000004F8 C=PDATA    S=.pdata   G=(none)   M=Console  ALIGN=4
 0005:00000F00 00000108 C=PDATA    S=.pdata   G=(none)   M=Cologrid ALIGN=4
 0005:00001008 00000084 C=PDATA    S=.pdata   G=(none)   M=OEdit    ALIGN=4
 0005:0000108C 000004F8 C=PDATA    S=.pdata   G=(none)   M=Console2 ALIGN=4


  Address             Publics by Name

 0001:0001A020       .zlog_requires..zlog_requires
 0001:0001AE50       .zlog_requires.@GetPackageInfoTable
 0001:0001AE60       .zlog_requires.@PackageLoad
 0001:0001AE70       .zlog_requires.@PackageUnload
 0005:00000FF0       Cologrid.$pdata$_ZN8Cologrid12FinalizationEv
 0005:00000FFC       Cologrid.$pdata$_ZN8Cologrid14initializationEv
 0005:00000F24       Cologrid.$pdata$_ZN8Cologrid6TMgrid10GetPaletteEv
 0005:00000F78       Cologrid.$pdata$_ZN8Cologrid6TMgrid11AutoDestroyEv
 0005:00000F54       Cologrid.$pdata$_ZN8Cologrid6TMgrid11setOddColorEN6System7Uitypes6TColorE
 0005:00000FC0       Cologrid.$pdata$_ZN8Cologrid6TMgrid12DrawCellTextEiiRKN6System5Types5TRectE
 0005:00000F60       Cologrid.$pdata$_ZN8Cologrid6TMgrid12setEvencolorEN6System7Uitypes6TColorE
 0005:00000F18       Cologrid.$pdata$_ZN8Cologrid6TMgrid12SetOddBitmapEPN3Vcl8Graphics7TBitmapE
 0005:00000F30       Cologrid.$pdata$_ZN8Cologrid6TMgrid13SetEvenBitmapEPN3Vcl8Graphics7TBitmapE
 0005:00000F6C       Cologrid.$pdata$_ZN8Cologrid6TMgrid14AutoInitializeEv
 0005:00000F48       Cologrid.$pdata$_ZN8Cologrid6TMgrid14setBorderColorEN6System7Uitypes6TColorE
 0005:00000F0C       Cologrid.$pdata$_ZN8Cologrid6TMgrid15SetBorderBitmapEPN3Vcl8Graphics7TBitmapE
 0005:00000F3C       Cologrid.$pdata$_ZN8Cologrid6TMgrid16setCellAlignmentEN6System7Classes10TAlignmentE
 0005:00000FB4       Cologrid.$pdata$_ZN8Cologrid6TMgrid5PaintEv
 0005:00000FA8       Cologrid.$pdata$_ZN8Cologrid6TMgrid6LoadedEv
 0005:00000FD8       Cologrid.$pdata$_ZN8Cologrid6TMgrid8DrawCellEiiRKN6System5Types5TRectENS1_3SetIN3Vcl5Grids12Vcl_Grids__3ELS9_0ELS9_5EEE
 0005:00000F84       Cologrid.$pdata$_ZN8Cologrid6TMgridC3EPN6System7Classes10TComponentE
 0005:00000F9C       Cologrid.$pdata$_ZN8Cologrid6TMgridD0Ev
 0005:00000F00       Cologrid.$pdata$_ZN8Cologrid8RegisterEv
 0002:00001148       Cologrid.$unwind$_ZN8Cologrid12FinalizationEv
 0002:0000114C       Cologrid.$unwind$_ZN8Cologrid14initializationEv
 0002:00001038       Cologrid.$unwind$_ZN8Cologrid6TMgrid10GetPaletteEv
 0002:00001074       Cologrid.$unwind$_ZN8Cologrid6TMgrid11AutoDestroyEv
 0002:0000105C       Cologrid.$unwind$_ZN8Cologrid6TMgrid11setOddColorEN6System7Uitypes6TColorE
 0002:000010D4       Cologrid.$unwind$_ZN8Cologrid6TMgrid12DrawCellTextEiiRKN6System5Types5TRectE
 0002:00001064       Cologrid.$unwind$_ZN8Cologrid6TMgrid12setEvencolorEN6System7Uitypes6TColorE
 0002:0000102C       Cologrid.$unwind$_ZN8Cologrid6TMgrid12SetOddBitmapEPN3Vcl8Graphics7TBitmapE
 0002:00001040       Cologrid.$unwind$_ZN8Cologrid6TMgrid13SetEvenBitmapEPN3Vcl8Graphics7TBitmapE
 0002:0000106C       Cologrid.$unwind$_ZN8Cologrid6TMgrid14AutoInitializeEv
 0002:00001054       Cologrid.$unwind$_ZN8Cologrid6TMgrid14setBorderColorEN6System7Uitypes6TColorE
 0002:00001020       Cologrid.$unwind$_ZN8Cologrid6TMgrid15SetBorderBitmapEPN3Vcl8Graphics7TBitmapE
 0002:0000104C       Cologrid.$unwind$_ZN8Cologrid6TMgrid16setCellAlignmentEN6System7Classes10TAlignmentE
 0002:000010CC       Cologrid.$unwind$_ZN8Cologrid6TMgrid5PaintEv
 0002:000010C4       Cologrid.$unwind$_ZN8Cologrid6TMgrid6LoadedEv
 0002:0000110C       Cologrid.$unwind$_ZN8Cologrid6TMgrid8DrawCellEiiRKN6System5Types5TRectENS1_3SetIN3Vcl5Grids12Vcl_Grids__3ELS9_0ELS9_5EEE
 0002:0000107C       Cologrid.$unwind$_ZN8Cologrid6TMgridC3EPN6System7Classes10TComponentE
 0002:000010B8       Cologrid.$unwind$_ZN8Cologrid6TMgridD0Ev
 0002:00001018       Cologrid.$unwind$_ZN8Cologrid8RegisterEv
 0003:000000EC       Cologrid..2
 0001:00012AB0       Cologrid..TMgrid
 0001:00014010       Cologrid.Cologrid
 0001:00014000       Cologrid.Finalization
 0001:000136D0       Cologrid.Register
 0001:00013930       Cologrid.TMgrid.AutoDestroy
 0001:00013840       Cologrid.TMgrid.AutoInitialize
 0001:00013970       Cologrid.TMgrid.Create
 0001:00013A20       Cologrid.TMgrid.Destroy
 0001:00013BA0       Cologrid.TMgrid.DrawCell
 0001:00013A90       Cologrid.TMgrid.DrawCellText
 0001:00013770       Cologrid.TMgrid.GetPalette
 0001:00013A70       Cologrid.TMgrid.Loaded
 0001:00013A80       Cologrid.TMgrid.Paint
 0001:00013710       Cologrid.TMgrid.SetBorderBitmap
 0001:000137E0       Cologrid.TMgrid.setBorderColor
 0001:000137C0       Cologrid.TMgrid.setCellAlignment
 0001:00013790       Cologrid.TMgrid.SetEvenBitmap
 0001:00013820       Cologrid.TMgrid.setEvencolor
 0001:00013740       Cologrid.TMgrid.SetOddBitmap
 0001:00013800       Cologrid.TMgrid.setOddColor
 0005:00000A68       Console.$pdata$_ZN7Console10TFixedFont10SetBkColorEN6System7Uitypes6TColorE
 0005:00000A50       Console.$pdata$_ZN7Console10TFixedFont6AssignEPN6System7Classes11TPersistentE
 0005:00000A38       Console.$pdata$_ZN7Console10TFixedFontC3Ev
 0005:00000EE8       Console.$pdata$_ZN7Console12FinalizationEv
 0005:00000DF8       Console.$pdata$_ZN7Console12TAttrManager10AllocIndexEv
 0005:00000DC8       Console.$pdata$_ZN7Console12TAttrManager10InFreeListEPv
 0005:00000DE0       Console.$pdata$_ZN7Console12TAttrManager13NextFreeIndexEPv
 0005:00000DD4       Console.$pdata$_ZN7Console12TAttrManager14FirstFreeIndexEv
 0005:00000E10       Console.$pdata$_ZN7Console12TAttrManager5ClearEv
 0005:00000E28       Console.$pdata$_ZN7Console12TAttrManager7GetAttrEi
 0005:00000E34       Console.$pdata$_ZN7Console12TAttrManager7SetAttrEiPNS_5TAttrE
 0005:00000DEC       Console.$pdata$_ZN7Console12TAttrManager7SetFreeEi
 0005:00000E04       Console.$pdata$_ZN7Console12TAttrManager8AllocateEPNS_10TFixedFontE
 0005:00000DBC       Console.$pdata$_ZN7Console12TAttrManager8GetCountEv
 0005:00000E1C       Console.$pdata$_ZN7Console12TAttrManager9ReferenceEii
 0005:00000D98       Console.$pdata$_ZN7Console12TAttrManagerC3Ev
 0005:00000DB0       Console.$pdata$_ZN7Console12TAttrManagerD0Ev
 0005:00000E94       Console.$pdata$_ZN7Console13TColorConsole10SetMetricsERK14tagTEXTMETRICW
 0005:00000EC4       Console.$pdata$_ZN7Console13TColorConsole10WriteBlockEiiPcj
 0005:00000E70       Console.$pdata$_ZN7Console13TColorConsole12ResizeBufferEv
 0005:00000ED0       Console.$pdata$_ZN7Console13TColorConsole5PaintEv
 0005:00000EB8       Console.$pdata$_ZN7Console13TColorConsole8FillAttrEiij
 0005:00000E64       Console.$pdata$_ZN7Console13TColorConsole8IndexPtrEii
 0005:00000EA0       Console.$pdata$_ZN7Console13TColorConsole9WriteFillEiicj
 0005:00000E40       Console.$pdata$_ZN7Console13TColorConsoleC3EPN6System7Classes10TComponentE
 0005:00000E58       Console.$pdata$_ZN7Console13TColorConsoleD0Ev
 0005:00000EF4       Console.$pdata$_ZN7Console14initializationEv
 0005:00000A14       Console.$pdata$_ZN7Console3MaxEii
 0005:00000A08       Console.$pdata$_ZN7Console3MinEii
 0005:00000D80       Console.$pdata$_ZN7Console5TAttrC3EPNS_10TFixedFontE
 0005:00000CB4       Console.$pdata$_ZN7Console7CrtOpenERN6System8TTextRecE
 0005:00000A2C       Console.$pdata$_ZN7Console7FillIntEPvji
 0005:00000CA8       Console.$pdata$_ZN7Console8CrtCloseERN6System8TTextRecE
 0005:00000C9C       Console.$pdata$_ZN7Console8CrtInputERN6System8TTextRecE
 0005:00000A20       Console.$pdata$_ZN7Console8ExchangeERPvS1_
 0005:00000EDC       Console.$pdata$_ZN7Console8RegisterEv
 0005:00000B7C       Console.$pdata$_ZN7Console8TConsole10CMScrollByERNS_11TCMScrollByE
 0005:00000B58       Console.$pdata$_ZN7Console8TConsole10HideCursorEv
 0005:00000C60       Console.$pdata$_ZN7Console8TConsole10KeyPressedEv
 0005:00000B10       Console.$pdata$_ZN7Console8TConsole10SetMetricsERK14tagTEXTMETRICW
 0005:00000CCC       Console.$pdata$_ZN7Console8TConsole10SetOptionsEN6System3SetINS_14TConsoleOptionELS3_0ELS3_7EEE
 0005:00000B4C       Console.$pdata$_ZN7Console8TConsole10ShowCursorEv
 0005:00000D38       Console.$pdata$_ZN7Console8TConsole10WMSetFocusERN6Winapi8Messages11TWMSetFocusE
 0005:00000BF4       Console.$pdata$_ZN7Console8TConsole10WriteBlockEiiPcj
 0005:00000D68       Console.$pdata$_ZN7Console8TConsole11DoCtrlBreakEv
 0005:00000AF8       Console.$pdata$_ZN7Console8TConsole11FontChangedEPN6System7TObjectE
 0005:00000BAC       Console.$pdata$_ZN7Console8TConsole11TrackCursorEv
 0005:00000D44       Console.$pdata$_ZN7Console8TConsole11WMKillFocusERN6Winapi8Messages12TWMKillFocusE
 0005:00000C3C       Console.$pdata$_ZN7Console8TConsole11WriteStringEN6System13UnicodeStringE
 0005:00000AA4       Console.$pdata$_ZN7Console8TConsole12CreateParamsERN3Vcl8Controls13TCreateParamsE
 0005:00000B70       Console.$pdata$_ZN7Console8TConsole12LazyScrollByEii
 0005:00000AC8       Console.$pdata$_ZN7Console8TConsole12ResizeBufferEv
 0005:00000D5C       Console.$pdata$_ZN7Console8TConsole12WMEraseBkgndERN6Winapi8Messages13TWMEraseBkgndE
 0005:00000D50       Console.$pdata$_ZN7Console8TConsole12WMGetDlgCodeERN6Winapi8Messages11TWMNoParamsE
 0005:00000BA0       Console.$pdata$_ZN7Console8TConsole13CMTrackCursorEPv
 0005:00000BB8       Console.$pdata$_ZN7Console8TConsole13SetScrollbarsEv
 0005:00000C24       Console.$pdata$_ZN7Console8TConsole13WriteCodedBufEPcj
 0005:00000BC4       Console.$pdata$_ZN7Console8TConsole14InternalClrScrEv
 0005:00000B94       Console.$pdata$_ZN7Console8TConsole15LazyTrackCursorEv
 0005:00000BDC       Console.$pdata$_ZN7Console8TConsole15RecalibrateFontEv
 0005:00000B1C       Console.$pdata$_ZN7Console8TConsole18RecalcSizeAndRangeEv
 0005:00000AB0       Console.$pdata$_ZN7Console8TConsole26DefaultProcessControlCodesEPcj
 0005:00000CD8       Console.$pdata$_ZN7Console8TConsole5PaintEv
 0005:00000BE8       Console.$pdata$_ZN7Console8TConsole6ClrEolEv
 0005:00000BD0       Console.$pdata$_ZN7Console8TConsole6ClrScrEv
 0005:00000A98       Console.$pdata$_ZN7Console8TConsole6LoadedEv
 0005:00000CE4       Console.$pdata$_ZN7Console8TConsole6WMSizeERN6Winapi8Messages7TWMSizeE
 0005:00000D2C       Console.$pdata$_ZN7Console8TConsole7KeyDownERtN6System3SetINS2_7Classes17System_Classes__1ELS5_0ELS5_10EEE
 0005:00000C84       Console.$pdata$_ZN7Console8TConsole7ReadBufEPcj
 0005:00000C6C       Console.$pdata$_ZN7Console8TConsole7ReadKeyEv
 0005:00000AD4       Console.$pdata$_ZN7Console8TConsole7SetColsEi
 0005:00000AEC       Console.$pdata$_ZN7Console8TConsole7SetFontEPNS_10TFixedFontE
 0005:00000B28       Console.$pdata$_ZN7Console8TConsole7SetNameEN6System13UnicodeStringE
 0005:00000AE0       Console.$pdata$_ZN7Console8TConsole7SetRowsEi
 0005:00000B64       Console.$pdata$_ZN7Console8TConsole8CursorToEii
 0005:00000CFC       Console.$pdata$_ZN7Console8TConsole8DoScrollEiii
 0005:00000D20       Console.$pdata$_ZN7Console8TConsole8KeyPressERw
 0005:00000B88       Console.$pdata$_ZN7Console8TConsole8ScrollToEii
 0005:00000B40       Console.$pdata$_ZN7Console8TConsole8ShowTextEii
 0005:00000ABC       Console.$pdata$_ZN7Console8TConsole8WMCreateEPv
 0005:00000C18       Console.$pdata$_ZN7Console8TConsole8WriteBufEPcj
 0005:00000CC0       Console.$pdata$_ZN7Console8TConsole9AssignCrtERN6System8TextfileE
 0005:00000D74       Console.$pdata$_ZN7Console8TConsole9MouseDownEN6System7Uitypes12TMouseButtonENS1_3SetINS1_7Classes17System_Classes__1ELS6_0ELS6_10EEEii
 0005:00000B34       Console.$pdata$_ZN7Console8TConsole9ScreenPtrEii
 0005:00000D08       Console.$pdata$_ZN7Console8TConsole9WMHScrollERN6Winapi8Messages9TWMScrollE
 0005:00000D14       Console.$pdata$_ZN7Console8TConsole9WMVScrollERN6Winapi8Messages9TWMScrollE
 0005:00000C30       Console.$pdata$_ZN7Console8TConsole9WriteCharEc
 0005:00000C54       Console.$pdata$_ZN7Console8TConsole9WriteFillEiicj
 0005:00000A74       Console.$pdata$_ZN7Console8TConsoleC3EPN6System7Classes10TComponentE
 0005:00000A8C       Console.$pdata$_ZN7Console8TConsoleD0Ev
 0005:00000C90       Console.$pdata$_ZN7Console9CrtOutputERN6System8TTextRecE
 0005:00000E88       Console.$pdata$_ZZN7Console13TColorConsole10SetMetricsERK14tagTEXTMETRICWE5CheckPvii
 0005:00000EAC       Console.$pdata$_ZZN7Console13TColorConsole8FillAttrEiijE11ReplaceAttrPviPij
 0005:00000CF0       Console.$pdata$_ZZN7Console8TConsole8DoScrollEiiiE9GetNewPosPviii
 0005:00000C00       Console.$pdata$_ZZN7Console8TConsole8WriteBufEPcjE6ReturnPv
 0005:00000C0C       Console.$pdata$_ZZN7Console8TConsole8WriteBufEPcjE8LineFeedPv
 0002:00000AF0       Console.$unwind$_ZN7Console10TFixedFont10SetBkColorEN6System7Uitypes6TColorE
 0002:00000AB4       Console.$unwind$_ZN7Console10TFixedFont6AssignEPN6System7Classes11TPersistentE
 0002:00000A78       Console.$unwind$_ZN7Console10TFixedFontC3Ev
 0002:00001010       Console.$unwind$_ZN7Console12FinalizationEv
 0002:00000EC4       Console.$unwind$_ZN7Console12TAttrManager10AllocIndexEv
 0002:00000EAC       Console.$unwind$_ZN7Console12TAttrManager10InFreeListEPv
 0002:00000EB4       Console.$unwind$_ZN7Console12TAttrManager13NextFreeIndexEPv
 0002:00000EB0       Console.$unwind$_ZN7Console12TAttrManager14FirstFreeIndexEv
 0002:00000EE0       Console.$unwind$_ZN7Console12TAttrManager5ClearEv
 0002:00000EF8       Console.$unwind$_ZN7Console12TAttrManager7GetAttrEi
 0002:00000F04       Console.$unwind$_ZN7Console12TAttrManager7SetAttrEiPNS_5TAttrE
 0002:00000EB8       Console.$unwind$_ZN7Console12TAttrManager7SetFreeEi
 0002:00000ED0       Console.$unwind$_ZN7Console12TAttrManager8AllocateEPNS_10TFixedFontE
 0002:00000EA8       Console.$unwind$_ZN7Console12TAttrManager8GetCountEv
 0002:00000EEC       Console.$unwind$_ZN7Console12TAttrManager9ReferenceEii
 0002:00000E60       Console.$unwind$_ZN7Console12TAttrManagerC3Ev
 0002:00000E9C       Console.$unwind$_ZN7Console12TAttrManagerD0Ev
 0002:00000F98       Console.$unwind$_ZN7Console13TColorConsole10SetMetricsERK14tagTEXTMETRICW
 0002:00000FE4       Console.$unwind$_ZN7Console13TColorConsole10WriteBlockEiiPcj
 0002:00000F60       Console.$unwind$_ZN7Console13TColorConsole12ResizeBufferEv
 0002:00000FF4       Console.$unwind$_ZN7Console13TColorConsole5PaintEv
 0002:00000FD0       Console.$unwind$_ZN7Console13TColorConsole8FillAttrEiij
 0002:00000F58       Console.$unwind$_ZN7Console13TColorConsole8IndexPtrEii
 0002:00000FAC       Console.$unwind$_ZN7Console13TColorConsole9WriteFillEiicj
 0002:00000F10       Console.$unwind$_ZN7Console13TColorConsoleC3EPN6System7Classes10TComponentE
 0002:00000F4C       Console.$unwind$_ZN7Console13TColorConsoleD0Ev
 0002:00001014       Console.$unwind$_ZN7Console14initializationEv
 0002:00000A6C       Console.$unwind$_ZN7Console3MaxEii
 0002:00000A68       Console.$unwind$_ZN7Console3MinEii
 0002:00000E20       Console.$unwind$_ZN7Console5TAttrC3EPNS_10TFixedFontE
 0002:00000D78       Console.$unwind$_ZN7Console7CrtOpenERN6System8TTextRecE
 0002:00000A74       Console.$unwind$_ZN7Console7FillIntEPvji
 0002:00000D74       Console.$unwind$_ZN7Console8CrtCloseERN6System8TTextRecE
 0002:00000D6C       Console.$unwind$_ZN7Console8CrtInputERN6System8TTextRecE
 0002:00000A70       Console.$unwind$_ZN7Console8ExchangeERPvS1_
 0002:00001008       Console.$unwind$_ZN7Console8RegisterEv
 0002:00000C28       Console.$unwind$_ZN7Console8TConsole10CMScrollByERNS_11TCMScrollByE
 0002:00000C00       Console.$unwind$_ZN7Console8TConsole10HideCursorEv
 0002:00000D18       Console.$unwind$_ZN7Console8TConsole10KeyPressedEv
 0002:00000BC4       Console.$unwind$_ZN7Console8TConsole10SetMetricsERK14tagTEXTMETRICW
 0002:00000D84       Console.$unwind$_ZN7Console8TConsole10SetOptionsEN6System3SetINS_14TConsoleOptionELS3_0ELS3_7EEE
 0002:00000BF8       Console.$unwind$_ZN7Console8TConsole10ShowCursorEv
 0002:00000DF0       Console.$unwind$_ZN7Console8TConsole10WMSetFocusERN6Winapi8Messages11TWMSetFocusE
 0002:00000C98       Console.$unwind$_ZN7Console8TConsole10WriteBlockEiiPcj
 0002:00000E0C       Console.$unwind$_ZN7Console8TConsole11DoCtrlBreakEv
 0002:00000B90       Console.$unwind$_ZN7Console8TConsole11FontChangedEPN6System7TObjectE
 0002:00000C58       Console.$unwind$_ZN7Console8TConsole11TrackCursorEv
 0002:00000DFC       Console.$unwind$_ZN7Console8TConsole11WMKillFocusERN6Winapi8Messages12TWMKillFocusE
 0002:00000CD8       Console.$unwind$_ZN7Console8TConsole11WriteStringEN6System13UnicodeStringE
 0002:00000B48       Console.$unwind$_ZN7Console8TConsole12CreateParamsERN3Vcl8Controls13TCreateParamsE
 0002:00000C14       Console.$unwind$_ZN7Console8TConsole12LazyScrollByEii
 0002:00000B64       Console.$unwind$_ZN7Console8TConsole12ResizeBufferEv
 0002:00000E08       Console.$unwind$_ZN7Console8TConsole12WMEraseBkgndERN6Winapi8Messages13TWMEraseBkgndE
 0002:00000E04       Console.$unwind$_ZN7Console8TConsole12WMGetDlgCodeERN6Winapi8Messages11TWMNoParamsE
 0002:00000C50       Console.$unwind$_ZN7Console8TConsole13CMTrackCursorEPv
 0002:00000C64       Console.$unwind$_ZN7Console8TConsole13SetScrollbarsEv
 0002:00000CC8       Console.$unwind$_ZN7Console8TConsole13WriteCodedBufEPcj
 0002:00000C70       Console.$unwind$_ZN7Console8TConsole14InternalClrScrEv
 0002:00000C44       Console.$unwind$_ZN7Console8TConsole15LazyTrackCursorEv
 0002:00000C84       Console.$unwind$_ZN7Console8TConsole15RecalibrateFontEv
 0002:00000BD0       Console.$unwind$_ZN7Console8TConsole18RecalcSizeAndRangeEv
 0002:00000B50       Console.$unwind$_ZN7Console8TConsole26DefaultProcessControlCodesEPcj
 0002:00000D90       Console.$unwind$_ZN7Console8TConsole5PaintEv
 0002:00000C8C       Console.$unwind$_ZN7Console8TConsole6ClrEolEv
 0002:00000C7C       Console.$unwind$_ZN7Console8TConsole6ClrScrEv
 0002:00000B40       Console.$unwind$_ZN7Console8TConsole6LoadedEv
 0002:00000DA4       Console.$unwind$_ZN7Console8TConsole6WMSizeERN6Winapi8Messages7TWMSizeE
 0002:00000DE4       Console.$unwind$_ZN7Console8TConsole7KeyDownERtN6System3SetINS2_7Classes17System_Classes__1ELS5_0ELS5_10EEE
 0002:00000D50       Console.$unwind$_ZN7Console8TConsole7ReadBufEPcj
 0002:00000D20       Console.$unwind$_ZN7Console8TConsole7ReadKeyEv
 0002:00000B70       Console.$unwind$_ZN7Console8TConsole7SetColsEi
 0002:00000B88       Console.$unwind$_ZN7Console8TConsole7SetFontEPNS_10TFixedFontE
 0002:00000BDC       Console.$unwind$_ZN7Console8TConsole7SetNameEN6System13UnicodeStringE
 0002:00000B7C       Console.$unwind$_ZN7Console8TConsole7SetRowsEi
 0002:00000C08       Console.$unwind$_ZN7Console8TConsole8CursorToEii
 0002:00000DB8       Console.$unwind$_ZN7Console8TConsole8DoScrollEiii
 0002:00000DD8       Console.$unwind$_ZN7Console8TConsole8KeyPressERw
 0002:00000C30       Console.$unwind$_ZN7Console8TConsole8ScrollToEii
 0002:00000BE8       Console.$unwind$_ZN7Console8TConsole8ShowTextEii
 0002:00000B58       Console.$unwind$_ZN7Console8TConsole8WMCreateEPv
 0002:00000CB8       Console.$unwind$_ZN7Console8TConsole8WriteBufEPcj
 0002:00000D7C       Console.$unwind$_ZN7Console8TConsole9AssignCrtERN6System8TextfileE
 0002:00000E10       Console.$unwind$_ZN7Console8TConsole9MouseDownEN6System7Uitypes12TMouseButtonENS1_3SetINS1_7Classes17System_Classes__1ELS6_0ELS6_10EEEii
 0002:00000BE4       Console.$unwind$_ZN7Console8TConsole9ScreenPtrEii
 0002:00000DC8       Console.$unwind$_ZN7Console8TConsole9WMHScrollERN6Winapi8Messages9TWMScrollE
 0002:00000DD0       Console.$unwind$_ZN7Console8TConsole9WMVScrollERN6Winapi8Messages9TWMScrollE
 0002:00000CD0       Console.$unwind$_ZN7Console8TConsole9WriteCharEc
 0002:00000D08       Console.$unwind$_ZN7Console8TConsole9WriteFillEiicj
 0002:00000AF8       Console.$unwind$_ZN7Console8TConsoleC3EPN6System7Classes10TComponentE
 0002:00000B34       Console.$unwind$_ZN7Console8TConsoleD0Ev
 0002:00000D60       Console.$unwind$_ZN7Console9CrtOutputERN6System8TTextRecE
 0002:00000F90       Console.$unwind$_ZZN7Console13TColorConsole10SetMetricsERK14tagTEXTMETRICWE5CheckPvii
 0002:00000FBC       Console.$unwind$_ZZN7Console13TColorConsole8FillAttrEiijE11ReplaceAttrPviPij
 0002:00000DB0       Console.$unwind$_ZZN7Console8TConsole8DoScrollEiiiE9GetNewPosPviii
 0002:00000CA0       Console.$unwind$_ZZN7Console8TConsole8WriteBufEPcjE6ReturnPv
 0002:00000CA8       Console.$unwind$_ZZN7Console8TConsole8WriteBufEPcjE8LineFeedPv
 0003:000000E8       Console..7
 0001:0000D0F0       Console..EInvalidFont
 0001:0000E488       Console..TAttr
 0001:0000E658       Console..TAttrManager
 0001:0000EA60       Console..TColorConsole
 0001:0000D678       Console..TConsole
 0001:0000D288       Console..TFixedFont
 0001:00011EF0       Console.Check
 0001:00012780       Console.Console
 0001:00010C80       Console.CrtClose
 0001:00010C40       Console.CrtInput
 0001:00010C90       Console.CrtOpen
 0001:00010C00       Console.CrtOutput
 0001:0000EF60       Console.Exchange
 0001:0000EF70       Console.FillInt
 0001:00012770       Console.Finalization
 0001:000112A0       Console.GetNewPos
 0001:00010260       Console.LineFeed
 0001:0000EF50       Console.Max
 0001:0000EF40       Console.Min
 0002:00000A34       Console.ReadActive
 0001:000126F0       Console.Register
 0001:000120F0       Console.ReplaceAttr
 0001:00010230       Console.Return
 0002:00000A35       Console.ScrollKeys
 0001:00011620       Console.TAttr.Create
 0001:00011990       Console.TAttrManager.Allocate
 0001:00011950       Console.TAttrManager.AllocIndex
 0001:00011AB0       Console.TAttrManager.Clear
 0001:000117A0       Console.TAttrManager.Create
 0001:00011850       Console.TAttrManager.Destroy
 0001:000118D0       Console.TAttrManager.FirstFreeIndex
 0001:00011B80       Console.TAttrManager.GetAttr
 0001:000118A0       Console.TAttrManager.GetCount
 0001:000118B0       Console.TAttrManager.InFreeList
 0001:000118E0       Console.TAttrManager.NextFreeIndex
 0001:00011B40       Console.TAttrManager.Reference
 0001:00011BB0       Console.TAttrManager.SetAttr
 0001:00011900       Console.TAttrManager.SetFree
 0001:00011C20       Console.TColorConsole.Create
 0001:00011CE0       Console.TColorConsole.Destroy
 0001:00012160       Console.TColorConsole.FillAttr
 0001:00011D40       Console.TColorConsole.IndexPtr
 0001:000122C0       Console.TColorConsole.Paint
 0001:00011D70       Console.TColorConsole.ResizeBuffer
 0001:00011F10       Console.TColorConsole.SetMetrics
 0001:00012270       Console.TColorConsole.WriteBlock
 0001:000120A0       Console.TColorConsole.WriteFill
 0001:00010CE0       Console.TConsole.AssignCrt
 0001:000101A0       Console.TConsole.ClrEol
 0001:00010110       Console.TConsole.ClrScr
 0001:0000FBE0       Console.TConsole.CMScrollBy
 0001:0000FF40       Console.TConsole.CMTrackCursor
 0001:0000F130       Console.TConsole.Create
 0001:0000F3D0       Console.TConsole.CreateParams
 0001:0000FA30       Console.TConsole.CursorTo
 0001:0000F3F0       Console.TConsole.DefaultProcessControlCodes
 0001:0000F330       Console.TConsole.Destroy
 0001:000115C0       Console.TConsole.DoCtrlBreak
 0001:00011310       Console.TConsole.DoScroll
 0001:0000F530       Console.TConsole.FontChanged
 0001:0000FA20       Console.TConsole.HideCursor
 0001:00010090       Console.TConsole.InternalClrScr
 0001:00011450       Console.TConsole.KeyDown
 0001:000113E0       Console.TConsole.KeyPress
 0001:00010850       Console.TConsole.KeyPressed
 0001:0000FAB0       Console.TConsole.LazyScrollBy
 0001:0000FEC0       Console.TConsole.LazyTrackCursor
 0001:0000F3B0       Console.TConsole.Loaded
 0001:000115D0       Console.TConsole.MouseDown
 0001:00010FB0       Console.TConsole.Paint
 0001:00010AE0       Console.TConsole.ReadBuf
 0001:00010890       Console.TConsole.ReadKey
 0001:0000F7D0       Console.TConsole.RecalcSizeAndRange
 0001:00010130       Console.TConsole.RecalibrateFont
 0001:0000F430       Console.TConsole.ResizeBuffer
 0001:0000F8C0       Console.TConsole.ScreenPtr
 0001:0000FC10       Console.TConsole.ScrollTo
 0001:0000F490       Console.TConsole.SetCols
 0001:0000F510       Console.TConsole.SetFont
 0001:0000F770       Console.TConsole.SetMetrics
 0001:0000F890       Console.TConsole.SetName
 0001:00010D40       Console.TConsole.SetOptions
 0001:0000F4D0       Console.TConsole.SetRows
 0001:0000FFC0       Console.TConsole.SetScrollbars
 0001:0000F9A0       Console.TConsole.ShowCursor
 0001:0000F8F0       Console.TConsole.ShowText
 0001:0000FF50       Console.TConsole.TrackCursor
 0001:0000F400       Console.TConsole.WMCreate
 0001:000115B0       Console.TConsole.WMEraseBkgnd
 0001:000115A0       Console.TConsole.WMGetDlgCode
 0001:000113A0       Console.TConsole.WMHScroll
 0001:00011560       Console.TConsole.WMKillFocus
 0001:00011510       Console.TConsole.WMSetFocus
 0001:00011220       Console.TConsole.WMSize
 0001:000113C0       Console.TConsole.WMVScroll
 0001:00010200       Console.TConsole.WriteBlock
 0001:00010360       Console.TConsole.WriteBuf
 0001:000106E0       Console.TConsole.WriteChar
 0001:000106A0       Console.TConsole.WriteCodedBuf
 0001:00010780       Console.TConsole.WriteFill
 0001:00010700       Console.TConsole.WriteString
 0001:0000F090       Console.TFixedFont.Assign
 0001:0000EFA0       Console.TFixedFont.Create
 0001:0000F110       Console.TFixedFont.SetBkColor
 0005:000010EC       Console2.$pdata$_ZN8Console211TFixedFont_10SetBkColorEN6System7Uitypes6TColorE
 0005:000010D4       Console2.$pdata$_ZN8Console211TFixedFont_6AssignEPN6System7Classes11TPersistentE
 0005:000010BC       Console2.$pdata$_ZN8Console211TFixedFont_C3Ev
 0005:0000156C       Console2.$pdata$_ZN8Console212FinalizationEv
 0005:0000147C       Console2.$pdata$_ZN8Console212TAttrManager10AllocIndexEv
 0005:0000144C       Console2.$pdata$_ZN8Console212TAttrManager10InFreeListEPv
 0005:00001464       Console2.$pdata$_ZN8Console212TAttrManager13NextFreeIndexEPv
 0005:00001458       Console2.$pdata$_ZN8Console212TAttrManager14FirstFreeIndexEv
 0005:00001494       Console2.$pdata$_ZN8Console212TAttrManager5ClearEv
 0005:000014AC       Console2.$pdata$_ZN8Console212TAttrManager7GetAttrEi
 0005:000014B8       Console2.$pdata$_ZN8Console212TAttrManager7SetAttrEiPNS_5TAttrE
 0005:00001470       Console2.$pdata$_ZN8Console212TAttrManager7SetFreeEi
 0005:00001488       Console2.$pdata$_ZN8Console212TAttrManager8AllocateEPNS_11TFixedFont_E
 0005:00001440       Console2.$pdata$_ZN8Console212TAttrManager8GetCountEv
 0005:000014A0       Console2.$pdata$_ZN8Console212TAttrManager9ReferenceEii
 0005:0000141C       Console2.$pdata$_ZN8Console212TAttrManagerC3Ev
 0005:00001434       Console2.$pdata$_ZN8Console212TAttrManagerD0Ev
 0005:00001578       Console2.$pdata$_ZN8Console214initializationEv
 0005:00001518       Console2.$pdata$_ZN8Console214TColorConsole210SetMetricsERK14tagTEXTMETRICW
 0005:00001548       Console2.$pdata$_ZN8Console214TColorConsole210WriteBlockEiiPcj
 0005:000014F4       Console2.$pdata$_ZN8Console214TColorConsole212ResizeBufferEv
 0005:00001554       Console2.$pdata$_ZN8Console214TColorConsole25PaintEv
 0005:0000153C       Console2.$pdata$_ZN8Console214TColorConsole28FillAttrEiij
 0005:000014E8       Console2.$pdata$_ZN8Console214TColorConsole28IndexPtrEii
 0005:00001524       Console2.$pdata$_ZN8Console214TColorConsole29WriteFillEiicj
 0005:000014C4       Console2.$pdata$_ZN8Console214TColorConsole2C3EPN6System7Classes10TComponentE
 0005:000014DC       Console2.$pdata$_ZN8Console214TColorConsole2D0Ev
 0005:00001098       Console2.$pdata$_ZN8Console23MaxEii
 0005:0000108C       Console2.$pdata$_ZN8Console23MinEii
 0005:00001404       Console2.$pdata$_ZN8Console25TAttrC3EPNS_11TFixedFont_E
 0005:00001338       Console2.$pdata$_ZN8Console27CrtOpenERN6System8TTextRecE
 0005:000010B0       Console2.$pdata$_ZN8Console27FillIntEPvji
 0005:0000132C       Console2.$pdata$_ZN8Console28CrtCloseERN6System8TTextRecE
 0005:00001320       Console2.$pdata$_ZN8Console28CrtInputERN6System8TTextRecE
 0005:000010A4       Console2.$pdata$_ZN8Console28ExchangeERPvS1_
 0005:00001560       Console2.$pdata$_ZN8Console28RegisterEv
 0005:00001314       Console2.$pdata$_ZN8Console29CrtOutputERN6System8TTextRecE
 0005:00001200       Console2.$pdata$_ZN8Console29TConsole210CMScrollByERNS_11TCMScrollByE
 0005:000011DC       Console2.$pdata$_ZN8Console29TConsole210HideCursorEv
 0005:000012E4       Console2.$pdata$_ZN8Console29TConsole210KeyPressedEv
 0005:00001194       Console2.$pdata$_ZN8Console29TConsole210SetMetricsERK14tagTEXTMETRICW
 0005:00001350       Console2.$pdata$_ZN8Console29TConsole210SetOptionsEN6System3SetINS_15TConsole2OptionELS3_0ELS3_7EEE
 0005:000011D0       Console2.$pdata$_ZN8Console29TConsole210ShowCursorEv
 0005:000013BC       Console2.$pdata$_ZN8Console29TConsole210WMSetFocusERN6Winapi8Messages11TWMSetFocusE
 0005:00001278       Console2.$pdata$_ZN8Console29TConsole210WriteBlockEiiPcj
 0005:000013EC       Console2.$pdata$_ZN8Console29TConsole211DoCtrlBreakEv
 0005:0000117C       Console2.$pdata$_ZN8Console29TConsole211FontChangedEPN6System7TObjectE
 0005:00001230       Console2.$pdata$_ZN8Console29TConsole211TrackCursorEv
 0005:000013C8       Console2.$pdata$_ZN8Console29TConsole211WMKillFocusERN6Winapi8Messages12TWMKillFocusE
 0005:000012C0       Console2.$pdata$_ZN8Console29TConsole211WriteStringEN6System13UnicodeStringE
 0005:00001128       Console2.$pdata$_ZN8Console29TConsole212CreateParamsERN3Vcl8Controls13TCreateParamsE
 0005:000011F4       Console2.$pdata$_ZN8Console29TConsole212LazyScrollByEii
 0005:0000114C       Console2.$pdata$_ZN8Console29TConsole212ResizeBufferEv
 0005:000013E0       Console2.$pdata$_ZN8Console29TConsole212WMEraseBkgndERN6Winapi8Messages13TWMEraseBkgndE
 0005:000013D4       Console2.$pdata$_ZN8Console29TConsole212WMGetDlgCodeERN6Winapi8Messages11TWMNoParamsE
 0005:00001224       Console2.$pdata$_ZN8Console29TConsole213CMTrackCursorEPv
 0005:0000123C       Console2.$pdata$_ZN8Console29TConsole213SetScrollbarsEv
 0005:000012A8       Console2.$pdata$_ZN8Console29TConsole213WriteCodedBufEPcj
 0005:00001248       Console2.$pdata$_ZN8Console29TConsole214InternalClrScrEv
 0005:00001218       Console2.$pdata$_ZN8Console29TConsole215LazyTrackCursorEv
 0005:00001260       Console2.$pdata$_ZN8Console29TConsole215RecalibrateFontEv
 0005:000011A0       Console2.$pdata$_ZN8Console29TConsole218RecalcSizeAndRangeEv
 0005:00001134       Console2.$pdata$_ZN8Console29TConsole226DefaultProcessControlCodesEPcj
 0005:0000135C       Console2.$pdata$_ZN8Console29TConsole25PaintEv
 0005:0000126C       Console2.$pdata$_ZN8Console29TConsole26ClrEolEv
 0005:00001254       Console2.$pdata$_ZN8Console29TConsole26ClrScrEv
 0005:0000111C       Console2.$pdata$_ZN8Console29TConsole26LoadedEv
 0005:00001368       Console2.$pdata$_ZN8Console29TConsole26WMSizeERN6Winapi8Messages7TWMSizeE
 0005:000013B0       Console2.$pdata$_ZN8Console29TConsole27KeyDownERtN6System3SetINS2_7Classes17System_Classes__1ELS5_0ELS5_10EEE
 0005:00001308       Console2.$pdata$_ZN8Console29TConsole27ReadBufEPcj
 0005:000012F0       Console2.$pdata$_ZN8Console29TConsole27ReadKeyEv
 0005:00001158       Console2.$pdata$_ZN8Console29TConsole27SetColsEi
 0005:00001170       Console2.$pdata$_ZN8Console29TConsole27SetFontEPNS_11TFixedFont_E
 0005:000011AC       Console2.$pdata$_ZN8Console29TConsole27SetNameEN6System13UnicodeStringE
 0005:00001164       Console2.$pdata$_ZN8Console29TConsole27SetRowsEi
 0005:000011E8       Console2.$pdata$_ZN8Console29TConsole28CursorToEii
 0005:00001380       Console2.$pdata$_ZN8Console29TConsole28DoScrollEiii
 0005:000013A4       Console2.$pdata$_ZN8Console29TConsole28KeyPressERw
 0005:0000120C       Console2.$pdata$_ZN8Console29TConsole28ScrollToEii
 0005:000011C4       Console2.$pdata$_ZN8Console29TConsole28ShowTextEii
 0005:00001140       Console2.$pdata$_ZN8Console29TConsole28WMCreateEPv
 0005:0000129C       Console2.$pdata$_ZN8Console29TConsole28WriteBufEPcj
 0005:00001344       Console2.$pdata$_ZN8Console29TConsole29AssignCrtERN6System8TextfileE
 0005:000013F8       Console2.$pdata$_ZN8Console29TConsole29MouseDownEN6System7Uitypes12TMouseButtonENS1_3SetINS1_7Classes17System_Classes__1ELS6_0ELS6_10EEEii
 0005:000011B8       Console2.$pdata$_ZN8Console29TConsole29ScreenPtrEii
 0005:0000138C       Console2.$pdata$_ZN8Console29TConsole29WMHScrollERN6Winapi8Messages9TWMScrollE
 0005:00001398       Console2.$pdata$_ZN8Console29TConsole29WMVScrollERN6Winapi8Messages9TWMScrollE
 0005:000012B4       Console2.$pdata$_ZN8Console29TConsole29WriteCharEc
 0005:000012D8       Console2.$pdata$_ZN8Console29TConsole29WriteFillEiicj
 0005:000010F8       Console2.$pdata$_ZN8Console29TConsole2C3EPN6System7Classes10TComponentE
 0005:00001110       Console2.$pdata$_ZN8Console29TConsole2D0Ev
 0005:0000150C       Console2.$pdata$_ZZN8Console214TColorConsole210SetMetricsERK14tagTEXTMETRICWE5CheckPvii
 0005:00001530       Console2.$pdata$_ZZN8Console214TColorConsole28FillAttrEiijE11ReplaceAttrPviPij
 0005:00001374       Console2.$pdata$_ZZN8Console29TConsole28DoScrollEiiiE9GetNewPosPviii
 0005:00001284       Console2.$pdata$_ZZN8Console29TConsole28WriteBufEPcjE6ReturnPv
 0005:00001290       Console2.$pdata$_ZZN8Console29TConsole28WriteBufEPcjE8LineFeedPv
 0002:000012B4       Console2.$unwind$_ZN8Console211TFixedFont_10SetBkColorEN6System7Uitypes6TColorE
 0002:00001278       Console2.$unwind$_ZN8Console211TFixedFont_6AssignEPN6System7Classes11TPersistentE
 0002:0000123C       Console2.$unwind$_ZN8Console211TFixedFont_C3Ev
 0002:000017D4       Console2.$unwind$_ZN8Console212FinalizationEv
 0002:00001688       Console2.$unwind$_ZN8Console212TAttrManager10AllocIndexEv
 0002:00001670       Console2.$unwind$_ZN8Console212TAttrManager10InFreeListEPv
 0002:00001678       Console2.$unwind$_ZN8Console212TAttrManager13NextFreeIndexEPv
 0002:00001674       Console2.$unwind$_ZN8Console212TAttrManager14FirstFreeIndexEv
 0002:000016A4       Console2.$unwind$_ZN8Console212TAttrManager5ClearEv
 0002:000016BC       Console2.$unwind$_ZN8Console212TAttrManager7GetAttrEi
 0002:000016C8       Console2.$unwind$_ZN8Console212TAttrManager7SetAttrEiPNS_5TAttrE
 0002:0000167C       Console2.$unwind$_ZN8Console212TAttrManager7SetFreeEi
 0002:00001694       Console2.$unwind$_ZN8Console212TAttrManager8AllocateEPNS_11TFixedFont_E
 0002:0000166C       Console2.$unwind$_ZN8Console212TAttrManager8GetCountEv
 0002:000016B0       Console2.$unwind$_ZN8Console212TAttrManager9ReferenceEii
 0002:00001624       Console2.$unwind$_ZN8Console212TAttrManagerC3Ev
 0002:00001660       Console2.$unwind$_ZN8Console212TAttrManagerD0Ev
 0002:000017D8       Console2.$unwind$_ZN8Console214initializationEv
 0002:0000175C       Console2.$unwind$_ZN8Console214TColorConsole210SetMetricsERK14tagTEXTMETRICW
 0002:000017A8       Console2.$unwind$_ZN8Console214TColorConsole210WriteBlockEiiPcj
 0002:00001724       Console2.$unwind$_ZN8Console214TColorConsole212ResizeBufferEv
 0002:000017B8       Console2.$unwind$_ZN8Console214TColorConsole25PaintEv
 0002:00001794       Console2.$unwind$_ZN8Console214TColorConsole28FillAttrEiij
 0002:0000171C       Console2.$unwind$_ZN8Console214TColorConsole28IndexPtrEii
 0002:00001770       Console2.$unwind$_ZN8Console214TColorConsole29WriteFillEiicj
 0002:000016D4       Console2.$unwind$_ZN8Console214TColorConsole2C3EPN6System7Classes10TComponentE
 0002:00001710       Console2.$unwind$_ZN8Console214TColorConsole2D0Ev
 0002:00001230       Console2.$unwind$_ZN8Console23MaxEii
 0002:0000122C       Console2.$unwind$_ZN8Console23MinEii
 0002:000015E4       Console2.$unwind$_ZN8Console25TAttrC3EPNS_11TFixedFont_E
 0002:0000153C       Console2.$unwind$_ZN8Console27CrtOpenERN6System8TTextRecE
 0002:00001238       Console2.$unwind$_ZN8Console27FillIntEPvji
 0002:00001538       Console2.$unwind$_ZN8Console28CrtCloseERN6System8TTextRecE
 0002:00001530       Console2.$unwind$_ZN8Console28CrtInputERN6System8TTextRecE
 0002:00001234       Console2.$unwind$_ZN8Console28ExchangeERPvS1_
 0002:000017CC       Console2.$unwind$_ZN8Console28RegisterEv
 0002:00001524       Console2.$unwind$_ZN8Console29CrtOutputERN6System8TTextRecE
 0002:000013EC       Console2.$unwind$_ZN8Console29TConsole210CMScrollByERNS_11TCMScrollByE
 0002:000013C4       Console2.$unwind$_ZN8Console29TConsole210HideCursorEv
 0002:000014DC       Console2.$unwind$_ZN8Console29TConsole210KeyPressedEv
 0002:00001388       Console2.$unwind$_ZN8Console29TConsole210SetMetricsERK14tagTEXTMETRICW
 0002:00001548       Console2.$unwind$_ZN8Console29TConsole210SetOptionsEN6System3SetINS_15TConsole2OptionELS3_0ELS3_7EEE
 0002:000013BC       Console2.$unwind$_ZN8Console29TConsole210ShowCursorEv
 0002:000015B4       Console2.$unwind$_ZN8Console29TConsole210WMSetFocusERN6Winapi8Messages11TWMSetFocusE
 0002:0000145C       Console2.$unwind$_ZN8Console29TConsole210WriteBlockEiiPcj
 0002:000015D0       Console2.$unwind$_ZN8Console29TConsole211DoCtrlBreakEv
 0002:00001354       Console2.$unwind$_ZN8Console29TConsole211FontChangedEPN6System7TObjectE
 0002:0000141C       Console2.$unwind$_ZN8Console29TConsole211TrackCursorEv
 0002:000015C0       Console2.$unwind$_ZN8Console29TConsole211WMKillFocusERN6Winapi8Messages12TWMKillFocusE
 0002:0000149C       Console2.$unwind$_ZN8Console29TConsole211WriteStringEN6System13UnicodeStringE
 0002:0000130C       Console2.$unwind$_ZN8Console29TConsole212CreateParamsERN3Vcl8Controls13TCreateParamsE
 0002:000013D8       Console2.$unwind$_ZN8Console29TConsole212LazyScrollByEii
 0002:00001328       Console2.$unwind$_ZN8Console29TConsole212ResizeBufferEv
 0002:000015CC       Console2.$unwind$_ZN8Console29TConsole212WMEraseBkgndERN6Winapi8Messages13TWMEraseBkgndE
 0002:000015C8       Console2.$unwind$_ZN8Console29TConsole212WMGetDlgCodeERN6Winapi8Messages11TWMNoParamsE
 0002:00001414       Console2.$unwind$_ZN8Console29TConsole213CMTrackCursorEPv
 0002:00001428       Console2.$unwind$_ZN8Console29TConsole213SetScrollbarsEv
 0002:0000148C       Console2.$unwind$_ZN8Console29TConsole213WriteCodedBufEPcj
 0002:00001434       Console2.$unwind$_ZN8Console29TConsole214InternalClrScrEv
 0002:00001408       Console2.$unwind$_ZN8Console29TConsole215LazyTrackCursorEv
 0002:00001448       Console2.$unwind$_ZN8Console29TConsole215RecalibrateFontEv
 0002:00001394       Console2.$unwind$_ZN8Console29TConsole218RecalcSizeAndRangeEv
 0002:00001314       Console2.$unwind$_ZN8Console29TConsole226DefaultProcessControlCodesEPcj
 0002:00001554       Console2.$unwind$_ZN8Console29TConsole25PaintEv
 0002:00001450       Console2.$unwind$_ZN8Console29TConsole26ClrEolEv
 0002:00001440       Console2.$unwind$_ZN8Console29TConsole26ClrScrEv
 0002:00001304       Console2.$unwind$_ZN8Console29TConsole26LoadedEv
 0002:00001568       Console2.$unwind$_ZN8Console29TConsole26WMSizeERN6Winapi8Messages7TWMSizeE
 0002:000015A8       Console2.$unwind$_ZN8Console29TConsole27KeyDownERtN6System3SetINS2_7Classes17System_Classes__1ELS5_0ELS5_10EEE
 0002:00001514       Console2.$unwind$_ZN8Console29TConsole27ReadBufEPcj
 0002:000014E4       Console2.$unwind$_ZN8Console29TConsole27ReadKeyEv
 0002:00001334       Console2.$unwind$_ZN8Console29TConsole27SetColsEi
 0002:0000134C       Console2.$unwind$_ZN8Console29TConsole27SetFontEPNS_11TFixedFont_E
 0002:000013A0       Console2.$unwind$_ZN8Console29TConsole27SetNameEN6System13UnicodeStringE
 0002:00001340       Console2.$unwind$_ZN8Console29TConsole27SetRowsEi
 0002:000013CC       Console2.$unwind$_ZN8Console29TConsole28CursorToEii
 0002:0000157C       Console2.$unwind$_ZN8Console29TConsole28DoScrollEiii
 0002:0000159C       Console2.$unwind$_ZN8Console29TConsole28KeyPressERw
 0002:000013F4       Console2.$unwind$_ZN8Console29TConsole28ScrollToEii
 0002:000013AC       Console2.$unwind$_ZN8Console29TConsole28ShowTextEii
 0002:0000131C       Console2.$unwind$_ZN8Console29TConsole28WMCreateEPv
 0002:0000147C       Console2.$unwind$_ZN8Console29TConsole28WriteBufEPcj
 0002:00001540       Console2.$unwind$_ZN8Console29TConsole29AssignCrtERN6System8TextfileE
 0002:000015D4       Console2.$unwind$_ZN8Console29TConsole29MouseDownEN6System7Uitypes12TMouseButtonENS1_3SetINS1_7Classes17System_Classes__1ELS6_0ELS6_10EEEii
 0002:000013A8       Console2.$unwind$_ZN8Console29TConsole29ScreenPtrEii
 0002:0000158C       Console2.$unwind$_ZN8Console29TConsole29WMHScrollERN6Winapi8Messages9TWMScrollE
 0002:00001594       Console2.$unwind$_ZN8Console29TConsole29WMVScrollERN6Winapi8Messages9TWMScrollE
 0002:00001494       Console2.$unwind$_ZN8Console29TConsole29WriteCharEc
 0002:000014CC       Console2.$unwind$_ZN8Console29TConsole29WriteFillEiicj
 0002:000012BC       Console2.$unwind$_ZN8Console29TConsole2C3EPN6System7Classes10TComponentE
 0002:000012F8       Console2.$unwind$_ZN8Console29TConsole2D0Ev
 0002:00001754       Console2.$unwind$_ZZN8Console214TColorConsole210SetMetricsERK14tagTEXTMETRICWE5CheckPvii
 0002:00001780       Console2.$unwind$_ZZN8Console214TColorConsole28FillAttrEiijE11ReplaceAttrPviPij
 0002:00001574       Console2.$unwind$_ZZN8Console29TConsole28DoScrollEiiiE9GetNewPosPviii
 0002:00001464       Console2.$unwind$_ZZN8Console29TConsole28WriteBufEPcjE6ReturnPv
 0002:0000146C       Console2.$unwind$_ZZN8Console29TConsole28WriteBufEPcjE8LineFeedPv
 0003:000000F4       Console2..7
 0001:000149C0       Console2..EInvalidFont
 0001:00015D68       Console2..TAttr
 0001:00015F38       Console2..TAttrManager
 0001:00016340       Console2..TColorConsole2
 0001:00014F58       Console2..TConsole2
 0001:00014B60       Console2..TFixedFont_
 0001:00019780       Console2.Check
 0001:0001A010       Console2.Console2
 0001:00018510       Console2.CrtClose
 0001:000184D0       Console2.CrtInput
 0001:00018520       Console2.CrtOpen
 0001:00018490       Console2.CrtOutput
 0001:00016840       Console2.Exchange
 0001:00016850       Console2.FillInt
 0001:0001A000       Console2.Finalization
 0001:00018B30       Console2.GetNewPos
 0001:00017AF0       Console2.LineFeed
 0001:00016830       Console2.Max
 0001:00016820       Console2.Min
 0002:000011F8       Console2.ReadActive
 0001:00019F80       Console2.Register
 0001:00019980       Console2.ReplaceAttr
 0001:00017AC0       Console2.Return
 0002:000011F9       Console2.ScrollKeys
 0001:00018EB0       Console2.TAttr.Create
 0001:00019220       Console2.TAttrManager.Allocate
 0001:000191E0       Console2.TAttrManager.AllocIndex
 0001:00019340       Console2.TAttrManager.Clear
 0001:00019030       Console2.TAttrManager.Create
 0001:000190E0       Console2.TAttrManager.Destroy
 0001:00019160       Console2.TAttrManager.FirstFreeIndex
 0001:00019410       Console2.TAttrManager.GetAttr
 0001:00019130       Console2.TAttrManager.GetCount
 0001:00019140       Console2.TAttrManager.InFreeList
 0001:00019170       Console2.TAttrManager.NextFreeIndex
 0001:000193D0       Console2.TAttrManager.Reference
 0001:00019440       Console2.TAttrManager.SetAttr
 0001:00019190       Console2.TAttrManager.SetFree
 0001:000194B0       Console2.TColorConsole2.Create
 0001:00019570       Console2.TColorConsole2.Destroy
 0001:000199F0       Console2.TColorConsole2.FillAttr
 0001:000195D0       Console2.TColorConsole2.IndexPtr
 0001:00019B50       Console2.TColorConsole2.Paint
 0001:00019600       Console2.TColorConsole2.ResizeBuffer
 0001:000197A0       Console2.TColorConsole2.SetMetrics
 0001:00019B00       Console2.TColorConsole2.WriteBlock
 0001:00019930       Console2.TColorConsole2.WriteFill
 0001:00018570       Console2.TConsole2.AssignCrt
 0001:00017A30       Console2.TConsole2.ClrEol
 0001:000179A0       Console2.TConsole2.ClrScr
 0001:000174C0       Console2.TConsole2.CMScrollBy
 0001:00017820       Console2.TConsole2.CMTrackCursor
 0001:00016A10       Console2.TConsole2.Create
 0001:00016CB0       Console2.TConsole2.CreateParams
 0001:00017310       Console2.TConsole2.CursorTo
 0001:00016CD0       Console2.TConsole2.DefaultProcessControlCodes
 0001:00016C10       Console2.TConsole2.Destroy
 0001:00018E50       Console2.TConsole2.DoCtrlBreak
 0001:00018BA0       Console2.TConsole2.DoScroll
 0001:00016E10       Console2.TConsole2.FontChanged
 0001:00017300       Console2.TConsole2.HideCursor
 0001:00017920       Console2.TConsole2.InternalClrScr
 0001:00018CE0       Console2.TConsole2.KeyDown
 0001:00018C70       Console2.TConsole2.KeyPress
 0001:000180E0       Console2.TConsole2.KeyPressed
 0001:00017390       Console2.TConsole2.LazyScrollBy
 0001:000177A0       Console2.TConsole2.LazyTrackCursor
 0001:00016C90       Console2.TConsole2.Loaded
 0001:00018E60       Console2.TConsole2.MouseDown
 0001:00018840       Console2.TConsole2.Paint
 0001:00018370       Console2.TConsole2.ReadBuf
 0001:00018120       Console2.TConsole2.ReadKey
 0001:000170B0       Console2.TConsole2.RecalcSizeAndRange
 0001:000179C0       Console2.TConsole2.RecalibrateFont
 0001:00016D10       Console2.TConsole2.ResizeBuffer
 0001:000171A0       Console2.TConsole2.ScreenPtr
 0001:000174F0       Console2.TConsole2.ScrollTo
 0001:00016D70       Console2.TConsole2.SetCols
 0001:00016DF0       Console2.TConsole2.SetFont
 0001:00017050       Console2.TConsole2.SetMetrics
 0001:00017170       Console2.TConsole2.SetName
 0001:000185D0       Console2.TConsole2.SetOptions
 0001:00016DB0       Console2.TConsole2.SetRows
 0001:000178A0       Console2.TConsole2.SetScrollbars
 0001:00017280       Console2.TConsole2.ShowCursor
 0001:000171D0       Console2.TConsole2.ShowText
 0001:00017830       Console2.TConsole2.TrackCursor
 0001:00016CE0       Console2.TConsole2.WMCreate
 0001:00018E40       Console2.TConsole2.WMEraseBkgnd
 0001:00018E30       Console2.TConsole2.WMGetDlgCode
 0001:00018C30       Console2.TConsole2.WMHScroll
 0001:00018DF0       Console2.TConsole2.WMKillFocus
 0001:00018DA0       Console2.TConsole2.WMSetFocus
 0001:00018AB0       Console2.TConsole2.WMSize
 0001:00018C50       Console2.TConsole2.WMVScroll
 0001:00017A90       Console2.TConsole2.WriteBlock
 0001:00017BF0       Console2.TConsole2.WriteBuf
 0001:00017F70       Console2.TConsole2.WriteChar
 0001:00017F30       Console2.TConsole2.WriteCodedBuf
 0001:00018010       Console2.TConsole2.WriteFill
 0001:00017F90       Console2.TConsole2.WriteString
 0001:00016970       Console2.TFixedFont_.Assign
 0001:00016880       Console2.TFixedFont_.Create
 0001:000169F0       Console2.TFixedFont_.SetBkColor
 0005:000009F0       CPDReg.$pdata$_ZN6Cpdreg12FinalizationEv
 0005:000009FC       CPDReg.$pdata$_ZN6Cpdreg14initializationEv
 0005:000009E4       CPDReg.$pdata$_ZN6Cpdreg8RegisterEv
 0002:00000A2C       CPDReg.$unwind$_ZN6Cpdreg12FinalizationEv
 0002:00000A30       CPDReg.$unwind$_ZN6Cpdreg14initializationEv
 0002:00000A24       CPDReg.$unwind$_ZN6Cpdreg8RegisterEv
 0003:000000E4       CPDReg..1
 0001:0000D0E0       CPDReg.CPDReg
 0001:0000D0D0       CPDReg.Finalization
 0001:0000D080       CPDReg.Register
 0005:00000798       CPDrv.$pdata$_ZN5Cpdrv10BaudRateOfENS_9TBaudRateE
 0005:000007A4       CPDrv.$pdata$_ZN5Cpdrv10DelayForRXENS_9TBaudRateEj
 0005:000009CC       CPDrv.$pdata$_ZN5Cpdrv12FinalizationEv
 0005:0000078C       CPDrv.$pdata$_ZN5Cpdrv13GetWinVersionEv
 0005:00000780       CPDrv.$pdata$_ZN5Cpdrv14GetWinPlatformEv
 0005:000009D8       CPDrv.$pdata$_ZN5Cpdrv14initializationEv
 0005:000008C4       CPDrv.$pdata$_ZN5Cpdrv15TCommPortDriver10DisconnectEv
 0005:00000930       CPDrv.$pdata$_ZN5Cpdrv15TCommPortDriver10SendDataExEPcjj
 0005:00000960       CPDrv.$pdata$_ZN5Cpdrv15TCommPortDriver10SendStringEN6System11AnsiStringTILt0EEE
 0005:00000978       CPDrv.$pdata$_ZN5Cpdrv15TCommPortDriver11SendZStringEPc
 0005:00000810       CPDrv.$pdata$_ZN5Cpdrv15TCommPortDriver11SetBaudRateENS_9TBaudRateE
 0005:00000828       CPDrv.$pdata$_ZN5Cpdrv15TCommPortDriver11SetDataBitsENS_9TDataBitsE
 0005:000007F8       CPDrv.$pdata$_ZN5Cpdrv15TCommPortDriver11SetPortNameEN6System13UnicodeStringE
 0005:00000834       CPDrv.$pdata$_ZN5Cpdrv15TCommPortDriver11SetStopBitsENS_9TStopBitsE
 0005:0000090C       CPDrv.$pdata$_ZN5Cpdrv15TCommPortDriver12FlushBuffersEbb
 0005:00000924       CPDrv.$pdata$_ZN5Cpdrv15TCommPortDriver12OutFreeSpaceEv
 0005:000008F4       CPDrv.$pdata$_ZN5Cpdrv15TCommPortDriver12PausePollingEv
 0005:00000864       CPDrv.$pdata$_ZN5Cpdrv15TCommPortDriver12SetInBufSizeEj
 0005:000009C0       CPDrv.$pdata$_ZN5Cpdrv15TCommPortDriver12TimerWndProcERN6Winapi8Messages8TMessageE
 0005:000008DC       CPDrv.$pdata$_ZN5Cpdrv15TCommPortDriver13GetLineStatusEv
 0005:00000870       CPDrv.$pdata$_ZN5Cpdrv15TCommPortDriver13SetOutBufSizeEj
 0005:0000087C       CPDrv.$pdata$_ZN5Cpdrv15TCommPortDriver13SetPacketSizeEs
 0005:00000900       CPDrv.$pdata$_ZN5Cpdrv15TCommPortDriver15ContinuePollingEv
 0005:00000894       CPDrv.$pdata$_ZN5Cpdrv15TCommPortDriver15SetPollingDelayEt
 0005:000008A0       CPDrv.$pdata$_ZN5Cpdrv15TCommPortDriver16ApplyCOMSettingsEv
 0005:0000081C       CPDrv.$pdata$_ZN5Cpdrv15TCommPortDriver16SetBaudRateValueEj
 0005:0000084C       CPDrv.$pdata$_ZN5Cpdrv15TCommPortDriver16SetHwFlowControlENS_14THwFlowControlE
 0005:00000888       CPDrv.$pdata$_ZN5Cpdrv15TCommPortDriver16SetPacketTimeoutEi
 0005:00000858       CPDrv.$pdata$_ZN5Cpdrv15TCommPortDriver16SetSwFlowControlENS_14TSwFlowControlE
 0005:000008B8       CPDrv.$pdata$_ZN5Cpdrv15TCommPortDriver7ConnectEv
 0005:00000918       CPDrv.$pdata$_ZN5Cpdrv15TCommPortDriver7CountRXEv
 0005:000007E0       CPDrv.$pdata$_ZN5Cpdrv15TCommPortDriver7SetPortENS_11TPortNumberE
 0005:00000990       CPDrv.$pdata$_ZN5Cpdrv15TCommPortDriver8ReadByteERh
 0005:0000099C       CPDrv.$pdata$_ZN5Cpdrv15TCommPortDriver8ReadCharERc
 0005:00000984       CPDrv.$pdata$_ZN5Cpdrv15TCommPortDriver8ReadDataEPcj
 0005:00000948       CPDrv.$pdata$_ZN5Cpdrv15TCommPortDriver8SendByteEh
 0005:00000954       CPDrv.$pdata$_ZN5Cpdrv15TCommPortDriver8SendCharEc
 0005:0000093C       CPDrv.$pdata$_ZN5Cpdrv15TCommPortDriver8SendDataEPvj
 0005:000008D0       CPDrv.$pdata$_ZN5Cpdrv15TCommPortDriver9ConnectedEv
 0005:000008E8       CPDrv.$pdata$_ZN5Cpdrv15TCommPortDriver9IsPollingEv
 0005:000007D4       CPDrv.$pdata$_ZN5Cpdrv15TCommPortDriver9SetHandleEy
 0005:00000840       CPDrv.$pdata$_ZN5Cpdrv15TCommPortDriver9SetParityENS_7TParityE
 0005:000009A8       CPDrv.$pdata$_ZN5Cpdrv15TCommPortDriver9ToggleDTREb
 0005:000009B4       CPDrv.$pdata$_ZN5Cpdrv15TCommPortDriver9ToggleRTSEb
 0005:000007B0       CPDrv.$pdata$_ZN5Cpdrv15TCommPortDriverC3EPN6System7Classes10TComponentE
 0005:000007C8       CPDrv.$pdata$_ZN5Cpdrv15TCommPortDriverD0Ev
 0002:000007AC       CPDrv.$unwind$_ZN5Cpdrv10BaudRateOfENS_9TBaudRateE
 0002:000007B0       CPDrv.$unwind$_ZN5Cpdrv10DelayForRXENS_9TBaudRateEj
 0002:00000A1C       CPDrv.$unwind$_ZN5Cpdrv12FinalizationEv
 0002:000007A4       CPDrv.$unwind$_ZN5Cpdrv13GetWinVersionEv
 0002:00000794       CPDrv.$unwind$_ZN5Cpdrv14GetWinPlatformEv
 0002:00000A20       CPDrv.$unwind$_ZN5Cpdrv14initializationEv
 0002:00000914       CPDrv.$unwind$_ZN5Cpdrv15TCommPortDriver10DisconnectEv
 0002:00000968       CPDrv.$unwind$_ZN5Cpdrv15TCommPortDriver10SendDataExEPcjj
 0002:00000994       CPDrv.$unwind$_ZN5Cpdrv15TCommPortDriver10SendStringEN6System11AnsiStringTILt0EEE
 0002:000009C4       CPDrv.$unwind$_ZN5Cpdrv15TCommPortDriver11SendZStringEPc
 0002:0000086C       CPDrv.$unwind$_ZN5Cpdrv15TCommPortDriver11SetBaudRateENS_9TBaudRateE
 0002:0000087C       CPDrv.$unwind$_ZN5Cpdrv15TCommPortDriver11SetDataBitsENS_9TDataBitsE
 0002:0000083C       CPDrv.$unwind$_ZN5Cpdrv15TCommPortDriver11SetPortNameEN6System13UnicodeStringE
 0002:00000884       CPDrv.$unwind$_ZN5Cpdrv15TCommPortDriver11SetStopBitsENS_9TStopBitsE
 0002:0000093C       CPDrv.$unwind$_ZN5Cpdrv15TCommPortDriver12FlushBuffersEbb
 0002:0000095C       CPDrv.$unwind$_ZN5Cpdrv15TCommPortDriver12OutFreeSpaceEv
 0002:00000934       CPDrv.$unwind$_ZN5Cpdrv15TCommPortDriver12PausePollingEv
 0002:000008A4       CPDrv.$unwind$_ZN5Cpdrv15TCommPortDriver12SetInBufSizeEj
 0002:00000A0C       CPDrv.$unwind$_ZN5Cpdrv15TCommPortDriver12TimerWndProcERN6Winapi8Messages8TMessageE
 0002:00000920       CPDrv.$unwind$_ZN5Cpdrv15TCommPortDriver13GetLineStatusEv
 0002:000008B0       CPDrv.$unwind$_ZN5Cpdrv15TCommPortDriver13SetOutBufSizeEj
 0002:000008BC       CPDrv.$unwind$_ZN5Cpdrv15TCommPortDriver13SetPacketSizeEs
 0002:00000938       CPDrv.$unwind$_ZN5Cpdrv15TCommPortDriver15ContinuePollingEv
 0002:000008C8       CPDrv.$unwind$_ZN5Cpdrv15TCommPortDriver15SetPollingDelayEt
 0002:000008D4       CPDrv.$unwind$_ZN5Cpdrv15TCommPortDriver16ApplyCOMSettingsEv
 0002:00000874       CPDrv.$unwind$_ZN5Cpdrv15TCommPortDriver16SetBaudRateValueEj
 0002:00000894       CPDrv.$unwind$_ZN5Cpdrv15TCommPortDriver16SetHwFlowControlENS_14THwFlowControlE
 0002:000008C4       CPDrv.$unwind$_ZN5Cpdrv15TCommPortDriver16SetPacketTimeoutEi
 0002:0000089C       CPDrv.$unwind$_ZN5Cpdrv15TCommPortDriver16SetSwFlowControlENS_14TSwFlowControlE
 0002:00000904       CPDrv.$unwind$_ZN5Cpdrv15TCommPortDriver7ConnectEv
 0002:0000094C       CPDrv.$unwind$_ZN5Cpdrv15TCommPortDriver7CountRXEv
 0002:0000080C       CPDrv.$unwind$_ZN5Cpdrv15TCommPortDriver7SetPortENS_11TPortNumberE
 0002:000009E4       CPDrv.$unwind$_ZN5Cpdrv15TCommPortDriver8ReadByteERh
 0002:000009EC       CPDrv.$unwind$_ZN5Cpdrv15TCommPortDriver8ReadCharERc
 0002:000009D0       CPDrv.$unwind$_ZN5Cpdrv15TCommPortDriver8ReadDataEPcj
 0002:00000984       CPDrv.$unwind$_ZN5Cpdrv15TCommPortDriver8SendByteEh
 0002:0000098C       CPDrv.$unwind$_ZN5Cpdrv15TCommPortDriver8SendCharEc
 0002:0000097C       CPDrv.$unwind$_ZN5Cpdrv15TCommPortDriver8SendDataEPvj
 0002:0000091C       CPDrv.$unwind$_ZN5Cpdrv15TCommPortDriver9ConnectedEv
 0002:00000930       CPDrv.$unwind$_ZN5Cpdrv15TCommPortDriver9IsPollingEv
 0002:00000800       CPDrv.$unwind$_ZN5Cpdrv15TCommPortDriver9SetHandleEy
 0002:0000088C       CPDrv.$unwind$_ZN5Cpdrv15TCommPortDriver9SetParityENS_7TParityE
 0002:000009F4       CPDrv.$unwind$_ZN5Cpdrv15TCommPortDriver9ToggleDTREb
 0002:00000A00       CPDrv.$unwind$_ZN5Cpdrv15TCommPortDriver9ToggleRTSEb
 0002:000007B8       CPDrv.$unwind$_ZN5Cpdrv15TCommPortDriverC3EPN6System7Classes10TComponentE
 0002:000007F4       CPDrv.$unwind$_ZN5Cpdrv15TCommPortDriverD0Ev
 0003:000000E0       CPDrv..2
 0001:0000AAD8       CPDrv..TCommPortDriver
 0001:0000BD60       CPDrv.BaudRateOf
 0001:0000D070       CPDrv.CPDrv
 0001:0000BD80       CPDrv.DelayForRX
 0001:0000D060       CPDrv.Finalization
 0002:0000078C       CPDrv.funcs
 0002:00000784       CPDrv.funcs
 0001:0000BC40       CPDrv.GetWinPlatform
 0001:0000BD20       CPDrv.GetWinVersion
 0001:0000C550       CPDrv.TCommPortDriver.ApplyCOMSettings
 0001:0000C750       CPDrv.TCommPortDriver.Connect
 0001:0000C870       CPDrv.TCommPortDriver.Connected
 0001:0000C930       CPDrv.TCommPortDriver.ContinuePolling
 0001:0000C9A0       CPDrv.TCommPortDriver.CountRX
 0001:0000BDD0       CPDrv.TCommPortDriver.Create
 0001:0000C000       CPDrv.TCommPortDriver.Destroy
 0001:0000C830       CPDrv.TCommPortDriver.Disconnect
 0001:0000C940       CPDrv.TCommPortDriver.FlushBuffers
 0001:0000C880       CPDrv.TCommPortDriver.GetLineStatus
 0001:0000C910       CPDrv.TCommPortDriver.IsPolling
 0001:0000C9E0       CPDrv.TCommPortDriver.OutFreeSpace
 0001:0000C920       CPDrv.TCommPortDriver.PausePolling
 0001:0000CD40       CPDrv.TCommPortDriver.ReadByte
 0001:0000CD60       CPDrv.TCommPortDriver.ReadChar
 0001:0000CC80       CPDrv.TCommPortDriver.ReadData
 0001:0000CB60       CPDrv.TCommPortDriver.SendByte
 0001:0000CB90       CPDrv.TCommPortDriver.SendChar
 0001:0000CB40       CPDrv.TCommPortDriver.SendData
 0001:0000CA30       CPDrv.TCommPortDriver.SendDataEx
 0001:0000CBC0       CPDrv.TCommPortDriver.SendString
 0001:0000CC40       CPDrv.TCommPortDriver.SendZString
 0001:0000C230       CPDrv.TCommPortDriver.SetBaudRate
 0001:0000C270       CPDrv.TCommPortDriver.SetBaudRateValue
 0001:0000C2A0       CPDrv.TCommPortDriver.SetDataBits
 0001:0000C070       CPDrv.TCommPortDriver.SetHandle
 0001:0000C330       CPDrv.TCommPortDriver.SetHwFlowControl
 0001:0000C390       CPDrv.TCommPortDriver.SetInBufSize
 0001:0000C400       CPDrv.TCommPortDriver.SetOutBufSize
 0001:0000C440       CPDrv.TCommPortDriver.SetPacketSize
 0001:0000C480       CPDrv.TCommPortDriver.SetPacketTimeout
 0001:0000C300       CPDrv.TCommPortDriver.SetParity
 0001:0000C4D0       CPDrv.TCommPortDriver.SetPollingDelay
 0001:0000C0F0       CPDrv.TCommPortDriver.SetPort
 0001:0000C1B0       CPDrv.TCommPortDriver.SetPortName
 0001:0000C2D0       CPDrv.TCommPortDriver.SetStopBits
 0001:0000C360       CPDrv.TCommPortDriver.SetSwFlowControl
 0001:0000CE00       CPDrv.TCommPortDriver.TimerWndProc
 0001:0000CD80       CPDrv.TCommPortDriver.ToggleDTR
 0001:0000CDC0       CPDrv.TCommPortDriver.ToggleRTS
 0002:00000748       CPDrv.Win32BaudRates
 0005:00000768       Hemibtn.$pdata$_ZN7Hemibtn12FinalizationEv
 0005:00000774       Hemibtn.$pdata$_ZN7Hemibtn14initializationEv
 0005:00000738       Hemibtn.$pdata$_ZN7Hemibtn17THemisphereButton10CalcImagesEv
 0005:000005DC       Hemibtn.$pdata$_ZN7Hemibtn17THemisphereButton10SetCaptionEN6System13UnicodeStringE
 0005:000004F8       Hemibtn.$pdata$_ZN7Hemibtn17THemisphereButton11ReadImageInEPN6System7Classes7TStreamE
 0005:00000504       Hemibtn.$pdata$_ZN7Hemibtn17THemisphereButton12ReadImageOutEPN6System7Classes7TStreamE
 0005:000006CC       Hemibtn.$pdata$_ZN7Hemibtn17THemisphereButton12RenderBorderEPN3Vcl8Graphics7TCanvasEiiiiib
 0005:00000600       Hemibtn.$pdata$_ZN7Hemibtn17THemisphereButton12SetFaceColorEN6System7Uitypes6TColorE
 0005:0000066C       Hemibtn.$pdata$_ZN7Hemibtn17THemisphereButton12SetNumGlyphsEi
 0005:00000528       Hemibtn.$pdata$_ZN7Hemibtn17THemisphereButton12WriteImageInEPN6System7Classes7TStreamE
 0005:00000678       Hemibtn.$pdata$_ZN7Hemibtn17THemisphereButton13InsideEllipseEii
 0005:00000510       Hemibtn.$pdata$_ZN7Hemibtn17THemisphereButton13ReadImageMaskEPN6System7Classes7TStreamE
 0005:0000057C       Hemibtn.$pdata$_ZN7Hemibtn17THemisphereButton13SetAllowAllUpEb
 0005:000005A0       Hemibtn.$pdata$_ZN7Hemibtn17THemisphereButton13SetBevelInnerENS_16THemisphereBevelE
 0005:000005AC       Hemibtn.$pdata$_ZN7Hemibtn17THemisphereButton13SetBevelOuterENS_16THemisphereBevelE
 0005:00000594       Hemibtn.$pdata$_ZN7Hemibtn17THemisphereButton13SetBevelWidthEi
 0005:0000060C       Hemibtn.$pdata$_ZN7Hemibtn17THemisphereButton13SetFaceShadedEb
 0005:0000063C       Hemibtn.$pdata$_ZN7Hemibtn17THemisphereButton13SetGlyphIndexEi
 0005:00000534       Hemibtn.$pdata$_ZN7Hemibtn17THemisphereButton13WriteImageOutEPN6System7Classes7TStreamE
 0005:00000558       Hemibtn.$pdata$_ZN7Hemibtn17THemisphereButton14ReadGlyphValidEPN6System7Classes7TReaderE
 0005:0000051C       Hemibtn.$pdata$_ZN7Hemibtn17THemisphereButton14ReadImageGlyphEPN6System7Classes7TStreamE
 0005:000005B8       Hemibtn.$pdata$_ZN7Hemibtn17THemisphereButton14SetBorderColorEN6System7Uitypes6TColorE
 0005:000005C4       Hemibtn.$pdata$_ZN7Hemibtn17THemisphereButton14SetBorderStyleEN3Vcl5Forms16TFormBorderStyleE
 0005:00000648       Hemibtn.$pdata$_ZN7Hemibtn17THemisphereButton14SetGlyphMappedEb
 0005:00000654       Hemibtn.$pdata$_ZN7Hemibtn17THemisphereButton14SetGlyphShadedEb
 0005:00000540       Hemibtn.$pdata$_ZN7Hemibtn17THemisphereButton14WriteImageMaskEPN6System7Classes7TStreamE
 0005:00000588       Hemibtn.$pdata$_ZN7Hemibtn17THemisphereButton15SetAttenControlEd
 0005:00000564       Hemibtn.$pdata$_ZN7Hemibtn17THemisphereButton15WriteGlyphValidEPN6System7Classes7TWriterE
 0005:0000054C       Hemibtn.$pdata$_ZN7Hemibtn17THemisphereButton15WriteImageGlyphEPN6System7Classes7TStreamE
 0005:00000570       Hemibtn.$pdata$_ZN7Hemibtn17THemisphereButton16DefinePropertiesEPN6System7Classes6TFilerE
 0005:000006F0       Hemibtn.$pdata$_ZN7Hemibtn17THemisphereButton17RenderButtonFacesEiPN3Vcl8Graphics7TCanvasES4_S4_
 0005:00000618       Hemibtn.$pdata$_ZN7Hemibtn17THemisphereButton18SetFaceTransparentEb
 0005:00000660       Hemibtn.$pdata$_ZN7Hemibtn17THemisphereButton19SetGlyphTransparentEb
 0005:00000750       Hemibtn.$pdata$_ZN7Hemibtn17THemisphereButton5PaintEv
 0005:0000069C       Hemibtn.$pdata$_ZN7Hemibtn17THemisphereButton7MouseUpEN6System7Uitypes12TMouseButtonENS1_3SetINS1_7Classes17System_Classes__1ELS6_0ELS6_10EEEii
 0005:000005F4       Hemibtn.$pdata$_ZN7Hemibtn17THemisphereButton7SetDownEb
 0005:00000624       Hemibtn.$pdata$_ZN7Hemibtn17THemisphereButton7SetFontEPN3Vcl8Graphics5TFontE
 0005:00000630       Hemibtn.$pdata$_ZN7Hemibtn17THemisphereButton8SetGlyphEPN3Vcl8Graphics7TBitmapE
 0005:00000684       Hemibtn.$pdata$_ZN7Hemibtn17THemisphereButton9MouseDownEN6System7Uitypes12TMouseButtonENS1_3SetINS1_7Classes17System_Classes__1ELS6_0ELS6_10EEEii
 0005:00000690       Hemibtn.$pdata$_ZN7Hemibtn17THemisphereButton9MouseMoveEN6System3SetINS1_7Classes17System_Classes__1ELS4_0ELS4_10EEEii
 0005:000005D0       Hemibtn.$pdata$_ZN7Hemibtn17THemisphereButton9SetBoundsEiiii
 0005:000004D4       Hemibtn.$pdata$_ZN7Hemibtn17THemisphereButtonC3EPN6System7Classes10TComponentE
 0005:000004EC       Hemibtn.$pdata$_ZN7Hemibtn17THemisphereButtonD0Ev
 0005:000004B0       Hemibtn.$pdata$_ZN7Hemibtn4CeilEd
 0005:000004BC       Hemibtn.$pdata$_ZN7Hemibtn5FloorEd
 0005:000004C8       Hemibtn.$pdata$_ZN7Hemibtn7ArcTan2Edd
 0005:000004A4       Hemibtn.$pdata$_ZN7Hemibtn8RegisterEv
 0005:00000714       Hemibtn.$pdata$_ZZN7Hemibtn17THemisphereButton10CalcImagesEvE11DrawBordersPv
 0005:00000720       Hemibtn.$pdata$_ZZN7Hemibtn17THemisphereButton10CalcImagesEvE11DrawCaptionPv
 0005:0000072C       Hemibtn.$pdata$_ZZN7Hemibtn17THemisphereButton10CalcImagesEvE13CombineImagesPv
 0005:00000708       Hemibtn.$pdata$_ZZN7Hemibtn17THemisphereButton10CalcImagesEvE9DrawMasksPv
 0005:000006FC       Hemibtn.$pdata$_ZZN7Hemibtn17THemisphereButton10CalcImagesEvE9NewBitmapPvb
 0005:000006B4       Hemibtn.$pdata$_ZZN7Hemibtn17THemisphereButton12RenderBorderEPN3Vcl8Graphics7TCanvasEiiiiibE12SetPixel4WayPvii
 0005:000006C0       Hemibtn.$pdata$_ZZN7Hemibtn17THemisphereButton12RenderBorderEPN3Vcl8Graphics7TCanvasEiiiiibE12SetPixelNWayPvii
 0005:000006A8       Hemibtn.$pdata$_ZZN7Hemibtn17THemisphereButton12RenderBorderEPN3Vcl8Graphics7TCanvasEiiiiibE8SetPixelPviiddd
[...]
 0005:000008B8       CPDrv.$pdata$_ZN5Cpdrv15TCommPortDriver7ConnectEv
 0005:000008C4       CPDrv.$pdata$_ZN5Cpdrv15TCommPortDriver10DisconnectEv
 0005:000008D0       CPDrv.$pdata$_ZN5Cpdrv15TCommPortDriver9ConnectedEv
 0005:000008DC       CPDrv.$pdata$_ZN5Cpdrv15TCommPortDriver13GetLineStatusEv
 0005:000008E8       CPDrv.$pdata$_ZN5Cpdrv15TCommPortDriver9IsPollingEv
 0005:000008F4       CPDrv.$pdata$_ZN5Cpdrv15TCommPortDriver12PausePollingEv
 0005:00000900       CPDrv.$pdata$_ZN5Cpdrv15TCommPortDriver15ContinuePollingEv
 0005:0000090C       CPDrv.$pdata$_ZN5Cpdrv15TCommPortDriver12FlushBuffersEbb
 0005:00000918       CPDrv.$pdata$_ZN5Cpdrv15TCommPortDriver7CountRXEv
 0005:00000924       CPDrv.$pdata$_ZN5Cpdrv15TCommPortDriver12OutFreeSpaceEv
 0005:00000930       CPDrv.$pdata$_ZN5Cpdrv15TCommPortDriver10SendDataExEPcjj
 0005:0000093C       CPDrv.$pdata$_ZN5Cpdrv15TCommPortDriver8SendDataEPvj
 0005:00000948       CPDrv.$pdata$_ZN5Cpdrv15TCommPortDriver8SendByteEh
 0005:00000954       CPDrv.$pdata$_ZN5Cpdrv15TCommPortDriver8SendCharEc
 0005:00000960       CPDrv.$pdata$_ZN5Cpdrv15TCommPortDriver10SendStringEN6System11AnsiStringTILt0EEE
 0005:00000978       CPDrv.$pdata$_ZN5Cpdrv15TCommPortDriver11SendZStringEPc
 0005:00000984       CPDrv.$pdata$_ZN5Cpdrv15TCommPortDriver8ReadDataEPcj
 0005:00000990       CPDrv.$pdata$_ZN5Cpdrv15TCommPortDriver8ReadByteERh
 0005:0000099C       CPDrv.$pdata$_ZN5Cpdrv15TCommPortDriver8ReadCharERc
 0005:000009A8       CPDrv.$pdata$_ZN5Cpdrv15TCommPortDriver9ToggleDTREb
 0005:000009B4       CPDrv.$pdata$_ZN5Cpdrv15TCommPortDriver9ToggleRTSEb
 0005:000009C0       CPDrv.$pdata$_ZN5Cpdrv15TCommPortDriver12TimerWndProcERN6Winapi8Messages8TMessageE
 0005:000009CC       CPDrv.$pdata$_ZN5Cpdrv12FinalizationEv
 0005:000009D8       CPDrv.$pdata$_ZN5Cpdrv14initializationEv
 0005:000009E4       CPDReg.$pdata$_ZN6Cpdreg8RegisterEv
 0005:000009F0       CPDReg.$pdata$_ZN6Cpdreg12FinalizationEv
 0005:000009FC       CPDReg.$pdata$_ZN6Cpdreg14initializationEv
 0005:00000A08       Console.$pdata$_ZN7Console3MinEii
 0005:00000A14       Console.$pdata$_ZN7Console3MaxEii
 0005:00000A20       Console.$pdata$_ZN7Console8ExchangeERPvS1_
 0005:00000A2C       Console.$pdata$_ZN7Console7FillIntEPvji
 0005:00000A38       Console.$pdata$_ZN7Console10TFixedFontC3Ev
 0005:00000A50       Console.$pdata$_ZN7Console10TFixedFont6AssignEPN6System7Classes11TPersistentE
 0005:00000A68       Console.$pdata$_ZN7Console10TFixedFont10SetBkColorEN6System7Uitypes6TColorE
 0005:00000A74       Console.$pdata$_ZN7Console8TConsoleC3EPN6System7Classes10TComponentE
 0005:00000A8C       Console.$pdata$_ZN7Console8TConsoleD0Ev
 0005:00000A98       Console.$pdata$_ZN7Console8TConsole6LoadedEv
 0005:00000AA4       Console.$pdata$_ZN7Console8TConsole12CreateParamsERN3Vcl8Controls13TCreateParamsE
 0005:00000AB0       Console.$pdata$_ZN7Console8TConsole26DefaultProcessControlCodesEPcj
 0005:00000ABC       Console.$pdata$_ZN7Console8TConsole8WMCreateEPv
 0005:00000AC8       Console.$pdata$_ZN7Console8TConsole12ResizeBufferEv
 0005:00000AD4       Console.$pdata$_ZN7Console8TConsole7SetColsEi
 0005:00000AE0       Console.$pdata$_ZN7Console8TConsole7SetRowsEi
 0005:00000AEC       Console.$pdata$_ZN7Console8TConsole7SetFontEPNS_10TFixedFontE
 0005:00000AF8       Console.$pdata$_ZN7Console8TConsole11FontChangedEPN6System7TObjectE
 0005:00000B10       Console.$pdata$_ZN7Console8TConsole10SetMetricsERK14tagTEXTMETRICW
 0005:00000B1C       Console.$pdata$_ZN7Console8TConsole18RecalcSizeAndRangeEv
 0005:00000B28       Console.$pdata$_ZN7Console8TConsole7SetNameEN6System13UnicodeStringE
 0005:00000B34       Console.$pdata$_ZN7Console8TConsole9ScreenPtrEii
 0005:00000B40       Console.$pdata$_ZN7Console8TConsole8ShowTextEii
 0005:00000B4C       Console.$pdata$_ZN7Console8TConsole10ShowCursorEv
 0005:00000B58       Console.$pdata$_ZN7Console8TConsole10HideCursorEv
 0005:00000B64       Console.$pdata$_ZN7Console8TConsole8CursorToEii
 0005:00000B70       Console.$pdata$_ZN7Console8TConsole12LazyScrollByEii
 0005:00000B7C       Console.$pdata$_ZN7Console8TConsole10CMScrollByERNS_11TCMScrollByE
 0005:00000B88       Console.$pdata$_ZN7Console8TConsole8ScrollToEii
 0005:00000B94       Console.$pdata$_ZN7Console8TConsole15LazyTrackCursorEv
 0005:00000BA0       Console.$pdata$_ZN7Console8TConsole13CMTrackCursorEPv
 0005:00000BAC       Console.$pdata$_ZN7Console8TConsole11TrackCursorEv
 0005:00000BB8       Console.$pdata$_ZN7Console8TConsole13SetScrollbarsEv
 0005:00000BC4       Console.$pdata$_ZN7Console8TConsole14InternalClrScrEv
 0005:00000BD0       Console.$pdata$_ZN7Console8TConsole6ClrScrEv
 0005:00000BDC       Console.$pdata$_ZN7Console8TConsole15RecalibrateFontEv
 0005:00000BE8       Console.$pdata$_ZN7Console8TConsole6ClrEolEv
 0005:00000BF4       Console.$pdata$_ZN7Console8TConsole10WriteBlockEiiPcj
 0005:00000C00       Console.$pdata$_ZZN7Console8TConsole8WriteBufEPcjE6ReturnPv
 0005:00000C0C       Console.$pdata$_ZZN7Console8TConsole8WriteBufEPcjE8LineFeedPv
 0005:00000C18       Console.$pdata$_ZN7Console8TConsole8WriteBufEPcj
 0005:00000C24       Console.$pdata$_ZN7Console8TConsole13WriteCodedBufEPcj
 0005:00000C30       Console.$pdata$_ZN7Console8TConsole9WriteCharEc
 0005:00000C3C       Console.$pdata$_ZN7Console8TConsole11WriteStringEN6System13UnicodeStringE
 0005:00000C54       Console.$pdata$_ZN7Console8TConsole9WriteFillEiicj
 0005:00000C60       Console.$pdata$_ZN7Console8TConsole10KeyPressedEv
 0005:00000C6C       Console.$pdata$_ZN7Console8TConsole7ReadKeyEv
 0005:00000C84       Console.$pdata$_ZN7Console8TConsole7ReadBufEPcj
 0005:00000C90       Console.$pdata$_ZN7Console9CrtOutputERN6System8TTextRecE
 0005:00000C9C       Console.$pdata$_ZN7Console8CrtInputERN6System8TTextRecE
 0005:00000CA8       Console.$pdata$_ZN7Console8CrtCloseERN6System8TTextRecE
 0005:00000CB4       Console.$pdata$_ZN7Console7CrtOpenERN6System8TTextRecE
 0005:00000CC0       Console.$pdata$_ZN7Console8TConsole9AssignCrtERN6System8TextfileE
 0005:00000CCC       Console.$pdata$_ZN7Console8TConsole10SetOptionsEN6System3SetINS_14TConsoleOptionELS3_0ELS3_7EEE
 0005:00000CD8       Console.$pdata$_ZN7Console8TConsole5PaintEv
 0005:00000CE4       Console.$pdata$_ZN7Console8TConsole6WMSizeERN6Winapi8Messages7TWMSizeE
 0005:00000CF0       Console.$pdata$_ZZN7Console8TConsole8DoScrollEiiiE9GetNewPosPviii
 0005:00000CFC       Console.$pdata$_ZN7Console8TConsole8DoScrollEiii
 0005:00000D08       Console.$pdata$_ZN7Console8TConsole9WMHScrollERN6Winapi8Messages9TWMScrollE
 0005:00000D14       Console.$pdata$_ZN7Console8TConsole9WMVScrollERN6Winapi8Messages9TWMScrollE
 0005:00000D20       Console.$pdata$_ZN7Console8TConsole8KeyPressERw
 0005:00000D2C       Console.$pdata$_ZN7Console8TConsole7KeyDownERtN6System3SetINS2_7Classes17System_Classes__1ELS5_0ELS5_10EEE
 0005:00000D38       Console.$pdata$_ZN7Console8TConsole10WMSetFocusERN6Winapi8Messages11TWMSetFocusE
 0005:00000D44       Console.$pdata$_ZN7Console8TConsole11WMKillFocusERN6Winapi8Messages12TWMKillFocusE
 0005:00000D50       Console.$pdata$_ZN7Console8TConsole12WMGetDlgCodeERN6Winapi8Messages11TWMNoParamsE
 0005:00000D5C       Console.$pdata$_ZN7Console8TConsole12WMEraseBkgndERN6Winapi8Messages13TWMEraseBkgndE
 0005:00000D68       Console.$pdata$_ZN7Console8TConsole11DoCtrlBreakEv
 0005:00000D74       Console.$pdata$_ZN7Console8TConsole9MouseDownEN6System7Uitypes12TMouseButtonENS1_3SetINS1_7Classes17System_Classes__1ELS6_0ELS6_10EEEii
 0005:00000D80       Console.$pdata$_ZN7Console5TAttrC3EPNS_10TFixedFontE
 0005:00000D98       Console.$pdata$_ZN7Console12TAttrManagerC3Ev
 0005:00000DB0       Console.$pdata$_ZN7Console12TAttrManagerD0Ev
 0005:00000DBC       Console.$pdata$_ZN7Console12TAttrManager8GetCountEv
 0005:00000DC8       Console.$pdata$_ZN7Console12TAttrManager10InFreeListEPv
 0005:00000DD4       Console.$pdata$_ZN7Console12TAttrManager14FirstFreeIndexEv
 0005:00000DE0       Console.$pdata$_ZN7Console12TAttrManager13NextFreeIndexEPv
 0005:00000DEC       Console.$pdata$_ZN7Console12TAttrManager7SetFreeEi
 0005:00000DF8       Console.$pdata$_ZN7Console12TAttrManager10AllocIndexEv
 0005:00000E04       Console.$pdata$_ZN7Console12TAttrManager8AllocateEPNS_10TFixedFontE
 0005:00000E10       Console.$pdata$_ZN7Console12TAttrManager5ClearEv
 0005:00000E1C       Console.$pdata$_ZN7Console12TAttrManager9ReferenceEii
 0005:00000E28       Console.$pdata$_ZN7Console12TAttrManager7GetAttrEi
 0005:00000E34       Console.$pdata$_ZN7Console12TAttrManager7SetAttrEiPNS_5TAttrE
 0005:00000E40       Console.$pdata$_ZN7Console13TColorConsoleC3EPN6System7Classes10TComponentE
 0005:00000E58       Console.$pdata$_ZN7Console13TColorConsoleD0Ev
 0005:00000E64       Console.$pdata$_ZN7Console13TColorConsole8IndexPtrEii
 0005:00000E70       Console.$pdata$_ZN7Console13TColorConsole12ResizeBufferEv
 0005:00000E88       Console.$pdata$_ZZN7Console13TColorConsole10SetMetricsERK14tagTEXTMETRICWE5CheckPvii
 0005:00000E94       Console.$pdata$_ZN7Console13TColorConsole10SetMetricsERK14tagTEXTMETRICW
 0005:00000EA0       Console.$pdata$_ZN7Console13TColorConsole9WriteFillEiicj
 0005:00000EAC       Console.$pdata$_ZZN7Console13TColorConsole8FillAttrEiijE11ReplaceAttrPviPij
 0005:00000EB8       Console.$pdata$_ZN7Console13TColorConsole8FillAttrEiij
 0005:00000EC4       Console.$pdata$_ZN7Console13TColorConsole10WriteBlockEiiPcj
 0005:00000ED0       Console.$pdata$_ZN7Console13TColorConsole5PaintEv
 0005:00000EDC       Console.$pdata$_ZN7Console8RegisterEv
 0005:00000EE8       Console.$pdata$_ZN7Console12FinalizationEv
 0005:00000EF4       Console.$pdata$_ZN7Console14initializationEv
 0005:00000F00       Cologrid.$pdata$_ZN8Cologrid8RegisterEv
 0005:00000F0C       Cologrid.$pdata$_ZN8Cologrid6TMgrid15SetBorderBitmapEPN3Vcl8Graphics7TBitmapE
 0005:00000F18       Cologrid.$pdata$_ZN8Cologrid6TMgrid12SetOddBitmapEPN3Vcl8Graphics7TBitmapE
 0005:00000F24       Cologrid.$pdata$_ZN8Cologrid6TMgrid10GetPaletteEv
 0005:00000F30       Cologrid.$pdata$_ZN8Cologrid6TMgrid13SetEvenBitmapEPN3Vcl8Graphics7TBitmapE
 0005:00000F3C       Cologrid.$pdata$_ZN8Cologrid6TMgrid16setCellAlignmentEN6System7Classes10TAlignmentE
 0005:00000F48       Cologrid.$pdata$_ZN8Cologrid6TMgrid14setBorderColorEN6System7Uitypes6TColorE
 0005:00000F54       Cologrid.$pdata$_ZN8Cologrid6TMgrid11setOddColorEN6System7Uitypes6TColorE
 0005:00000F60       Cologrid.$pdata$_ZN8Cologrid6TMgrid12setEvencolorEN6System7Uitypes6TColorE
 0005:00000F6C       Cologrid.$pdata$_ZN8Cologrid6TMgrid14AutoInitializeEv
 0005:00000F78       Cologrid.$pdata$_ZN8Cologrid6TMgrid11AutoDestroyEv
 0005:00000F84       Cologrid.$pdata$_ZN8Cologrid6TMgridC3EPN6System7Classes10TComponentE
 0005:00000F9C       Cologrid.$pdata$_ZN8Cologrid6TMgridD0Ev
 0005:00000FA8       Cologrid.$pdata$_ZN8Cologrid6TMgrid6LoadedEv
 0005:00000FB4       Cologrid.$pdata$_ZN8Cologrid6TMgrid5PaintEv
 0005:00000FC0       Cologrid.$pdata$_ZN8Cologrid6TMgrid12DrawCellTextEiiRKN6System5Types5TRectE
 0005:00000FD8       Cologrid.$pdata$_ZN8Cologrid6TMgrid8DrawCellEiiRKN6System5Types5TRectENS1_3SetIN3Vcl5Grids12Vcl_Grids__3ELS9_0ELS9_5EEE
 0005:00000FF0       Cologrid.$pdata$_ZN8Cologrid12FinalizationEv
 0005:00000FFC       Cologrid.$pdata$_ZN8Cologrid14initializationEv
 0005:00001008       OEdit.$pdata$_ZN5Oedit8RegisterEv
 0005:00001014       OEdit.$pdata$_ZN5Oedit8TOvrEditC3EPN6System7Classes10TComponentE
 0005:0000102C       OEdit.$pdata$_ZN5Oedit8TOvrEditD0Ev
 0005:00001038       OEdit.$pdata$_ZN5Oedit8TOvrEdit7KeyDownERtN6System3SetINS2_7Classes17System_Classes__1ELS5_0ELS5_10EEE
 0005:00001044       OEdit.$pdata$_ZN5Oedit8TOvrEdit8KeyPressERw
 0005:00001050       OEdit.$pdata$_ZN5Oedit8TOvrEdit17GetInsertKeyStateEv
 0005:0000105C       OEdit.$pdata$_ZN5Oedit8TOvrEdit6WMCharERN6Winapi8Messages6TWMKeyE
 0005:00001074       OEdit.$pdata$_ZN5Oedit12FinalizationEv
 0005:00001080       OEdit.$pdata$_ZN5Oedit14initializationEv
 0005:0000108C       Console2.$pdata$_ZN8Console23MinEii
 0005:00001098       Console2.$pdata$_ZN8Console23MaxEii
 0005:000010A4       Console2.$pdata$_ZN8Console28ExchangeERPvS1_
 0005:000010B0       Console2.$pdata$_ZN8Console27FillIntEPvji
 0005:000010BC       Console2.$pdata$_ZN8Console211TFixedFont_C3Ev
 0005:000010D4       Console2.$pdata$_ZN8Console211TFixedFont_6AssignEPN6System7Classes11TPersistentE
 0005:000010EC       Console2.$pdata$_ZN8Console211TFixedFont_10SetBkColorEN6System7Uitypes6TColorE
 0005:000010F8       Console2.$pdata$_ZN8Console29TConsole2C3EPN6System7Classes10TComponentE
 0005:00001110       Console2.$pdata$_ZN8Console29TConsole2D0Ev
 0005:0000111C       Console2.$pdata$_ZN8Console29TConsole26LoadedEv
 0005:00001128       Console2.$pdata$_ZN8Console29TConsole212CreateParamsERN3Vcl8Controls13TCreateParamsE
 0005:00001134       Console2.$pdata$_ZN8Console29TConsole226DefaultProcessControlCodesEPcj
 0005:00001140       Console2.$pdata$_ZN8Console29TConsole28WMCreateEPv
 0005:0000114C       Console2.$pdata$_ZN8Console29TConsole212ResizeBufferEv
 0005:00001158       Console2.$pdata$_ZN8Console29TConsole27SetColsEi
 0005:00001164       Console2.$pdata$_ZN8Console29TConsole27SetRowsEi
 0005:00001170       Console2.$pdata$_ZN8Console29TConsole27SetFontEPNS_11TFixedFont_E
 0005:0000117C       Console2.$pdata$_ZN8Console29TConsole211FontChangedEPN6System7TObjectE
 0005:00001194       Console2.$pdata$_ZN8Console29TConsole210SetMetricsERK14tagTEXTMETRICW
 0005:000011A0       Console2.$pdata$_ZN8Console29TConsole218RecalcSizeAndRangeEv
 0005:000011AC       Console2.$pdata$_ZN8Console29TConsole27SetNameEN6System13UnicodeStringE
 0005:000011B8       Console2.$pdata$_ZN8Console29TConsole29ScreenPtrEii
 0005:000011C4       Console2.$pdata$_ZN8Console29TConsole28ShowTextEii
 0005:000011D0       Console2.$pdata$_ZN8Console29TConsole210ShowCursorEv
 0005:000011DC       Console2.$pdata$_ZN8Console29TConsole210HideCursorEv
 0005:000011E8       Console2.$pdata$_ZN8Console29TConsole28CursorToEii
 0005:000011F4       Console2.$pdata$_ZN8Console29TConsole212LazyScrollByEii
 0005:00001200       Console2.$pdata$_ZN8Console29TConsole210CMScrollByERNS_11TCMScrollByE
 0005:0000120C       Console2.$pdata$_ZN8Console29TConsole28ScrollToEii
 0005:00001218       Console2.$pdata$_ZN8Console29TConsole215LazyTrackCursorEv
 0005:00001224       Console2.$pdata$_ZN8Console29TConsole213CMTrackCursorEPv
 0005:00001230       Console2.$pdata$_ZN8Console29TConsole211TrackCursorEv
 0005:0000123C       Console2.$pdata$_ZN8Console29TConsole213SetScrollbarsEv
 0005:00001248       Console2.$pdata$_ZN8Console29TConsole214InternalClrScrEv
 0005:00001254       Console2.$pdata$_ZN8Console29TConsole26ClrScrEv
 0005:00001260       Console2.$pdata$_ZN8Console29TConsole215RecalibrateFontEv
 0005:0000126C       Console2.$pdata$_ZN8Console29TConsole26ClrEolEv
 0005:00001278       Console2.$pdata$_ZN8Console29TConsole210WriteBlockEiiPcj
 0005:00001284       Console2.$pdata$_ZZN8Console29TConsole28WriteBufEPcjE6ReturnPv
 0005:00001290       Console2.$pdata$_ZZN8Console29TConsole28WriteBufEPcjE8LineFeedPv
 0005:0000129C       Console2.$pdata$_ZN8Console29TConsole28WriteBufEPcj
 0005:000012A8       Console2.$pdata$_ZN8Console29TConsole213WriteCodedBufEPcj
 0005:000012B4       Console2.$pdata$_ZN8Console29TConsole29WriteCharEc
 0005:000012C0       Console2.$pdata$_ZN8Console29TConsole211WriteStringEN6System13UnicodeStringE
 0005:000012D8       Console2.$pdata$_ZN8Console29TConsole29WriteFillEiicj
 0005:000012E4       Console2.$pdata$_ZN8Console29TConsole210KeyPressedEv
 0005:000012F0       Console2.$pdata$_ZN8Console29TConsole27ReadKeyEv
 0005:00001308       Console2.$pdata$_ZN8Console29TConsole27ReadBufEPcj
 0005:00001314       Console2.$pdata$_ZN8Console29CrtOutputERN6System8TTextRecE
 0005:00001320       Console2.$pdata$_ZN8Console28CrtInputERN6System8TTextRecE
 0005:0000132C       Console2.$pdata$_ZN8Console28CrtCloseERN6System8TTextRecE
 0005:00001338       Console2.$pdata$_ZN8Console27CrtOpenERN6System8TTextRecE
 0005:00001344       Console2.$pdata$_ZN8Console29TConsole29AssignCrtERN6System8TextfileE
 0005:00001350       Console2.$pdata$_ZN8Console29TConsole210SetOptionsEN6System3SetINS_15TConsole2OptionELS3_0ELS3_7EEE
 0005:0000135C       Console2.$pdata$_ZN8Console29TConsole25PaintEv
 0005:00001368       Console2.$pdata$_ZN8Console29TConsole26WMSizeERN6Winapi8Messages7TWMSizeE
 0005:00001374       Console2.$pdata$_ZZN8Console29TConsole28DoScrollEiiiE9GetNewPosPviii
 0005:00001380       Console2.$pdata$_ZN8Console29TConsole28DoScrollEiii
 0005:0000138C       Console2.$pdata$_ZN8Console29TConsole29WMHScrollERN6Winapi8Messages9TWMScrollE
 0005:00001398       Console2.$pdata$_ZN8Console29TConsole29WMVScrollERN6Winapi8Messages9TWMScrollE
 0005:000013A4       Console2.$pdata$_ZN8Console29TConsole28KeyPressERw
 0005:000013B0       Console2.$pdata$_ZN8Console29TConsole27KeyDownERtN6System3SetINS2_7Classes17System_Classes__1ELS5_0ELS5_10EEE
 0005:000013BC       Console2.$pdata$_ZN8Console29TConsole210WMSetFocusERN6Winapi8Messages11TWMSetFocusE
 0005:000013C8       Console2.$pdata$_ZN8Console29TConsole211WMKillFocusERN6Winapi8Messages12TWMKillFocusE
 0005:000013D4       Console2.$pdata$_ZN8Console29TConsole212WMGetDlgCodeERN6Winapi8Messages11TWMNoParamsE
 0005:000013E0       Console2.$pdata$_ZN8Console29TConsole212WMEraseBkgndERN6Winapi8Messages13TWMEraseBkgndE
 0005:000013EC       Console2.$pdata$_ZN8Console29TConsole211DoCtrlBreakEv
 0005:000013F8       Console2.$pdata$_ZN8Console29TConsole29MouseDownEN6System7Uitypes12TMouseButtonENS1_3SetINS1_7Classes17System_Classes__1ELS6_0ELS6_10EEEii
 0005:00001404       Console2.$pdata$_ZN8Console25TAttrC3EPNS_11TFixedFont_E
 0005:0000141C       Console2.$pdata$_ZN8Console212TAttrManagerC3Ev
 0005:00001434       Console2.$pdata$_ZN8Console212TAttrManagerD0Ev
 0005:00001440       Console2.$pdata$_ZN8Console212TAttrManager8GetCountEv
 0005:0000144C       Console2.$pdata$_ZN8Console212TAttrManager10InFreeListEPv
 0005:00001458       Console2.$pdata$_ZN8Console212TAttrManager14FirstFreeIndexEv
 0005:00001464       Console2.$pdata$_ZN8Console212TAttrManager13NextFreeIndexEPv
 0005:00001470       Console2.$pdata$_ZN8Console212TAttrManager7SetFreeEi
 0005:0000147C       Console2.$pdata$_ZN8Console212TAttrManager10AllocIndexEv
 0005:00001488       Console2.$pdata$_ZN8Console212TAttrManager8AllocateEPNS_11TFixedFont_E
 0005:00001494       Console2.$pdata$_ZN8Console212TAttrManager5ClearEv
 0005:000014A0       Console2.$pdata$_ZN8Console212TAttrManager9ReferenceEii
 0005:000014AC       Console2.$pdata$_ZN8Console212TAttrManager7GetAttrEi
 0005:000014B8       Console2.$pdata$_ZN8Console212TAttrManager7SetAttrEiPNS_5TAttrE
 0005:000014C4       Console2.$pdata$_ZN8Console214TColorConsole2C3EPN6System7Classes10TComponentE
 0005:000014DC       Console2.$pdata$_ZN8Console214TColorConsole2D0Ev
 0005:000014E8       Console2.$pdata$_ZN8Console214TColorConsole28IndexPtrEii
 0005:000014F4       Console2.$pdata$_ZN8Console214TColorConsole212ResizeBufferEv
 0005:0000150C       Console2.$pdata$_ZZN8Console214TColorConsole210SetMetricsERK14tagTEXTMETRICWE5CheckPvii
 0005:00001518       Console2.$pdata$_ZN8Console214TColorConsole210SetMetricsERK14tagTEXTMETRICW
 0005:00001524       Console2.$pdata$_ZN8Console214TColorConsole29WriteFillEiicj
 0005:00001530       Console2.$pdata$_ZZN8Console214TColorConsole28FillAttrEiijE11ReplaceAttrPviPij
 0005:0000153C       Console2.$pdata$_ZN8Console214TColorConsole28FillAttrEiij
 0005:00001548       Console2.$pdata$_ZN8Console214TColorConsole210WriteBlockEiiPcj
 0005:00001554       Console2.$pdata$_ZN8Console214TColorConsole25PaintEv
 0005:00001560       Console2.$pdata$_ZN8Console28RegisterEv
 0005:0000156C       Console2.$pdata$_ZN8Console212FinalizationEv
 0005:00001578       Console2.$pdata$_ZN8Console214initializationEv


Bound resource files

ComDrv32.dcr
zlog_requires.res
HemiBtn.dcr
JLLabel.dcr
zlog_requires.drf


Program entry point at 0001:000000000041A020
